Archive member included to satisfy reference by file (symbol)

.\CortexM3\ARM_GCC_541\Debug\Design01.a(PGA_1.o)
                              .\CortexM3\ARM_GCC_541\Debug\main.o (PGA_1_SetGain)
.\CortexM3\ARM_GCC_541\Debug\Design01.a(CyDmac.o)
                              .\CortexM3\ARM_GCC_541\Debug\Cm3Start.o (CyDmacConfigure)
.\CortexM3\ARM_GCC_541\Debug\Design01.a(CyLib.o)
                              .\CortexM3\ARM_GCC_541\Debug\Cm3Start.o (CyHalt)
.\CortexM3\ARM_GCC_541\Debug\Design01.a(cyPm.o)
                              .\CortexM3\ARM_GCC_541\Debug\Design01.a(CyLib.o) (CyPmReadStatus)
.\CortexM3\ARM_GCC_541\Debug\Design01.a(Filter_1.o)
                              .\CortexM3\ARM_GCC_541\Debug\gestion_hardware.o (Filter_1_Start)
.\CortexM3\ARM_GCC_541\Debug\Design01.a(Filter_1_PVT.o)
                              .\CortexM3\ARM_GCC_541\Debug\Design01.a(Filter_1.o) (Filter_1_SetInterruptMode)
.\CortexM3\ARM_GCC_541\Debug\Design01.a(Filter_1_RAM_Data.o)
                              .\CortexM3\ARM_GCC_541\Debug\Design01.a(Filter_1.o) (Filter_1_cfsm)
.\CortexM3\ARM_GCC_541\Debug\Design01.a(DMA_In_dma.o)
                              .\CortexM3\ARM_GCC_541\Debug\gestion_hardware.o (DMA_In_DmaInitialize)
.\CortexM3\ARM_GCC_541\Debug\Design01.a(isr_dma_done.o)
                              .\CortexM3\ARM_GCC_541\Debug\gestion_hardware.o (isr_dma_done_StartEx)
.\CortexM3\ARM_GCC_541\Debug\Design01.a(DMA_Out_dma.o)
                              .\CortexM3\ARM_GCC_541\Debug\gestion_hardware.o (DMA_Out_DmaInitialize)
.\CortexM3\ARM_GCC_541\Debug\Design01.a(DMA_a_Comp_dma.o)
                              .\CortexM3\ARM_GCC_541\Debug\gestion_hardware.o (DMA_a_Comp_DmaInitialize)
.\CortexM3\ARM_GCC_541\Debug\Design01.a(BIT1.o)
                              .\CortexM3\ARM_GCC_541\Debug\main.o (BIT1_Read)
.\CortexM3\ARM_GCC_541\Debug\Design01.a(BIT2.o)
                              .\CortexM3\ARM_GCC_541\Debug\main.o (BIT2_Read)
.\CortexM3\ARM_GCC_541\Debug\Design01.a(BIT3.o)
                              .\CortexM3\ARM_GCC_541\Debug\main.o (BIT3_Read)
.\CortexM3\ARM_GCC_541\Debug\Design01.a(I2C_1.o)
                              .\CortexM3\ARM_GCC_541\Debug\main.o (I2C_1_Start)
.\CortexM3\ARM_GCC_541\Debug\Design01.a(I2C_1_INT.o)
                              .\CortexM3\ARM_GCC_541\Debug\Design01.a(I2C_1.o) (I2C_1_ISR)
.\CortexM3\ARM_GCC_541\Debug\Design01.a(I2C_1_PM.o)
                              .\CortexM3\ARM_GCC_541\Debug\Design01.a(I2C_1.o) (I2C_1_backup)
.\CortexM3\ARM_GCC_541\Debug\Design01.a(I2C_1_SLAVE.o)
                              .\CortexM3\ARM_GCC_541\Debug\Design01.a(I2C_1.o) (I2C_1_slStatus)
.\CortexM3\ARM_GCC_541\Debug\Design01.a(I2C_1_MASTER.o)
                              .\CortexM3\ARM_GCC_541\Debug\Design01.a(I2C_1.o) (I2C_1_mstrStatus)
.\CortexM3\ARM_GCC_541\Debug\Design01.a(OpAmp_Filtro1.o)
                              .\CortexM3\ARM_GCC_541\Debug\main.o (OpAmp_Filtro1_Start)
.\CortexM3\ARM_GCC_541\Debug\Design01.a(OpAmp_Filtro2.o)
                              .\CortexM3\ARM_GCC_541\Debug\main.o (OpAmp_Filtro2_Start)
.\CortexM3\ARM_GCC_541\Debug\Design01.a(OpAmp_Vref.o)
                              .\CortexM3\ARM_GCC_541\Debug\main.o (OpAmp_Vref_Start)
.\CortexM3\ARM_GCC_541\Debug\Design01.a(ADC_DelSig_1.o)
                              .\CortexM3\ARM_GCC_541\Debug\main.o (ADC_DelSig_1_Start)
.\CortexM3\ARM_GCC_541\Debug\Design01.a(ADC_DelSig_1_INT.o)
                              .\CortexM3\ARM_GCC_541\Debug\Design01.a(ADC_DelSig_1.o) (ADC_DelSig_1_ISR1)
.\CortexM3\ARM_GCC_541\Debug\Design01.a(ADC_DelSig_1_AMux.o)
                              .\CortexM3\ARM_GCC_541\Debug\Design01.a(ADC_DelSig_1.o) (ADC_DelSig_1_AMux_Select)
.\CortexM3\ARM_GCC_541\Debug\Design01.a(ADC_DelSig_1_Ext_CP_Clk.o)
                              .\CortexM3\ARM_GCC_541\Debug\Design01.a(ADC_DelSig_1.o) (ADC_DelSig_1_Ext_CP_Clk_SetModeRegister)
.\CortexM3\ARM_GCC_541\Debug\Design01.a(ADC_DelSig_1_theACLK.o)
                              .\CortexM3\ARM_GCC_541\Debug\Design01.a(ADC_DelSig_1.o) (ADC_DelSig_1_theACLK_SetModeRegister)
.\CortexM3\ARM_GCC_541\Debug\Design01.a(OpAmp_Acoplador.o)
                              .\CortexM3\ARM_GCC_541\Debug\main.o (OpAmp_Acoplador_Start)
.\CortexM3\ARM_GCC_541\Debug\Design01.a(CyBootAsmGnu.o)
                              .\CortexM3\ARM_GCC_541\Debug\cyfitter_cfg.o (CyDelayCycles)
.\CortexM3\ARM_GCC_541\Debug\Design01.a(CyFlash.o)
                              .\CortexM3\ARM_GCC_541\Debug\Design01.a(cyPm.o) (CyFlash_SetWaitCycles)
.\CortexM3\ARM_GCC_541\Debug\Design01.a(CySpc.o)
                              .\CortexM3\ARM_GCC_541\Debug\Design01.a(CyFlash.o) (CySpcStart)
e:/cypress/psoc creator/4.4/psoc creator/import/gnu/arm/5.4.1/bin/../lib/gcc/arm-none-eabi/5.4.1/armv7-m\libgcc.a(_arm_addsubdf3.o)
                              .\CortexM3\ARM_GCC_541\Debug\procesamiento.o (__aeabi_dsub)
[...]
Memory Configuration

Name             Origin             Length             Attributes
rom              0x00000000         0x00040000         xr
ram              0x1fff8000         0x00010000         xrw
*default*        0x00000000         0xffffffff

Linker script and memory map

LOAD e:/cypress/psoc creator/4.4/psoc creator/import/gnu/arm/5.4.1/bin/../lib/gcc/arm-none-eabi/5.4.1/armv7-m/crti.o
LOAD e:/cypress/psoc creator/4.4/psoc creator/import/gnu/arm/5.4.1/bin/../lib/gcc/arm-none-eabi/5.4.1/armv7-m/crtbegin.o
LOAD e:/cypress/psoc creator/4.4/psoc creator/import/gnu/arm/5.4.1/bin/../lib/gcc/arm-none-eabi/5.4.1/../../../../arm-none-eabi/lib/armv7-m/crt0.o
START GROUP
LOAD .\CortexM3\ARM_GCC_541\Debug\main.o
LOAD .\CortexM3\ARM_GCC_541\Debug\coeficientes.o
LOAD .\CortexM3\ARM_GCC_541\Debug\lcd_i2c.o
LOAD .\CortexM3\ARM_GCC_541\Debug\procesamiento.o
LOAD .\CortexM3\ARM_GCC_541\Debug\gestion_hardware.o
LOAD .\CortexM3\ARM_GCC_541\Debug\cyfitter_cfg.o
LOAD .\CortexM3\ARM_GCC_541\Debug\cymetadata.o
LOAD .\CortexM3\ARM_GCC_541\Debug\Cm3Start.o
LOAD .\CortexM3\ARM_GCC_541\Debug\Design01.a
LOAD E:\Cypress\PSoC Creator\4.4\PSoC Creator\psoc\content\cycomponentlibrary\CyComponentLibrary.cylib\CortexM3\ARM_GCC_541\Debug\CyComponentLibrary.a
LOAD e:/cypress/psoc creator/4.4/psoc creator/import/gnu/arm/5.4.1/bin/../lib/gcc/arm-none-eabi/5.4.1/../../../../arm-none-eabi/lib/armv7-m\libm.a
END GROUP
START GROUP
LOAD e:/cypress/psoc creator/4.4/psoc creator/import/gnu/arm/5.4.1/bin/../lib/gcc/arm-none-eabi/5.4.1/armv7-m\libgcc.a
LOAD e:/cypress/psoc creator/4.4/psoc creator/import/gnu/arm/5.4.1/bin/../lib/gcc/arm-none-eabi/5.4.1/../../../../arm-none-eabi/lib/armv7-m\libg_nano.a
LOAD e:/cypress/psoc creator/4.4/psoc creator/import/gnu/arm/5.4.1/bin/../lib/gcc/arm-none-eabi/5.4.1/../../../../arm-none-eabi/lib/armv7-m\libc_nano.a
END GROUP
START GROUP
LOAD e:/cypress/psoc creator/4.4/psoc creator/import/gnu/arm/5.4.1/bin/../lib/gcc/arm-none-eabi/5.4.1/armv7-m\libgcc.a
LOAD e:/cypress/psoc creator/4.4/psoc creator/import/gnu/arm/5.4.1/bin/../lib/gcc/arm-none-eabi/5.4.1/../../../../arm-none-eabi/lib/armv7-m\libc_nano.a
END GROUP
LOAD e:/cypress/psoc creator/4.4/psoc creator/import/gnu/arm/5.4.1/bin/../lib/gcc/arm-none-eabi/5.4.1/armv7-m/crtend.o
LOAD e:/cypress/psoc creator/4.4/psoc creator/import/gnu/arm/5.4.1/bin/../lib/gcc/arm-none-eabi/5.4.1/armv7-m/crtn.o
START GROUP
LOAD e:/cypress/psoc creator/4.4/psoc creator/import/gnu/arm/5.4.1/bin/../lib/gcc/arm-none-eabi/5.4.1/armv7-m\libgcc.a
LOAD e:/cypress/psoc creator/4.4/psoc creator/import/gnu/arm/5.4.1/bin/../lib/gcc/arm-none-eabi/5.4.1/../../../../arm-none-eabi/lib/armv7-m\libc.a
LOAD e:/cypress/psoc creator/4.4/psoc creator/import/gnu/arm/5.4.1/bin/../lib/gcc/arm-none-eabi/5.4.1/../../../../arm-none-eabi/lib/armv7-m\libnosys.a
END GROUP
                0x00000000                CY_APPL_ORIGIN = 0x0
                0x00000100                CY_FLASH_ROW_SIZE = 0x100
                0x00000020                CY_ECC_ROW_SIZE = 0x20
                0x00000000                CY_EE_IN_BTLDR = 0x0
                0x00000000                CY_APPL_LOADABLE = 0x0
                0x00000800                CY_EE_SIZE = 0x800
                0x00000001                CY_APPL_NUM = 0x1
                0x00000001                CY_APPL_MAX = 0x1
                0x00000040                CY_METADATA_SIZE = 0x40
                0x00000000                CY_APPL_LOADABLE = 0x0
                0x00000000                CY_CHECKSUM_EXCLUDE_SIZE = ALIGN (0x0, CY_FLASH_ROW_SIZE)
                [!provide]                PROVIDE (__cy_heap_start, _end)
                0x00000001                PROVIDE (__cy_region_num, ((__cy_regions_end - __cy_regions) / 0x10))
                0x20008000                PROVIDE (__cy_stack, (ORIGIN (ram) + LENGTH (ram)))
                [!provide]                PROVIDE (__cy_heap_end, (__cy_stack - 0x4072))

.cybootloader   0x00000000        0x0
 *(.cybootloader)
                0x00000000                appl1_start = CY_APPL_ORIGIN?CY_APPL_ORIGIN:ALIGN (CY_FLASH_ROW_SIZE)
                0x0001ff00                appl2_start = (appl1_start + ALIGN ((((LENGTH (rom) - appl1_start) - (0x2 * CY_FLASH_ROW_SIZE)) / 0x2), CY_FLASH_ROW_SIZE))
                0x00000000                appl_start = (CY_APPL_NUM == 0x1)?appl1_start:appl2_start
                0x00000000                ecc_offset = ((appl_start / CY_FLASH_ROW_SIZE) * CY_ECC_ROW_SIZE)
                0x00000000                ee_offset = (CY_APPL_LOADABLE && ! (CY_EE_IN_BTLDR))?((CY_EE_SIZE / CY_APPL_MAX) * (CY_APPL_NUM - 0x1)):0x0
                0x00000800                ee_size = (CY_APPL_LOADABLE && ! (CY_EE_IN_BTLDR))?(CY_EE_SIZE / CY_APPL_MAX):CY_EE_SIZE
                [!provide]                PROVIDE (CY_ECC_OFFSET, ecc_offset)

.text           0x00000000     0x54ac
 CREATE_OBJECT_SYMBOLS
                0x00000000                PROVIDE (__cy_interrupt_vector, RomVectors)
 *(.romvectors)
 .romvectors    0x00000000       0x10 .\CortexM3\ARM_GCC_541\Debug\Cm3Start.o
                0x00000000                RomVectors
                0x00000001                ASSERT ((. != __cy_interrupt_vector), No interrupt vector)
                0x00000001                ASSERT (CY_APPL_ORIGIN?(SIZEOF (.cybootloader) <= CY_APPL_ORIGIN):0x1, Wrong image location)
                0x00000010                PROVIDE (__cy_reset, Reset)
 *(.text.Reset)
 .text.Reset    0x00000010       0x18 .\CortexM3\ARM_GCC_541\Debug\Cm3Start.o
                0x00000010                Reset
                0x00000001                ASSERT ((. != __cy_reset), No reset code)
 *(.dma_init)
                0x00000001                ASSERT ((((appl_start + .) <= 0x10000) || 0x1), DMA Init must be within the first 64k of flash)
 *(.text .text.* .gnu.linkonce.t.*)
 .text          0x00000028       0x5c e:/cypress/psoc creator/4.4/psoc creator/import/gnu/arm/5.4.1/bin/../lib/gcc/arm-none-eabi/5.4.1/armv7-m/crtbegin.o
 .text.Actualizar_LCD_Resultado
                0x00000084       0xc8 .\CortexM3\ARM_GCC_541\Debug\main.o
                0x00000084                Actualizar_LCD_Resultado
 .text.main     0x0000014c      0x218 .\CortexM3\ARM_GCC_541\Debug\main.o
                0x0000014c                main
 .text.I2C_WriteByte
                0x00000364       0x18 .\CortexM3\ARM_GCC_541\Debug\lcd_i2c.o
 .text.LCD_WriteNibble
                0x0000037c       0x2c .\CortexM3\ARM_GCC_541\Debug\lcd_i2c.o
 .text.LCD_Send
                0x000003a8       0x1c .\CortexM3\ARM_GCC_541\Debug\lcd_i2c.o
 .text.LCD_Data
                0x000003c4        0xc .\CortexM3\ARM_GCC_541\Debug\lcd_i2c.o
                0x000003c4                LCD_Data
 .text.LCD_Command
                0x000003d0        0xc .\CortexM3\ARM_GCC_541\Debug\lcd_i2c.o
                0x000003d0                LCD_Command
 .text.LCD_Init
                0x000003dc       0x54 .\CortexM3\ARM_GCC_541\Debug\lcd_i2c.o
                0x000003dc                LCD_Init
 .text.LCD_SetCursor
                0x00000430       0x2c .\CortexM3\ARM_GCC_541\Debug\lcd_i2c.o
                0x00000430                LCD_SetCursor
 .text.LCD_Print
                0x0000045c       0x14 .\CortexM3\ARM_GCC_541\Debug\lcd_i2c.o
                0x0000045c                LCD_Print
 .text.LCD_Clear
                0x00000470       0x10 .\CortexM3\ARM_GCC_541\Debug\lcd_i2c.o
                0x00000470                LCD_Clear
 .text.convertToQ32
                0x00000480       0x20 .\CortexM3\ARM_GCC_541\Debug\procesamiento.o
                0x00000480                convertToQ32
 .text.Calcular_Frecuencia_Regresion
                0x000004a0      0x158 .\CortexM3\ARM_GCC_541\Debug\procesamiento.o
                0x000004a0                Calcular_Frecuencia_Regresion
 .text.DMA_Done_ISR
                0x000005f8       0x24 .\CortexM3\ARM_GCC_541\Debug\gestion_hardware.o
                0x000005f8                DMA_Done_ISR
 .text.Hardware_Iniciar
                0x0000061c       0x64 .\CortexM3\ARM_GCC_541\Debug\gestion_hardware.o
                0x0000061c                Hardware_Iniciar
 .text.Hardware_Configurar_Disparar_DMA
                0x00000680       0xc0 .\CortexM3\ARM_GCC_541\Debug\gestion_hardware.o
                0x00000680                Hardware_Configurar_Disparar_DMA
 .text.Hardware_Cargar_Coeficientes
                0x00000740       0x20 .\CortexM3\ARM_GCC_541\Debug\gestion_hardware.o
                0x00000740                Hardware_Cargar_Coeficientes
 .text.Hardware_Reiniciar_Proceso
                0x00000760       0x30 .\CortexM3\ARM_GCC_541\Debug\gestion_hardware.o
                0x00000760                Hardware_Reiniciar_Proceso
 .text.CyClockStartupError
                0x00000790        0x4 .\CortexM3\ARM_GCC_541\Debug\cyfitter_cfg.o
 .text.cfg_write_bytes32
                0x00000794       0x34 .\CortexM3\ARM_GCC_541\Debug\cyfitter_cfg.o
 .text.AnalogSetDefault
                0x000007c8       0x84 .\CortexM3\ARM_GCC_541\Debug\cyfitter_cfg.o
 .text.CYMEMZERO
                0x0000084c        0xc .\CortexM3\ARM_GCC_541\Debug\cyfitter_cfg.o
 .text.CYCONFIGCPY
                0x00000858        0x8 .\CortexM3\ARM_GCC_541\Debug\cyfitter_cfg.o
 .text.ClockSetup
                0x00000860       0xf0 .\CortexM3\ARM_GCC_541\Debug\cyfitter_cfg.o
 .text.ADC_DelSig_1_AMux_Set
                0x00000950       0x1c .\CortexM3\ARM_GCC_541\Debug\cyfitter_cfg.o
                0x00000950                ADC_DelSig_1_AMux_Set
 .text.ADC_DelSig_1_AMux_Unset
                0x0000096c       0x1c .\CortexM3\ARM_GCC_541\Debug\cyfitter_cfg.o
                0x0000096c                ADC_DelSig_1_AMux_Unset
 .text.cyfitter_cfg
                0x00000988      0x130 .\CortexM3\ARM_GCC_541\Debug\cyfitter_cfg.o
                0x00000988                cyfitter_cfg
 .text.IntDefaultHandler
                0x00000ab8       0x10 .\CortexM3\ARM_GCC_541\Debug\Cm3Start.o
                0x00000ab8                IntDefaultHandler
 .text._sbrk    0x00000ac8       0x34 .\CortexM3\ARM_GCC_541\Debug\Cm3Start.o
                0x00000ac8                _sbrk
 .text.Start_c  0x00000afc       0x4c .\CortexM3\ARM_GCC_541\Debug\Cm3Start.o
                0x00000afc                Start_c
 .text.initialize_psoc
                0x00000b48       0x6c .\CortexM3\ARM_GCC_541\Debug\Cm3Start.o
                0x00000b48                initialize_psoc
 .text.PGA_1_Enable
                0x00000bb4       0x28 .\CortexM3\ARM_GCC_541\Debug\Design01.a(PGA_1.o)
                0x00000bb4                PGA_1_Enable
 .text.PGA_1_SetPower
                0x00000bdc       0x18 .\CortexM3\ARM_GCC_541\Debug\Design01.a(PGA_1.o)
                0x00000bdc                PGA_1_SetPower
 .text.PGA_1_SetGain
                0x00000bf4       0x78 .\CortexM3\ARM_GCC_541\Debug\Design01.a(PGA_1.o)
                0x00000bf4                PGA_1_SetGain
 .text.PGA_1_Init
                0x00000c6c       0x30 .\CortexM3\ARM_GCC_541\Debug\Design01.a(PGA_1.o)
                0x00000c6c                PGA_1_Init
 .text.PGA_1_Start
                0x00000c9c       0x1c .\CortexM3\ARM_GCC_541\Debug\Design01.a(PGA_1.o)
                0x00000c9c                PGA_1_Start
 .text.CyDmacConfigure
                0x00000cb8       0x34 .\CortexM3\ARM_GCC_541\Debug\Design01.a(CyDmac.o)
                0x00000cb8                CyDmacConfigure
 .text.CyDmaChEnable
                0x00000cec       0x38 .\CortexM3\ARM_GCC_541\Debug\Design01.a(CyDmac.o)
                0x00000cec                CyDmaChEnable
 .text.CyDmaChDisable
                0x00000d24       0x24 .\CortexM3\ARM_GCC_541\Debug\Design01.a(CyDmac.o)
                0x00000d24                CyDmaChDisable
 .text.CyDmaChPriority
                0x00000d48       0x24 .\CortexM3\ARM_GCC_541\Debug\Design01.a(CyDmac.o)
                0x00000d48                CyDmaChPriority
 .text.CyDmaChSetExtendedAddress
                0x00000d6c       0x34 .\CortexM3\ARM_GCC_541\Debug\Design01.a(CyDmac.o)
                0x00000d6c                CyDmaChSetExtendedAddress
 .text.CyDmaChSetInitialTd
                0x00000da0       0x18 .\CortexM3\ARM_GCC_541\Debug\Design01.a(CyDmac.o)
                0x00000da0                CyDmaChSetInitialTd
 .text.CyDmaChSetRequest
                0x00000db8       0x20 .\CortexM3\ARM_GCC_541\Debug\Design01.a(CyDmac.o)
                0x00000db8                CyDmaChSetRequest
 .text.CyDmaChSetConfiguration
                0x00000dd8       0x44 .\CortexM3\ARM_GCC_541\Debug\Design01.a(CyDmac.o)
                0x00000dd8                CyDmaChSetConfiguration
 .text.CyDmaTdAllocate
                0x00000e1c       0x34 .\CortexM3\ARM_GCC_541\Debug\Design01.a(CyDmac.o)
                0x00000e1c                CyDmaTdAllocate
 .text.CyDmaTdSetConfiguration
                0x00000e50       0x28 .\CortexM3\ARM_GCC_541\Debug\Design01.a(CyDmac.o)
                0x00000e50                CyDmaTdSetConfiguration
 .text.CyDmaTdSetAddress
                0x00000e78       0x1c .\CortexM3\ARM_GCC_541\Debug\Design01.a(CyDmac.o)
                0x00000e78                CyDmaTdSetAddress
 .text.CyHalt   0x00000e94        0x4 .\CortexM3\ARM_GCC_541\Debug\Design01.a(CyLib.o)
                0x00000e94                CyHalt
 .text.CyDelay  0x00000e98       0x2c .\CortexM3\ARM_GCC_541\Debug\Design01.a(CyLib.o)
                0x00000e98                CyDelay
 .text.CyDelayUs
                0x00000ec4       0x14 .\CortexM3\ARM_GCC_541\Debug\Design01.a(CyLib.o)
                0x00000ec4                CyDelayUs
 .text.CyIntSetVector
                0x00000ed8       0x28 .\CortexM3\ARM_GCC_541\Debug\Design01.a(CyLib.o)
                0x00000ed8                CyIntSetVector
 .text.CyIntSetPriority
                0x00000f00       0x30 .\CortexM3\ARM_GCC_541\Debug\Design01.a(CyLib.o)
                0x00000f00                CyIntSetPriority
 .text.Filter_1_Init
                0x00000f30       0xcc .\CortexM3\ARM_GCC_541\Debug\Design01.a(Filter_1.o)
                0x00000f30                Filter_1_Init
 .text.Filter_1_Enable
                0x00000ffc       0x28 .\CortexM3\ARM_GCC_541\Debug\Design01.a(Filter_1.o)
                0x00000ffc                Filter_1_Enable
 .text.Filter_1_Start
                0x00001024       0x1c .\CortexM3\ARM_GCC_541\Debug\Design01.a(Filter_1.o)
                0x00001024                Filter_1_Start
 .text.Filter_1_SetInterruptMode
                0x00001040       0x10 .\CortexM3\ARM_GCC_541\Debug\Design01.a(Filter_1_PVT.o)
                0x00001040                Filter_1_SetInterruptMode
 .text.Filter_1_SetDMAMode
                0x00001050       0x10 .\CortexM3\ARM_GCC_541\Debug\Design01.a(Filter_1_PVT.o)
                0x00001050                Filter_1_SetDMAMode
 .text.DMA_In_DmaInitialize
                0x00001060       0x3c .\CortexM3\ARM_GCC_541\Debug\Design01.a(DMA_In_dma.o)
                0x00001060                DMA_In_DmaInitialize
 .text.isr_dma_done_SetVector
                0x0000109c        0xc .\CortexM3\ARM_GCC_541\Debug\Design01.a(isr_dma_done.o)
                0x0000109c                isr_dma_done_SetVector
 .text.isr_dma_done_SetPriority
                0x000010a8       0x10 .\CortexM3\ARM_GCC_541\Debug\Design01.a(isr_dma_done.o)
                0x000010a8                isr_dma_done_SetPriority
 .text.isr_dma_done_Enable
                0x000010b8        0xc .\CortexM3\ARM_GCC_541\Debug\Design01.a(isr_dma_done.o)
                0x000010b8                isr_dma_done_Enable
 .text.isr_dma_done_Disable
                0x000010c4        0xc .\CortexM3\ARM_GCC_541\Debug\Design01.a(isr_dma_done.o)
                0x000010c4                isr_dma_done_Disable
 .text.isr_dma_done_StartEx
                0x000010d0       0x1c .\CortexM3\ARM_GCC_541\Debug\Design01.a(isr_dma_done.o)
                0x000010d0                isr_dma_done_StartEx
 .text.isr_dma_done_ClearPending
                0x000010ec        0xc .\CortexM3\ARM_GCC_541\Debug\Design01.a(isr_dma_done.o)
                0x000010ec                isr_dma_done_ClearPending
 .text.DMA_Out_DmaInitialize
                0x000010f8       0x3c .\CortexM3\ARM_GCC_541\Debug\Design01.a(DMA_Out_dma.o)
                0x000010f8                DMA_Out_DmaInitialize
 .text.DMA_a_Comp_DmaInitialize
                0x00001134       0x3c .\CortexM3\ARM_GCC_541\Debug\Design01.a(DMA_a_Comp_dma.o)
                0x00001134                DMA_a_Comp_DmaInitialize
 .text.BIT1_Read
                0x00001170        0xc .\CortexM3\ARM_GCC_541\Debug\Design01.a(BIT1.o)
                0x00001170                BIT1_Read
 .text.BIT2_Read
                0x0000117c       0x10 .\CortexM3\ARM_GCC_541\Debug\Design01.a(BIT2.o)
                0x0000117c                BIT2_Read
 .text.BIT3_Read
                0x0000118c       0x10 .\CortexM3\ARM_GCC_541\Debug\Design01.a(BIT3.o)
                0x0000118c                BIT3_Read
 .text.I2C_1_Init
                0x0000119c       0x88 .\CortexM3\ARM_GCC_541\Debug\Design01.a(I2C_1.o)
                0x0000119c                I2C_1_Init
 .text.I2C_1_Enable
                0x00001224       0x24 .\CortexM3\ARM_GCC_541\Debug\Design01.a(I2C_1.o)
                0x00001224                I2C_1_Enable
 .text.I2C_1_Start
                0x00001248       0x28 .\CortexM3\ARM_GCC_541\Debug\Design01.a(I2C_1.o)
                0x00001248                I2C_1_Start
 .text.I2C_1_ISR
                0x00001270      0x530 .\CortexM3\ARM_GCC_541\Debug\Design01.a(I2C_1_INT.o)
                0x00001270                I2C_1_ISR
 .text.I2C_1_SlaveSetAddress
                0x000017a0       0x10 .\CortexM3\ARM_GCC_541\Debug\Design01.a(I2C_1_SLAVE.o)
                0x000017a0                I2C_1_SlaveSetAddress
 .text.I2C_1_MasterSendStart
                0x000017b0       0xc0 .\CortexM3\ARM_GCC_541\Debug\Design01.a(I2C_1_MASTER.o)
                0x000017b0                I2C_1_MasterSendStart
 .text.I2C_1_MasterSendStop
                0x00001870       0x4c .\CortexM3\ARM_GCC_541\Debug\Design01.a(I2C_1_MASTER.o)
                0x00001870                I2C_1_MasterSendStop
 .text.I2C_1_MasterWriteByte
                0x000018bc       0x70 .\CortexM3\ARM_GCC_541\Debug\Design01.a(I2C_1_MASTER.o)
                0x000018bc                I2C_1_MasterWriteByte
 .text.OpAmp_Filtro1_Enable
                0x0000192c       0x28 .\CortexM3\ARM_GCC_541\Debug\Design01.a(OpAmp_Filtro1.o)
                0x0000192c                OpAmp_Filtro1_Enable
 .text.OpAmp_Filtro1_SetPower
                0x00001954       0x1c .\CortexM3\ARM_GCC_541\Debug\Design01.a(OpAmp_Filtro1.o)
                0x00001954                OpAmp_Filtro1_SetPower
 .text.OpAmp_Filtro1_Init
                0x00001970        0xc .\CortexM3\ARM_GCC_541\Debug\Design01.a(OpAmp_Filtro1.o)
                0x00001970                OpAmp_Filtro1_Init
 .text.OpAmp_Filtro1_Start
                0x0000197c       0x1c .\CortexM3\ARM_GCC_541\Debug\Design01.a(OpAmp_Filtro1.o)
                0x0000197c                OpAmp_Filtro1_Start
 .text.OpAmp_Filtro2_Enable
                0x00001998       0x28 .\CortexM3\ARM_GCC_541\Debug\Design01.a(OpAmp_Filtro2.o)
                0x00001998                OpAmp_Filtro2_Enable
 .text.OpAmp_Filtro2_SetPower
                0x000019c0       0x1c .\CortexM3\ARM_GCC_541\Debug\Design01.a(OpAmp_Filtro2.o)
                0x000019c0                OpAmp_Filtro2_SetPower
 .text.OpAmp_Filtro2_Init
                0x000019dc        0xc .\CortexM3\ARM_GCC_541\Debug\Design01.a(OpAmp_Filtro2.o)
                0x000019dc                OpAmp_Filtro2_Init
 .text.OpAmp_Filtro2_Start
                0x000019e8       0x1c .\CortexM3\ARM_GCC_541\Debug\Design01.a(OpAmp_Filtro2.o)
                0x000019e8                OpAmp_Filtro2_Start
 .text.OpAmp_Vref_Enable
                0x00001a04       0x28 .\CortexM3\ARM_GCC_541\Debug\Design01.a(OpAmp_Vref.o)
                0x00001a04                OpAmp_Vref_Enable
 .text.OpAmp_Vref_SetPower
                0x00001a2c       0x1c .\CortexM3\ARM_GCC_541\Debug\Design01.a(OpAmp_Vref.o)
                0x00001a2c                OpAmp_Vref_SetPower
 .text.OpAmp_Vref_Init
                0x00001a48        0xc .\CortexM3\ARM_GCC_541\Debug\Design01.a(OpAmp_Vref.o)
                0x00001a48                OpAmp_Vref_Init
 .text.OpAmp_Vref_Start
                0x00001a54       0x1c .\CortexM3\ARM_GCC_541\Debug\Design01.a(OpAmp_Vref.o)
                0x00001a54                OpAmp_Vref_Start
 .text.ADC_DelSig_1_GainCompensation
                0x00001a70       0xe0 .\CortexM3\ARM_GCC_541\Debug\Design01.a(ADC_DelSig_1.o)
 .text.ADC_DelSig_1_SetDSMRef0Reg
                0x00001b50       0x4c .\CortexM3\ARM_GCC_541\Debug\Design01.a(ADC_DelSig_1.o)
 .text.ADC_DelSig_1_InitConfig
                0x00001b9c      0x334 .\CortexM3\ARM_GCC_541\Debug\Design01.a(ADC_DelSig_1.o)
 .text.ADC_DelSig_1_Init
                0x00001ed0      0x108 .\CortexM3\ARM_GCC_541\Debug\Design01.a(ADC_DelSig_1.o)
                0x00001ed0                ADC_DelSig_1_Init
 .text.ADC_DelSig_1_Enable
                0x00001fd8       0xd8 .\CortexM3\ARM_GCC_541\Debug\Design01.a(ADC_DelSig_1.o)
                0x00001fd8                ADC_DelSig_1_Enable
 .text.ADC_DelSig_1_Start
                0x000020b0       0x28 .\CortexM3\ARM_GCC_541\Debug\Design01.a(ADC_DelSig_1.o)
                0x000020b0                ADC_DelSig_1_Start
 .text.ADC_DelSig_1_StartConvert
                0x000020d8       0x10 .\CortexM3\ARM_GCC_541\Debug\Design01.a(ADC_DelSig_1.o)
                0x000020d8                ADC_DelSig_1_StartConvert
 .text.ADC_DelSig_1_IsEndConversion
                0x000020e8       0x30 .\CortexM3\ARM_GCC_541\Debug\Design01.a(ADC_DelSig_1.o)
                0x000020e8                ADC_DelSig_1_IsEndConversion
 .text.ADC_DelSig_1_GetResult16
                0x00002118       0x50 .\CortexM3\ARM_GCC_541\Debug\Design01.a(ADC_DelSig_1.o)
                0x00002118                ADC_DelSig_1_GetResult16
 .text.ADC_DelSig_1_ISR1
                0x00002168        0x4 .\CortexM3\ARM_GCC_541\Debug\Design01.a(ADC_DelSig_1_INT.o)
                0x00002168                ADC_DelSig_1_ISR1
 .text.ADC_DelSig_1_ISR2
                0x0000216c        0x4 .\CortexM3\ARM_GCC_541\Debug\Design01.a(ADC_DelSig_1_INT.o)
                0x0000216c                ADC_DelSig_1_ISR2
 .text.ADC_DelSig_1_ISR3
                0x00002170        0x4 .\CortexM3\ARM_GCC_541\Debug\Design01.a(ADC_DelSig_1_INT.o)
                0x00002170                ADC_DelSig_1_ISR3
 .text.ADC_DelSig_1_ISR4
                0x00002174        0x4 .\CortexM3\ARM_GCC_541\Debug\Design01.a(ADC_DelSig_1_INT.o)
                0x00002174                ADC_DelSig_1_ISR4
 .text.ADC_DelSig_1_AMux_Start
                0x00002178       0x20 .\CortexM3\ARM_GCC_541\Debug\Design01.a(ADC_DelSig_1_AMux.o)
                0x00002178                ADC_DelSig_1_AMux_Start
 .text.ADC_DelSig_1_AMux_Select
                0x00002198       0x18 .\CortexM3\ARM_GCC_541\Debug\Design01.a(ADC_DelSig_1_AMux.o)
                0x00002198                ADC_DelSig_1_AMux_Select
 .text.ADC_DelSig_1_Ext_CP_Clk_GetDividerRegister
                0x000021b0        0xc .\CortexM3\ARM_GCC_541\Debug\Design01.a(ADC_DelSig_1_Ext_CP_Clk.o)
                0x000021b0                ADC_DelSig_1_Ext_CP_Clk_GetDividerRegister
 .text.ADC_DelSig_1_Ext_CP_Clk_SetModeRegister
                0x000021bc       0x14 .\CortexM3\ARM_GCC_541\Debug\Design01.a(ADC_DelSig_1_Ext_CP_Clk.o)
                0x000021bc                ADC_DelSig_1_Ext_CP_Clk_SetModeRegister
 .text.ADC_DelSig_1_Ext_CP_Clk_GetSourceRegister
                0x000021d0       0x10 .\CortexM3\ARM_GCC_541\Debug\Design01.a(ADC_DelSig_1_Ext_CP_Clk.o)
                0x000021d0                ADC_DelSig_1_Ext_CP_Clk_GetSourceRegister
 .text.ADC_DelSig_1_Ext_CP_Clk_SetDividerRegister
                0x000021e0       0xd8 .\CortexM3\ARM_GCC_541\Debug\Design01.a(ADC_DelSig_1_Ext_CP_Clk.o)
                0x000021e0                ADC_DelSig_1_Ext_CP_Clk_SetDividerRegister
 .text.ADC_DelSig_1_theACLK_GetDividerRegister
                0x000022b8        0xc .\CortexM3\ARM_GCC_541\Debug\Design01.a(ADC_DelSig_1_theACLK.o)
                0x000022b8                ADC_DelSig_1_theACLK_GetDividerRegister
 .text.ADC_DelSig_1_theACLK_SetModeRegister
                0x000022c4       0x14 .\CortexM3\ARM_GCC_541\Debug\Design01.a(ADC_DelSig_1_theACLK.o)
                0x000022c4                ADC_DelSig_1_theACLK_SetModeRegister
 .text.ADC_DelSig_1_theACLK_GetSourceRegister
                0x000022d8       0x10 .\CortexM3\ARM_GCC_541\Debug\Design01.a(ADC_DelSig_1_theACLK.o)
                0x000022d8                ADC_DelSig_1_theACLK_GetSourceRegister
 .text.ADC_DelSig_1_theACLK_SetDividerRegister
                0x000022e8       0xd8 .\CortexM3\ARM_GCC_541\Debug\Design01.a(ADC_DelSig_1_theACLK.o)
                0x000022e8                ADC_DelSig_1_theACLK_SetDividerRegister
 .text.OpAmp_Acoplador_Enable
                0x000023c0       0x28 .\CortexM3\ARM_GCC_541\Debug\Design01.a(OpAmp_Acoplador.o)
                0x000023c0                OpAmp_Acoplador_Enable
 .text.OpAmp_Acoplador_SetPower
                0x000023e8       0x1c .\CortexM3\ARM_GCC_541\Debug\Design01.a(OpAmp_Acoplador.o)
                0x000023e8                OpAmp_Acoplador_SetPower
 .text.OpAmp_Acoplador_Init
                0x00002404        0xc .\CortexM3\ARM_GCC_541\Debug\Design01.a(OpAmp_Acoplador.o)
                0x00002404                OpAmp_Acoplador_Init
 .text.OpAmp_Acoplador_Start
                0x00002410       0x1c .\CortexM3\ARM_GCC_541\Debug\Design01.a(OpAmp_Acoplador.o)
                0x00002410                OpAmp_Acoplador_Start
 *fill*         0x0000242c        0x4 
 .text          0x00002430       0x20 .\CortexM3\ARM_GCC_541\Debug\Design01.a(CyBootAsmGnu.o)
                0x00002430                CyDelayCycles
                0x00002440                CyEnterCriticalSection
                0x00002448                CyExitCriticalSection
 .text          0x00002450      0x370 e:/cypress/psoc creator/4.4/psoc creator/import/gnu/arm/5.4.1/bin/../lib/gcc/arm-none-eabi/5.4.1/armv7-m\libgcc.a(_arm_addsubdf3.o)
                0x00002450                __aeabi_drsub
                0x00002458                __aeabi_dsub
                0x00002458                __subdf3
                0x0000245c                __aeabi_dadd
                0x0000245c                __adddf3
                0x000026d4                __floatunsidf
                0x000026d4                __aeabi_ui2d
                0x000026f4                __floatsidf
                0x000026f4                __aeabi_i2d
                0x00002718                __aeabi_f2d
                0x00002718                __extendsfdf2
                0x00002754                __floatundidf
                0x00002754                __aeabi_ul2d
                0x00002764                __floatdidf
                0x00002764                __aeabi_l2d
 .text          0x000027c0      0x424 e:/cypress/psoc creator/4.4/psoc creator/import/gnu/arm/5.4.1/bin/../lib/gcc/arm-none-eabi/5.4.1/armv7-m\libgcc.a(_arm_muldivdf3.o)
                0x000027c0                __aeabi_dmul
                0x000027c0                __muldf3
                0x00002a14                __divdf3
                0x00002a14                __aeabi_ddiv
 .text          0x00002be4      0x110 e:/cypress/psoc creator/4.4/psoc creator/import/gnu/arm/5.4.1/bin/../lib/gcc/arm-none-eabi/5.4.1/armv7-m\libgcc.a(_arm_cmpdf2.o)
                0x00002be4                __gtdf2
                0x00002be4                __gedf2
                0x00002bec                __ltdf2
                0x00002bec                __ledf2
                0x00002bf4                __nedf2
                0x00002bf4                __eqdf2
                0x00002bf4                __cmpdf2
                0x00002c70                __aeabi_cdrcmple
                0x00002c80                __aeabi_cdcmpeq
                0x00002c80                __aeabi_cdcmple
                0x00002c90                __aeabi_dcmpeq
                0x00002ca4                __aeabi_dcmplt
                0x00002cb8                __aeabi_dcmple
                0x00002ccc                __aeabi_dcmpge
                0x00002ce0                __aeabi_dcmpgt
 .text          0x00002cf4       0xa0 e:/cypress/psoc creator/4.4/psoc creator/import/gnu/arm/5.4.1/bin/../lib/gcc/arm-none-eabi/5.4.1/armv7-m\libgcc.a(_arm_truncdfsf2.o)
                0x00002cf4                __truncdfsf2
                0x00002cf4                __aeabi_d2f
 .text          0x00002d94      0x21c e:/cypress/psoc creator/4.4/psoc creator/import/gnu/arm/5.4.1/bin/../lib/gcc/arm-none-eabi/5.4.1/armv7-m\libgcc.a(_arm_addsubsf3.o)
                0x00002d94                __aeabi_frsub
                0x00002d9c                __subsf3
                0x00002d9c                __aeabi_fsub
                0x00002da0                __aeabi_fadd
                0x00002da0                __addsf3
                0x00002f00                __aeabi_ui2f
                0x00002f00                __floatunsisf
                0x00002f08                __aeabi_i2f
                0x00002f08                __floatsisf
                0x00002f24                __aeabi_ul2f
                0x00002f24                __floatundisf
                0x00002f34                __aeabi_l2f
                0x00002f34                __floatdisf
 .text          0x00002fb0      0x2a0 e:/cypress/psoc creator/4.4/psoc creator/import/gnu/arm/5.4.1/bin/../lib/gcc/arm-none-eabi/5.4.1/armv7-m\libgcc.a(_arm_muldivsf3.o)
                0x00002fb0                __mulsf3
                0x00002fb0                __aeabi_fmul
                0x00003118                __aeabi_fdiv
                0x00003118                __divsf3
 .text          0x00003250       0xec e:/cypress/psoc creator/4.4/psoc creator/import/gnu/arm/5.4.1/bin/../lib/gcc/arm-none-eabi/5.4.1/armv7-m\libgcc.a(_arm_cmpsf2.o)
                0x00003250                __gesf2
                0x00003250                __gtsf2
                0x00003258                __lesf2
                0x00003258                __ltsf2
                0x00003260                __nesf2
                0x00003260                __eqsf2
                0x00003260                __cmpsf2
                0x000032c0                __aeabi_cfrcmple
                0x000032c8                __aeabi_cfcmpeq
                0x000032c8                __aeabi_cfcmple
                0x000032d8                __aeabi_fcmpeq
                0x000032ec                __aeabi_fcmplt
                0x00003300                __aeabi_fcmple
                0x00003314                __aeabi_fcmpge
                0x00003328                __aeabi_fcmpgt
 .text          0x0000333c       0x4c e:/cypress/psoc creator/4.4/psoc creator/import/gnu/arm/5.4.1/bin/../lib/gcc/arm-none-eabi/5.4.1/armv7-m\libgcc.a(_arm_fixsfsi.o)
                0x0000333c                __aeabi_f2iz
                0x0000333c                __fixsfsi
 .text.__errno  0x00003388        0xc e:/cypress/psoc creator/4.4/psoc creator/import/gnu/arm/5.4.1/bin/../lib/gcc/arm-none-eabi/5.4.1/../../../../arm-none-eabi/lib/armv7-m\libg_nano.a(lib_a-errno.o)
                0x00003388                __errno
 .text.__libc_init_array
                0x00003394       0x4c e:/cypress/psoc creator/4.4/psoc creator/import/gnu/arm/5.4.1/bin/../lib/gcc/arm-none-eabi/5.4.1/../../../../arm-none-eabi/lib/armv7-m\libg_nano.a(lib_a-init.o)
                0x00003394                __libc_init_array
 .text.memcpy   0x000033e0       0x16 e:/cypress/psoc creator/4.4/psoc creator/import/gnu/arm/5.4.1/bin/../lib/gcc/arm-none-eabi/5.4.1/../../../../arm-none-eabi/lib/armv7-m\libg_nano.a(lib_a-memcpy-stub.o)
                0x000033e0                memcpy
 .text.memset   0x000033f6       0x10 e:/cypress/psoc creator/4.4/psoc creator/import/gnu/arm/5.4.1/bin/../lib/gcc/arm-none-eabi/5.4.1/../../../../arm-none-eabi/lib/armv7-m\libg_nano.a(lib_a-memset.o)
                0x000033f6                memset
 .text.__cvt    0x00003406       0xc0 e:/cypress/psoc creator/4.4/psoc creator/import/gnu/arm/5.4.1/bin/../lib/gcc/arm-none-eabi/5.4.1/../../../../arm-none-eabi/lib/armv7-m\libg_nano.a(lib_a-nano-vfprintf_float.o)
                0x00003406                __cvt
 .text.__exponent
                0x000034c6       0x62 e:/cypress/psoc creator/4.4/psoc creator/import/gnu/arm/5.4.1/bin/../lib/gcc/arm-none-eabi/5.4.1/../../../../arm-none-eabi/lib/armv7-m\libg_nano.a(lib_a-nano-vfprintf_float.o)
                0x000034c6                __exponent
 .text._printf_float
                0x00003528      0x488 e:/cypress/psoc creator/4.4/psoc creator/import/gnu/arm/5.4.1/bin/../lib/gcc/arm-none-eabi/5.4.1/../../../../arm-none-eabi/lib/armv7-m\libg_nano.a(lib_a-nano-vfprintf_float.o)
                0x00003528                _printf_float
 .text._printf_common
                0x000039b0       0xec e:/cypress/psoc creator/4.4/psoc creator/import/gnu/arm/5.4.1/bin/../lib/gcc/arm-none-eabi/5.4.1/../../../../arm-none-eabi/lib/armv7-m\libg_nano.a(lib_a-nano-vfprintf_i.o)
                0x000039b0                _printf_common
 .text._printf_i
                0x00003a9c      0x24c e:/cypress/psoc creator/4.4/psoc creator/import/gnu/arm/5.4.1/bin/../lib/gcc/arm-none-eabi/5.4.1/../../../../arm-none-eabi/lib/armv7-m\libg_nano.a(lib_a-nano-vfprintf_i.o)
                0x00003a9c                _printf_i
 .text.sprintf  0x00003ce8       0x48 e:/cypress/psoc creator/4.4/psoc creator/import/gnu/arm/5.4.1/bin/../lib/gcc/arm-none-eabi/5.4.1/../../../../arm-none-eabi/lib/armv7-m\libg_nano.a(lib_a-sprintf.o)
                0x00003ce8                siprintf
                0x00003ce8                sprintf
 .text          0x00003d30       0x10 e:/cypress/psoc creator/4.4/psoc creator/import/gnu/arm/5.4.1/bin/../lib/gcc/arm-none-eabi/5.4.1/../../../../arm-none-eabi/lib/armv7-m\libg_nano.a(lib_a-strlen.o)
                0x00003d30                strlen
 .text.quorem   0x00003d40      0x116 e:/cypress/psoc creator/4.4/psoc creator/import/gnu/arm/5.4.1/bin/../lib/gcc/arm-none-eabi/5.4.1/../../../../arm-none-eabi/lib/armv7-m\libg_nano.a(lib_a-dtoa.o)
 *fill*         0x00003e56        0x2 
 .text._dtoa_r  0x00003e58      0xb30 e:/cypress/psoc creator/4.4/psoc creator/import/gnu/arm/5.4.1/bin/../lib/gcc/arm-none-eabi/5.4.1/../../../../arm-none-eabi/lib/armv7-m\libg_nano.a(lib_a-dtoa.o)
                0x00003e58                _dtoa_r
 .text._localeconv_r
                0x00004988        0x8 e:/cypress/psoc creator/4.4/psoc creator/import/gnu/arm/5.4.1/bin/../lib/gcc/arm-none-eabi/5.4.1/../../../../arm-none-eabi/lib/armv7-m\libg_nano.a(lib_a-locale.o)
                0x00004988                _localeconv_r
 .text.malloc   0x00004990       0x10 e:/cypress/psoc creator/4.4/psoc creator/import/gnu/arm/5.4.1/bin/../lib/gcc/arm-none-eabi/5.4.1/../../../../arm-none-eabi/lib/armv7-m\libg_nano.a(lib_a-malloc.o)
                0x00004990                malloc
 .text.memchr   0x000049a0       0x1c e:/cypress/psoc creator/4.4/psoc creator/import/gnu/arm/5.4.1/bin/../lib/gcc/arm-none-eabi/5.4.1/../../../../arm-none-eabi/lib/armv7-m\libg_nano.a(lib_a-memchr-stub.o)
                0x000049a0                memchr
 .text._Balloc  0x000049bc       0x6a e:/cypress/psoc creator/4.4/psoc creator/import/gnu/arm/5.4.1/bin/../lib/gcc/arm-none-eabi/5.4.1/../../../../arm-none-eabi/lib/armv7-m\libg_nano.a(lib_a-mprec.o)
                0x000049bc                _Balloc
 .text._Bfree   0x00004a26       0x2e e:/cypress/psoc creator/4.4/psoc creator/import/gnu/arm/5.4.1/bin/../lib/gcc/arm-none-eabi/5.4.1/../../../../arm-none-eabi/lib/armv7-m\libg_nano.a(lib_a-mprec.o)
                0x00004a26                _Bfree
 .text.__multadd
                0x00004a54       0x76 e:/cypress/psoc creator/4.4/psoc creator/import/gnu/arm/5.4.1/bin/../lib/gcc/arm-none-eabi/5.4.1/../../../../arm-none-eabi/lib/armv7-m\libg_nano.a(lib_a-mprec.o)
                0x00004a54                __multadd
 .text.__hi0bits
                0x00004aca       0x40 e:/cypress/psoc creator/4.4/psoc creator/import/gnu/arm/5.4.1/bin/../lib/gcc/arm-none-eabi/5.4.1/../../../../arm-none-eabi/lib/armv7-m\libg_nano.a(lib_a-mprec.o)
                0x00004aca                __hi0bits
 .text.__lo0bits
                0x00004b0a       0x5a e:/cypress/psoc creator/4.4/psoc creator/import/gnu/arm/5.4.1/bin/../lib/gcc/arm-none-eabi/5.4.1/../../../../arm-none-eabi/lib/armv7-m\libg_nano.a(lib_a-mprec.o)
                0x00004b0a                __lo0bits
 .text.__i2b    0x00004b64       0x12 e:/cypress/psoc creator/4.4/psoc creator/import/gnu/arm/5.4.1/bin/../lib/gcc/arm-none-eabi/5.4.1/../../../../arm-none-eabi/lib/armv7-m\libg_nano.a(lib_a-mprec.o)
                0x00004b64                __i2b
 .text.__multiply
                0x00004b76      0x120 e:/cypress/psoc creator/4.4/psoc creator/import/gnu/arm/5.4.1/bin/../lib/gcc/arm-none-eabi/5.4.1/../../../../arm-none-eabi/lib/armv7-m\libg_nano.a(lib_a-mprec.o)
                0x00004b76                __multiply
 *fill*         0x00004c96        0x2 
 .text.__pow5mult
                0x00004c98       0x9c e:/cypress/psoc creator/4.4/psoc creator/import/gnu/arm/5.4.1/bin/../lib/gcc/arm-none-eabi/5.4.1/../../../../arm-none-eabi/lib/armv7-m\libg_nano.a(lib_a-mprec.o)
                0x00004c98                __pow5mult
 .text.__lshift
                0x00004d34       0xa2 e:/cypress/psoc creator/4.4/psoc creator/import/gnu/arm/5.4.1/bin/../lib/gcc/arm-none-eabi/5.4.1/../../../../arm-none-eabi/lib/armv7-m\libg_nano.a(lib_a-mprec.o)
                0x00004d34                __lshift
 .text.__mcmp   0x00004dd6       0x38 e:/cypress/psoc creator/4.4/psoc creator/import/gnu/arm/5.4.1/bin/../lib/gcc/arm-none-eabi/5.4.1/../../../../arm-none-eabi/lib/armv7-m\libg_nano.a(lib_a-mprec.o)
                0x00004dd6                __mcmp
 .text.__mdiff  0x00004e0e       0xbe e:/cypress/psoc creator/4.4/psoc creator/import/gnu/arm/5.4.1/bin/../lib/gcc/arm-none-eabi/5.4.1/../../../../arm-none-eabi/lib/armv7-m\libg_nano.a(lib_a-mprec.o)
                0x00004e0e                __mdiff
 .text.__d2b    0x00004ecc       0x9c e:/cypress/psoc creator/4.4/psoc creator/import/gnu/arm/5.4.1/bin/../lib/gcc/arm-none-eabi/5.4.1/../../../../arm-none-eabi/lib/armv7-m\libg_nano.a(lib_a-mprec.o)
                0x00004ecc                __d2b
 .text._calloc_r
                0x00004f68       0x1c e:/cypress/psoc creator/4.4/psoc creator/import/gnu/arm/5.4.1/bin/../lib/gcc/arm-none-eabi/5.4.1/../../../../arm-none-eabi/lib/armv7-m\libg_nano.a(lib_a-nano-callocr.o)
                0x00004f68                _calloc_r
 .text._free_r  0x00004f84       0x98 e:/cypress/psoc creator/4.4/psoc creator/import/gnu/arm/5.4.1/bin/../lib/gcc/arm-none-eabi/5.4.1/../../../../arm-none-eabi/lib/armv7-m\libg_nano.a(lib_a-nano-freer.o)
                0x00004f84                _free_r
 .text._malloc_r
                0x0000501c       0xbc e:/cypress/psoc creator/4.4/psoc creator/import/gnu/arm/5.4.1/bin/../lib/gcc/arm-none-eabi/5.4.1/../../../../arm-none-eabi/lib/armv7-m\libg_nano.a(lib_a-nano-mallocr.o)
                0x0000501c                _malloc_r
 .text.__ssputs_r
                0x000050d8       0xb2 e:/cypress/psoc creator/4.4/psoc creator/import/gnu/arm/5.4.1/bin/../lib/gcc/arm-none-eabi/5.4.1/../../../../arm-none-eabi/lib/armv7-m\libg_nano.a(lib_a-nano-svfprintf.o)
                0x000050d8                __ssputs_r
 *fill*         0x0000518a        0x2 
 .text._svfprintf_r
                0x0000518c      0x1e8 e:/cypress/psoc creator/4.4/psoc creator/import/gnu/arm/5.4.1/bin/../lib/gcc/arm-none-eabi/5.4.1/../../../../arm-none-eabi/lib/armv7-m\libg_nano.a(lib_a-nano-svfprintf.o)
                0x0000518c                _svfiprintf_r
                0x0000518c                _svfprintf_r
 .text._sbrk_r  0x00005374       0x20 e:/cypress/psoc creator/4.4/psoc creator/import/gnu/arm/5.4.1/bin/../lib/gcc/arm-none-eabi/5.4.1/../../../../arm-none-eabi/lib/armv7-m\libg_nano.a(lib_a-sbrkr.o)
                0x00005374                _sbrk_r
 .text.memmove  0x00005394       0x36 e:/cypress/psoc creator/4.4/psoc creator/import/gnu/arm/5.4.1/bin/../lib/gcc/arm-none-eabi/5.4.1/../../../../arm-none-eabi/lib/armv7-m\libg_nano.a(lib_a-memmove.o)
                0x00005394                memmove
 .text.__malloc_lock
                0x000053ca        0x2 e:/cypress/psoc creator/4.4/psoc creator/import/gnu/arm/5.4.1/bin/../lib/gcc/arm-none-eabi/5.4.1/../../../../arm-none-eabi/lib/armv7-m\libg_nano.a(lib_a-mlock.o)
                0x000053ca                __malloc_lock
 .text.__malloc_unlock
                0x000053cc        0x2 e:/cypress/psoc creator/4.4/psoc creator/import/gnu/arm/5.4.1/bin/../lib/gcc/arm-none-eabi/5.4.1/../../../../arm-none-eabi/lib/armv7-m\libg_nano.a(lib_a-mlock.o)
                0x000053cc                __malloc_unlock
 .text._realloc_r
                0x000053ce       0x4c e:/cypress/psoc creator/4.4/psoc creator/import/gnu/arm/5.4.1/bin/../lib/gcc/arm-none-eabi/5.4.1/../../../../arm-none-eabi/lib/armv7-m\libg_nano.a(lib_a-nano-reallocr.o)
                0x000053ce                _realloc_r
 .text._malloc_usable_size_r
                0x0000541a       0x14 e:/cypress/psoc creator/4.4/psoc creator/import/gnu/arm/5.4.1/bin/../lib/gcc/arm-none-eabi/5.4.1/../../../../arm-none-eabi/lib/armv7-m\libg_nano.a(lib_a-nano-msizer.o)
                0x0000541a                _malloc_usable_size_r
 *fill*         0x0000542e        0x2 
 .text          0x00005430       0x2c e:/cypress/psoc creator/4.4/psoc creator/import/gnu/arm/5.4.1/bin/../lib/gcc/arm-none-eabi/5.4.1/armv7-m\libgcc.a(_arm_unorddf2.o)
                0x00005430                __unorddf2
                0x00005430                __aeabi_dcmpun
 .text          0x0000545c       0x50 e:/cypress/psoc creator/4.4/psoc creator/import/gnu/arm/5.4.1/bin/../lib/gcc/arm-none-eabi/5.4.1/armv7-m\libgcc.a(_arm_fixdfsi.o)
                0x0000545c                __aeabi_d2iz
                0x0000545c                __fixdfsi
 *(.plt)
 *(.gnu.warning)
 *(.glue_7t)
 .glue_7t       0x000054ac        0x0 linker stubs
 *(.glue_7)
 .glue_7        0x000054ac        0x0 linker stubs
 *(.vfp11_veneer)
 .vfp11_veneer  0x000054ac        0x0 linker stubs
 *(.bootloader)
 *(.ARM.extab* .gnu.linkonce.armextab.*)
 *(.gcc_except_table)

.v4_bx          0x000054ac        0x0
 .v4_bx         0x000054ac        0x0 linker stubs

.iplt           0x000054ac        0x0
 .iplt          0x000054ac        0x0 e:/cypress/psoc creator/4.4/psoc creator/import/gnu/arm/5.4.1/bin/../lib/gcc/arm-none-eabi/5.4.1/armv7-m/crtbegin.o

.eh_frame_hdr
 *(.eh_frame_hdr)

.eh_frame       0x000054ac        0x4
 *(.eh_frame)
 .eh_frame      0x000054ac        0x0 e:/cypress/psoc creator/4.4/psoc creator/import/gnu/arm/5.4.1/bin/../lib/gcc/arm-none-eabi/5.4.1/armv7-m/crtbegin.o
 .eh_frame      0x000054ac        0x4 e:/cypress/psoc creator/4.4/psoc creator/import/gnu/arm/5.4.1/bin/../lib/gcc/arm-none-eabi/5.4.1/armv7-m/crtend.o
                [!provide]                PROVIDE (__exidx_start, .)

.ARM.exidx
 *(.ARM.exidx* .gnu.linkonce.armexidx.*)
                0x000054b0                __exidx_end = .

.rodata         0x000054b0     0x1060
 *(.rodata .rodata.* .gnu.linkonce.r.*)
 .rodata.str1.4
                0x000054b0       0x98 .\CortexM3\ARM_GCC_541\Debug\main.o
                                 0x95 (size before relaxing)
 .rodata        0x00005548      0x798 .\CortexM3\ARM_GCC_541\Debug\coeficientes.o
                0x00005548                COEFFS_330
                0x0000568c                COEFFS_246_94
                0x000057d0                COEFFS_196
                0x00005914                COEFFS_146_83
                0x00005a58                COEFFS_110
                0x00005b9c                COEFFS_82_4
 .rodata        0x00005ce0        0x4 .\CortexM3\ARM_GCC_541\Debug\lcd_i2c.o
 .rodata        0x00005ce4       0x3c .\CortexM3\ARM_GCC_541\Debug\cyfitter_cfg.o
                0x00005ce4                ADC_DelSig_1_AMux__addrTable
                0x00005cec                ADC_DelSig_1_AMux__maskTable
 .rodata        0x00005d20       0x15 .\CortexM3\ARM_GCC_541\Debug\Design01.a(PGA_1.o)
 *fill*         0x00005d35        0x3 
 .rodata        0x00005d38      0x640 .\CortexM3\ARM_GCC_541\Debug\Design01.a(Filter_1_RAM_Data.o)
                0x00005d38                Filter_1_cfsm
                0x00005e38                Filter_1_acu
                0x00005e78                Filter_1_data_b
                0x00006078                Filter_1_data_a
                0x00006278                Filter_1_control
 .rodata.str1.1
                0x00006378        0x2 e:/cypress/psoc creator/4.4/psoc creator/import/gnu/arm/5.4.1/bin/../lib/gcc/arm-none-eabi/5.4.1/../../../../arm-none-eabi/lib/armv7-m\libg_nano.a(lib_a-impure.o)
 .rodata.str1.1
                0x0000637a       0x12 e:/cypress/psoc creator/4.4/psoc creator/import/gnu/arm/5.4.1/bin/../lib/gcc/arm-none-eabi/5.4.1/../../../../arm-none-eabi/lib/armv7-m\libg_nano.a(lib_a-nano-vfprintf_float.o)
 .rodata.str1.1
                0x0000638c       0x22 e:/cypress/psoc creator/4.4/psoc creator/import/gnu/arm/5.4.1/bin/../lib/gcc/arm-none-eabi/5.4.1/../../../../arm-none-eabi/lib/armv7-m\libg_nano.a(lib_a-nano-vfprintf_i.o)
 .rodata.str1.1
                0x000063ae        0xd e:/cypress/psoc creator/4.4/psoc creator/import/gnu/arm/5.4.1/bin/../lib/gcc/arm-none-eabi/5.4.1/../../../../arm-none-eabi/lib/armv7-m\libg_nano.a(lib_a-dtoa.o)
                                  0xf (size before relaxing)
 .rodata.str1.1
                0x000063bb        0x8 e:/cypress/psoc creator/4.4/psoc creator/import/gnu/arm/5.4.1/bin/../lib/gcc/arm-none-eabi/5.4.1/../../../../arm-none-eabi/lib/armv7-m\libg_nano.a(lib_a-locale.o)
                                  0xb (size before relaxing)
 *fill*         0x000063c3        0x5 
 .rodata.__mprec_tens
                0x000063c8       0xc8 e:/cypress/psoc creator/4.4/psoc creator/import/gnu/arm/5.4.1/bin/../lib/gcc/arm-none-eabi/5.4.1/../../../../arm-none-eabi/lib/armv7-m\libg_nano.a(lib_a-mprec.o)
                0x000063c8                __mprec_tens
 .rodata.p05.5408
                0x00006490        0xc e:/cypress/psoc creator/4.4/psoc creator/import/gnu/arm/5.4.1/bin/../lib/gcc/arm-none-eabi/5.4.1/../../../../arm-none-eabi/lib/armv7-m\libg_nano.a(lib_a-mprec.o)
 *fill*         0x0000649c        0x4 
 .rodata.__mprec_bigtens
                0x000064a0       0x28 e:/cypress/psoc creator/4.4/psoc creator/import/gnu/arm/5.4.1/bin/../lib/gcc/arm-none-eabi/5.4.1/../../../../arm-none-eabi/lib/armv7-m\libg_nano.a(lib_a-mprec.o)
                0x000064a0                __mprec_bigtens
 .rodata.str1.1
                0x000064c8       0x11 e:/cypress/psoc creator/4.4/psoc creator/import/gnu/arm/5.4.1/bin/../lib/gcc/arm-none-eabi/5.4.1/../../../../arm-none-eabi/lib/armv7-m\libg_nano.a(lib_a-nano-svfprintf.o)
                0x000064dc                . = ALIGN (0x4)
 *fill*         0x000064d9        0x3 
 *(.init)
 .init          0x000064dc        0x4 e:/cypress/psoc creator/4.4/psoc creator/import/gnu/arm/5.4.1/bin/../lib/gcc/arm-none-eabi/5.4.1/armv7-m/crti.o
                0x000064dc                _init
 .init          0x000064e0        0x8 e:/cypress/psoc creator/4.4/psoc creator/import/gnu/arm/5.4.1/bin/../lib/gcc/arm-none-eabi/5.4.1/armv7-m/crtn.o
                0x000064e8                . = ALIGN (0x4)
                0x000064e8                __preinit_array_start = .
 *(.preinit_array)
                0x000064e8                __preinit_array_end = .
                0x000064e8                . = ALIGN (0x4)
                0x000064e8                __init_array_start = .
 *(SORT(.init_array.*))
 *(.init_array)
 .init_array    0x000064e8        0x4 e:/cypress/psoc creator/4.4/psoc creator/import/gnu/arm/5.4.1/bin/../lib/gcc/arm-none-eabi/5.4.1/armv7-m/crtbegin.o
 .init_array    0x000064ec        0x4 .\CortexM3\ARM_GCC_541\Debug\Cm3Start.o
                0x000064f0                __init_array_end = .
                0x000064f0                . = ALIGN (0x4)
 *(.fini)
 .fini          0x000064f0        0x4 e:/cypress/psoc creator/4.4/psoc creator/import/gnu/arm/5.4.1/bin/../lib/gcc/arm-none-eabi/5.4.1/armv7-m/crti.o
                0x000064f0                _fini
 .fini          0x000064f4        0x8 e:/cypress/psoc creator/4.4/psoc creator/import/gnu/arm/5.4.1/bin/../lib/gcc/arm-none-eabi/5.4.1/armv7-m/crtn.o
                0x000064fc                . = ALIGN (0x4)
                0x000064fc                __fini_array_start = .
 *(.fini_array)
 .fini_array    0x000064fc        0x4 e:/cypress/psoc creator/4.4/psoc creator/import/gnu/arm/5.4.1/bin/../lib/gcc/arm-none-eabi/5.4.1/armv7-m/crtbegin.o
 *(SORT(.fini_array.*))
                0x00006500                __fini_array_end = .
                0x00006500                . = ALIGN (0x4)
 *crtbegin.o(.ctors)
 *(EXCLUDE_FILE(*crtend.o) .ctors)
 *(SORT(.ctors.*))
 *crtend.o(.ctors)
                0x00006500                . = ALIGN (0x4)
 *crtbegin.o(.dtors)
 *(EXCLUDE_FILE(*crtend.o) .dtors)
 *(SORT(.dtors.*))
 *crtend.o(.dtors)
                0x00006500                . = ALIGN (0x4)
                0x00006500                __cy_regions = .
                0x00006500        0x4 LONG 0x6510 __cy_region_init_ram
                0x00006504        0x4 LONG 0x1fff80c8 __cy_region_start_data
                0x00006508        0x4 LONG 0xc8 __cy_region_init_size_ram
                0x0000650c        0x4 LONG 0x24a8 __cy_region_zero_size_ram
                0x00006510                __cy_regions_end = .
                0x00006510                . = ALIGN (0x8)
                0x00006510                _etext = .

.cy_checksum_exclude
                0x00006510        0x0
 *(.cy_checksum_exclude)

.ramvectors     0x1fff8000       0xc0
                0x1fff8000                __cy_region_start_ram = .
 *(.ramvectors)
 .ramvectors    0x1fff8000       0xc0 .\CortexM3\ARM_GCC_541\Debug\Cm3Start.o
                0x1fff8000                CyRamVectors

.noinit         0x1fff80c0        0x1
 *(.noinit)
 .noinit        0x1fff80c0        0x1 .\CortexM3\ARM_GCC_541\Debug\Design01.a(CyLib.o)
                0x1fff80c0                CyResetStatus

.data           0x1fff80c8       0xc8 load address 0x00006510
                0x1fff80c8                __cy_region_start_data = .
 *(.jcr)
 .jcr           0x1fff80c8        0x0 e:/cypress/psoc creator/4.4/psoc creator/import/gnu/arm/5.4.1/bin/../lib/gcc/arm-none-eabi/5.4.1/armv7-m/crtbegin.o
 .jcr           0x1fff80c8        0x4 e:/cypress/psoc creator/4.4/psoc creator/import/gnu/arm/5.4.1/bin/../lib/gcc/arm-none-eabi/5.4.1/armv7-m/crtend.o
 *(.got.plt)
 *(.got)
 *(.shdata)
 *(.data .data.* .gnu.linkonce.d.*)
 .data          0x1fff80cc        0x4 .\CortexM3\ARM_GCC_541\Debug\Cm3Start.o
 .data          0x1fff80d0        0x8 .\CortexM3\ARM_GCC_541\Debug\Design01.a(CyDmac.o)
 .data          0x1fff80d8       0x10 .\CortexM3\ARM_GCC_541\Debug\Design01.a(CyLib.o)
                0x1fff80d8                cydelay_32k_ms
                0x1fff80dc                cydelay_freq_khz
                0x1fff80e0                cydelay_freq_mhz
                0x1fff80e4                cydelay_freq_hz
 .data          0x1fff80e8        0x1 .\CortexM3\ARM_GCC_541\Debug\Design01.a(DMA_In_dma.o)
                0x1fff80e8                DMA_In_DmaHandle
 .data          0x1fff80e9        0x1 .\CortexM3\ARM_GCC_541\Debug\Design01.a(DMA_Out_dma.o)
                0x1fff80e9                DMA_Out_DmaHandle
 .data          0x1fff80ea        0x1 .\CortexM3\ARM_GCC_541\Debug\Design01.a(DMA_a_Comp_dma.o)
                0x1fff80ea                DMA_a_Comp_DmaHandle
 .data          0x1fff80eb        0x1 .\CortexM3\ARM_GCC_541\Debug\Design01.a(ADC_DelSig_1.o)
                0x1fff80eb                ADC_DelSig_1_Config
 .data          0x1fff80ec        0x1 .\CortexM3\ARM_GCC_541\Debug\Design01.a(ADC_DelSig_1_AMux.o)
 *fill*         0x1fff80ed        0x3 
 .data.impure_data
                0x1fff80f0       0x60 e:/cypress/psoc creator/4.4/psoc creator/import/gnu/arm/5.4.1/bin/../lib/gcc/arm-none-eabi/5.4.1/../../../../arm-none-eabi/lib/armv7-m\libg_nano.a(lib_a-impure.o)
 .data._impure_ptr
                0x1fff8150        0x4 e:/cypress/psoc creator/4.4/psoc creator/import/gnu/arm/5.4.1/bin/../lib/gcc/arm-none-eabi/5.4.1/../../../../arm-none-eabi/lib/armv7-m\libg_nano.a(lib_a-impure.o)
                0x1fff8150                _impure_ptr
 .data.lconv    0x1fff8154       0x38 e:/cypress/psoc creator/4.4/psoc creator/import/gnu/arm/5.4.1/bin/../lib/gcc/arm-none-eabi/5.4.1/../../../../arm-none-eabi/lib/armv7-m\libg_nano.a(lib_a-locale.o)
                0x1fff8190                . = ALIGN (0x8)
 *fill*         0x1fff818c        0x4 
 *(.ram)
                0x1fff8190                _edata = .

.igot.plt       0x1fff8190        0x0 load address 0x000065d8
 .igot.plt      0x1fff8190        0x0 e:/cypress/psoc creator/4.4/psoc creator/import/gnu/arm/5.4.1/bin/../lib/gcc/arm-none-eabi/5.4.1/armv7-m/crtbegin.o

.bss            0x1fff8190     0x24a8 load address 0x000065d8
                0x1fff8190                PROVIDE (__bss_start__, .)
 *(.shbss)
 *(.bss .bss.* .gnu.linkonce.b.*)
 .bss           0x1fff8190       0x1c e:/cypress/psoc creator/4.4/psoc creator/import/gnu/arm/5.4.1/bin/../lib/gcc/arm-none-eabi/5.4.1/armv7-m/crtbegin.o
 .bss           0x1fff81ac     0x100c .\CortexM3\ARM_GCC_541\Debug\main.o
                0x1fff81ac                cuerda_actual
                0x1fff81b0                freq_objetivo
                0x1fff81b4                y_entrada
                0x1fff91b4                freq_calculada
 .bss           0x1fff91b8        0xd .\CortexM3\ARM_GCC_541\Debug\gestion_hardware.o
                0x1fff91bb                dma_transfer_complete
 .bss           0x1fff91c5        0x1 .\CortexM3\ARM_GCC_541\Debug\Design01.a(PGA_1.o)
                0x1fff91c5                PGA_1_initVar
 .bss           0x1fff91c6        0x1 .\CortexM3\ARM_GCC_541\Debug\Design01.a(Filter_1.o)
                0x1fff91c6                Filter_1_initVar
 .bss           0x1fff91c7        0x1 .\CortexM3\ARM_GCC_541\Debug\Design01.a(I2C_1.o)
                0x1fff91c7                I2C_1_initVar
 .bss           0x1fff91c8        0x1 .\CortexM3\ARM_GCC_541\Debug\Design01.a(OpAmp_Filtro1.o)
                0x1fff91c8                OpAmp_Filtro1_initVar
 .bss           0x1fff91c9        0x1 .\CortexM3\ARM_GCC_541\Debug\Design01.a(OpAmp_Filtro2.o)
                0x1fff91c9                OpAmp_Filtro2_initVar
 .bss           0x1fff91ca        0x1 .\CortexM3\ARM_GCC_541\Debug\Design01.a(OpAmp_Vref.o)
                0x1fff91ca                OpAmp_Vref_initVar
 *fill*         0x1fff91cb        0x1 
 .bss           0x1fff91cc       0x18 .\CortexM3\ARM_GCC_541\Debug\Design01.a(ADC_DelSig_1.o)
                0x1fff91dc                ADC_DelSig_1_stopConversion
                0x1fff91dd                ADC_DelSig_1_convDone
                0x1fff91de                ADC_DelSig_1_initVar
                0x1fff91df                ADC_DelSig_1_started
                0x1fff91e0                ADC_DelSig_1_Offset
 .bss           0x1fff91e4        0x1 .\CortexM3\ARM_GCC_541\Debug\Design01.a(OpAmp_Acoplador.o)
                0x1fff91e4                OpAmp_Acoplador_initVar
 *fill*         0x1fff91e5        0x3 
 .bss.__malloc_sbrk_start
                0x1fff91e8        0x4 e:/cypress/psoc creator/4.4/psoc creator/import/gnu/arm/5.4.1/bin/../lib/gcc/arm-none-eabi/5.4.1/../../../../arm-none-eabi/lib/armv7-m\libg_nano.a(lib_a-nano-mallocr.o)
                0x1fff91e8                __malloc_sbrk_start
 .bss.__malloc_free_list
                0x1fff91ec        0x4 e:/cypress/psoc creator/4.4/psoc creator/import/gnu/arm/5.4.1/bin/../lib/gcc/arm-none-eabi/5.4.1/../../../../arm-none-eabi/lib/armv7-m\libg_nano.a(lib_a-nano-mallocr.o)
                0x1fff91ec                __malloc_free_list
 *(COMMON)
 COMMON         0x1fff91f0       0x14 .\CortexM3\ARM_GCC_541\Debug\main.o
                0x1fff91f0                buffer_LCD
 COMMON         0x1fff9204     0x1400 .\CortexM3\ARM_GCC_541\Debug\gestion_hardware.o
                0x1fff9204                y_salida_pulsos_hw
                0x1fff9604                y_entrada_q32
 COMMON         0x1fffa604        0x1 .\CortexM3\ARM_GCC_541\Debug\Design01.a(I2C_1.o)
                0x1fffa604                I2C_1_state
 *fill*         0x1fffa605        0x3 
 COMMON         0x1fffa608       0x11 .\CortexM3\ARM_GCC_541\Debug\Design01.a(I2C_1_SLAVE.o)
                0x1fffa608                I2C_1_slRdBufIndex
                0x1fffa609                I2C_1_slStatus
                0x1fffa60a                I2C_1_slWrBufSize
                0x1fffa60c                I2C_1_slRdBufPtr
                0x1fffa610                I2C_1_slWrBufIndex
                0x1fffa614                I2C_1_slWrBufPtr
                0x1fffa618                I2C_1_slRdBufSize
 *fill*         0x1fffa619        0x3 
 COMMON         0x1fffa61c       0x11 .\CortexM3\ARM_GCC_541\Debug\Design01.a(I2C_1_MASTER.o)
                0x1fffa61c                I2C_1_mstrWrBufIndex
                0x1fffa61d                I2C_1_mstrControl
                0x1fffa61e                I2C_1_mstrStatus
                0x1fffa61f                I2C_1_mstrWrBufSize
                0x1fffa620                I2C_1_mstrRdBufIndex
                0x1fffa624                I2C_1_mstrWrBufPtr
                0x1fffa628                I2C_1_mstrRdBufPtr
                0x1fffa62c                I2C_1_mstrRdBufSize
 *fill*         0x1fffa62d        0x3 
 COMMON         0x1fffa630        0x4 .\CortexM3\ARM_GCC_541\Debug\Design01.a(ADC_DelSig_1.o)
                0x1fffa630                ADC_DelSig_1_CountsPerVolt
 COMMON         0x1fffa634        0x4 e:/cypress/psoc creator/4.4/psoc creator/import/gnu/arm/5.4.1/bin/../lib/gcc/arm-none-eabi/5.4.1/../../../../arm-none-eabi/lib/armv7-m\libg_nano.a(lib_a-reent.o)
                0x1fffa634                errno
                0x1fffa638                . = ALIGN (0x8)
 *(.ram.b)
                0x1fffa638                _end = .
                0x1fffa638                __end = .
                0x1fffa638                PROVIDE (end, .)
                0x1fffa638                PROVIDE (__bss_end__, .)
                0x00006510                __cy_region_init_ram = LOADADDR (.data)
                0x000000c8                __cy_region_init_size_ram = (_edata - ADDR (.data))
                0x000024a8                __cy_region_zero_size_ram = (_end - _edata)

.heap           0x1fffa638     0x4072 load address 0x000065d8
                0x1fffa638                . = _end
                0x1fffe6aa                . = (. + 0x4072)
 *fill*         0x1fffa638     0x4072 
                0x1fffe6aa                __cy_heap_limit = .

.stack          0x20003f8e     0x4072
                0x20003f8e                __cy_stack_limit = .
                0x20008000                . = (. + 0x4072)
 *fill*         0x20003f8e     0x4072 
                0x00000001                ASSERT ((__cy_stack_limit >= __cy_heap_limit), region RAM overflowed with stack)
                0x00000000                cy_checksum_exclude_size = (CY_APPL_LOADABLE == 0x1)?SIZEOF (.cy_checksum_exclude):0x0
                0x00000001                ASSERT ((cy_checksum_exclude_size <= CY_CHECKSUM_EXCLUDE_SIZE), CY_BOOT: Section .cy_checksum_exclude size exceedes specified limit.)

.cyloadermeta
 *(.cyloadermeta)

.cyloadablemeta
 *(.cyloadablemeta)

.cyconfigecc    0x80000000      0x194
 *(.cyconfigecc)
 .cyconfigecc   0x80000000      0x194 .\CortexM3\ARM_GCC_541\Debug\cymetadata.o
                0x80000000                cy_meta_configecc

.cycustnvl      0x90000000        0x4
 *(.cycustnvl)
 .cycustnvl     0x90000000        0x4 .\CortexM3\ARM_GCC_541\Debug\cymetadata.o
                0x90000000                cy_meta_custnvl

.cywolatch      0x90100000        0x4
 *(.cywolatch)
 .cywolatch     0x90100000        0x4 .\CortexM3\ARM_GCC_541\Debug\cymetadata.o
                0x90100000                cy_meta_wonvl

.cyeeprom       0x90200000        0x0
 *(.cyeeprom)
                0x00000001                ASSERT ((. <= ((0x90200000 + ee_offset) + ee_size)), .cyeeprom data will not fit in EEPROM)

.cyflashprotect
                0x90400000      0x100
 *(.cyflashprotect)
 .cyflashprotect
                0x90400000      0x100 .\CortexM3\ARM_GCC_541\Debug\cymetadata.o
                0x90400000                cy_meta_flashprotect

.cymeta         0x90500000        0xc
 *(.cymeta)
 .cymeta        0x90500000        0xc .\CortexM3\ARM_GCC_541\Debug\cymetadata.o
                0x90500000                cy_metadata

.rel.dyn        0x000065d8        0x0 load address 0x9050000c
 .rel.iplt      0x000065d8        0x0 e:/cypress/psoc creator/4.4/psoc creator/import/gnu/arm/5.4.1/bin/../lib/gcc/arm-none-eabi/5.4.1/armv7-m/crtbegin.o

.stab
 *(.stab)

.stabstr
 *(.stabstr)

.debug
 *(.debug)

.line
 *(.line)

.debug_srcinfo
 *(.debug_srcinfo)

.debug_sfnames
 *(.debug_sfnames)

.debug_aranges  0x00000000      0xe68
 *(.debug_aranges)
 .debug_aranges
                0x00000000       0x28 .\CortexM3\ARM_GCC_541\Debug\main.o
 .debug_aranges
                0x00000028       0x18 .\CortexM3\ARM_GCC_541\Debug\coeficientes.o
 .debug_aranges
                0x00000040       0x60 .\CortexM3\ARM_GCC_541\Debug\lcd_i2c.o
 .debug_aranges
                0x000000a0       0x28 .\CortexM3\ARM_GCC_541\Debug\procesamiento.o
 .debug_aranges
                0x000000c8       0x40 .\CortexM3\ARM_GCC_541\Debug\gestion_hardware.o
 .debug_aranges
                0x00000108       0x68 .\CortexM3\ARM_GCC_541\Debug\cyfitter_cfg.o
 .debug_aranges
                0x00000170       0x18 .\CortexM3\ARM_GCC_541\Debug\cymetadata.o
 .debug_aranges
                0x00000188       0x48 .\CortexM3\ARM_GCC_541\Debug\Cm3Start.o
 .debug_aranges
                0x000001d0       0x48 .\CortexM3\ARM_GCC_541\Debug\Design01.a(PGA_1.o)
 .debug_aranges
                0x00000218       0xd8 .\CortexM3\ARM_GCC_541\Debug\Design01.a(CyDmac.o)
 .debug_aranges
                0x000002f0      0x2a0 .\CortexM3\ARM_GCC_541\Debug\Design01.a(CyLib.o)
 .debug_aranges
                0x00000590       0x98 .\CortexM3\ARM_GCC_541\Debug\Design01.a(cyPm.o)
 .debug_aranges
                0x00000628       0x80 .\CortexM3\ARM_GCC_541\Debug\Design01.a(Filter_1.o)
 .debug_aranges
                0x000006a8       0x28 .\CortexM3\ARM_GCC_541\Debug\Design01.a(Filter_1_PVT.o)
 .debug_aranges
                0x000006d0       0x18 .\CortexM3\ARM_GCC_541\Debug\Design01.a(Filter_1_RAM_Data.o)
 .debug_aranges
                0x000006e8       0x28 .\CortexM3\ARM_GCC_541\Debug\Design01.a(DMA_In_dma.o)
 .debug_aranges
                0x00000710       0x80 .\CortexM3\ARM_GCC_541\Debug\Design01.a(isr_dma_done.o)
 .debug_aranges
                0x00000790       0x28 .\CortexM3\ARM_GCC_541\Debug\Design01.a(DMA_Out_dma.o)
 .debug_aranges
                0x000007b8       0x28 .\CortexM3\ARM_GCC_541\Debug\Design01.a(DMA_a_Comp_dma.o)
 .debug_aranges
                0x000007e0       0x38 .\CortexM3\ARM_GCC_541\Debug\Design01.a(BIT1.o)
 .debug_aranges
                0x00000818       0x38 .\CortexM3\ARM_GCC_541\Debug\Design01.a(BIT2.o)
 .debug_aranges
                0x00000850       0x38 .\CortexM3\ARM_GCC_541\Debug\Design01.a(BIT3.o)
 .debug_aranges
                0x00000888       0x38 .\CortexM3\ARM_GCC_541\Debug\Design01.a(I2C_1.o)
 .debug_aranges
                0x000008c0       0x20 .\CortexM3\ARM_GCC_541\Debug\Design01.a(I2C_1_INT.o)
 .debug_aranges
                0x000008e0       0x38 .\CortexM3\ARM_GCC_541\Debug\Design01.a(I2C_1_PM.o)
 .debug_aranges
                0x00000918       0x68 .\CortexM3\ARM_GCC_541\Debug\Design01.a(I2C_1_SLAVE.o)
 .debug_aranges
                0x00000980       0x80 .\CortexM3\ARM_GCC_541\Debug\Design01.a(I2C_1_MASTER.o)
 .debug_aranges
                0x00000a00       0x40 .\CortexM3\ARM_GCC_541\Debug\Design01.a(OpAmp_Filtro1.o)
 .debug_aranges
                0x00000a40       0x40 .\CortexM3\ARM_GCC_541\Debug\Design01.a(OpAmp_Filtro2.o)
 .debug_aranges
                0x00000a80       0x40 .\CortexM3\ARM_GCC_541\Debug\Design01.a(OpAmp_Vref.o)
 .debug_aranges
                0x00000ac0       0xe8 .\CortexM3\ARM_GCC_541\Debug\Design01.a(ADC_DelSig_1.o)
 .debug_aranges
                0x00000ba8       0x38 .\CortexM3\ARM_GCC_541\Debug\Design01.a(ADC_DelSig_1_INT.o)
 .debug_aranges
                0x00000be0       0x30 .\CortexM3\ARM_GCC_541\Debug\Design01.a(ADC_DelSig_1_AMux.o)
 .debug_aranges
                0x00000c10       0x70 .\CortexM3\ARM_GCC_541\Debug\Design01.a(ADC_DelSig_1_Ext_CP_Clk.o)
 .debug_aranges
                0x00000c80       0x80 .\CortexM3\ARM_GCC_541\Debug\Design01.a(ADC_DelSig_1_theACLK.o)
 .debug_aranges
                0x00000d00       0x40 .\CortexM3\ARM_GCC_541\Debug\Design01.a(OpAmp_Acoplador.o)
 .debug_aranges
                0x00000d40       0x20 .\CortexM3\ARM_GCC_541\Debug\Design01.a(CyBootAsmGnu.o)
 .debug_aranges
                0x00000d60       0x88 .\CortexM3\ARM_GCC_541\Debug\Design01.a(CyFlash.o)
 .debug_aranges
                0x00000de8       0x80 .\CortexM3\ARM_GCC_541\Debug\Design01.a(CySpc.o)

.debug_pubnames
 *(.debug_pubnames)

.debug_info     0x00000000     0x8e98
 *(.debug_info .gnu.linkonce.wi.*)
 .debug_info    0x00000000      0x78b .\CortexM3\ARM_GCC_541\Debug\main.o
 .debug_info    0x0000078b      0x158 .\CortexM3\ARM_GCC_541\Debug\coeficientes.o
 .debug_info    0x000008e3      0x4c7 .\CortexM3\ARM_GCC_541\Debug\lcd_i2c.o
 .debug_info    0x00000daa      0x281 .\CortexM3\ARM_GCC_541\Debug\procesamiento.o
 .debug_info    0x0000102b      0x5c7 .\CortexM3\ARM_GCC_541\Debug\gestion_hardware.o
 .debug_info    0x000015f2      0x64b .\CortexM3\ARM_GCC_541\Debug\cyfitter_cfg.o
 .debug_info    0x00001c3d      0x135 .\CortexM3\ARM_GCC_541\Debug\cymetadata.o
 .debug_info    0x00001d72      0x3cf .\CortexM3\ARM_GCC_541\Debug\Cm3Start.o
 .debug_info    0x00002141      0x1d3 .\CortexM3\ARM_GCC_541\Debug\Design01.a(PGA_1.o)
 .debug_info    0x00002314      0x94e .\CortexM3\ARM_GCC_541\Debug\Design01.a(CyDmac.o)
 .debug_info    0x00002c62     0x1374 .\CortexM3\ARM_GCC_541\Debug\Design01.a(CyLib.o)
 .debug_info    0x00003fd6      0xa2a .\CortexM3\ARM_GCC_541\Debug\Design01.a(cyPm.o)
 .debug_info    0x00004a00      0x4b3 .\CortexM3\ARM_GCC_541\Debug\Design01.a(Filter_1.o)
 .debug_info    0x00004eb3       0xf2 .\CortexM3\ARM_GCC_541\Debug\Design01.a(Filter_1_PVT.o)
 .debug_info    0x00004fa5      0x137 .\CortexM3\ARM_GCC_541\Debug\Design01.a(Filter_1_RAM_Data.o)
 .debug_info    0x000050dc      0x1a7 .\CortexM3\ARM_GCC_541\Debug\Design01.a(DMA_In_dma.o)
 .debug_info    0x00005283      0x2d2 .\CortexM3\ARM_GCC_541\Debug\Design01.a(isr_dma_done.o)
 .debug_info    0x00005555      0x1aa .\CortexM3\ARM_GCC_541\Debug\Design01.a(DMA_Out_dma.o)
 .debug_info    0x000056ff      0x1a7 .\CortexM3\ARM_GCC_541\Debug\Design01.a(DMA_a_Comp_dma.o)
 .debug_info    0x000058a6      0x11f .\CortexM3\ARM_GCC_541\Debug\Design01.a(BIT1.o)
 .debug_info    0x000059c5      0x11f .\CortexM3\ARM_GCC_541\Debug\Design01.a(BIT2.o)
 .debug_info    0x00005ae4      0x11f .\CortexM3\ARM_GCC_541\Debug\Design01.a(BIT3.o)
 .debug_info    0x00005c03      0x2eb .\CortexM3\ARM_GCC_541\Debug\Design01.a(I2C_1.o)
 .debug_info    0x00005eee      0x1f3 .\CortexM3\ARM_GCC_541\Debug\Design01.a(I2C_1_INT.o)
 .debug_info    0x000060e1      0x207 .\CortexM3\ARM_GCC_541\Debug\Design01.a(I2C_1_PM.o)
 .debug_info    0x000062e8      0x290 .\CortexM3\ARM_GCC_541\Debug\Design01.a(I2C_1_SLAVE.o)
 .debug_info    0x00006578      0x407 .\CortexM3\ARM_GCC_541\Debug\Design01.a(I2C_1_MASTER.o)
 .debug_info    0x0000697f      0x151 .\CortexM3\ARM_GCC_541\Debug\Design01.a(OpAmp_Filtro1.o)
 .debug_info    0x00006ad0      0x151 .\CortexM3\ARM_GCC_541\Debug\Design01.a(OpAmp_Filtro2.o)
 .debug_info    0x00006c21      0x151 .\CortexM3\ARM_GCC_541\Debug\Design01.a(OpAmp_Vref.o)
 .debug_info    0x00006d72      0xbeb .\CortexM3\ARM_GCC_541\Debug\Design01.a(ADC_DelSig_1.o)
 .debug_info    0x0000795d       0xd3 .\CortexM3\ARM_GCC_541\Debug\Design01.a(ADC_DelSig_1_INT.o)
 .debug_info    0x00007a30      0x165 .\CortexM3\ARM_GCC_541\Debug\Design01.a(ADC_DelSig_1_AMux.o)
 .debug_info    0x00007b95      0x283 .\CortexM3\ARM_GCC_541\Debug\Design01.a(ADC_DelSig_1_Ext_CP_Clk.o)
 .debug_info    0x00007e18      0x2c4 .\CortexM3\ARM_GCC_541\Debug\Design01.a(ADC_DelSig_1_theACLK.o)
 .debug_info    0x000080dc      0x151 .\CortexM3\ARM_GCC_541\Debug\Design01.a(OpAmp_Acoplador.o)
 .debug_info    0x0000822d       0xce .\CortexM3\ARM_GCC_541\Debug\Design01.a(CyBootAsmGnu.o)
 .debug_info    0x000082fb      0x64d .\CortexM3\ARM_GCC_541\Debug\Design01.a(CyFlash.o)
 .debug_info    0x00008948      0x550 .\CortexM3\ARM_GCC_541\Debug\Design01.a(CySpc.o)

.debug_abbrev   0x00000000     0x28bf
 *(.debug_abbrev)
 .debug_abbrev  0x00000000      0x160 .\CortexM3\ARM_GCC_541\Debug\main.o
 .debug_abbrev  0x00000160       0x93 .\CortexM3\ARM_GCC_541\Debug\coeficientes.o
 .debug_abbrev  0x000001f3      0x125 .\CortexM3\ARM_GCC_541\Debug\lcd_i2c.o
 .debug_abbrev  0x00000318       0xe1 .\CortexM3\ARM_GCC_541\Debug\procesamiento.o
 .debug_abbrev  0x000003f9      0x147 .\CortexM3\ARM_GCC_541\Debug\gestion_hardware.o
 .debug_abbrev  0x00000540      0x21e .\CortexM3\ARM_GCC_541\Debug\cyfitter_cfg.o
 .debug_abbrev  0x0000075e       0x66 .\CortexM3\ARM_GCC_541\Debug\cymetadata.o
 .debug_abbrev  0x000007c4      0x1e8 .\CortexM3\ARM_GCC_541\Debug\Cm3Start.o
 .debug_abbrev  0x000009ac       0xf6 .\CortexM3\ARM_GCC_541\Debug\Design01.a(PGA_1.o)
 .debug_abbrev  0x00000aa2      0x1b2 .\CortexM3\ARM_GCC_541\Debug\Design01.a(CyDmac.o)
 .debug_abbrev  0x00000c54      0x254 .\CortexM3\ARM_GCC_541\Debug\Design01.a(CyLib.o)
 .debug_abbrev  0x00000ea8      0x1ab .\CortexM3\ARM_GCC_541\Debug\Design01.a(cyPm.o)
 .debug_abbrev  0x00001053      0x1bc .\CortexM3\ARM_GCC_541\Debug\Design01.a(Filter_1.o)
 .debug_abbrev  0x0000120f       0x7f .\CortexM3\ARM_GCC_541\Debug\Design01.a(Filter_1_PVT.o)
 .debug_abbrev  0x0000128e       0x66 .\CortexM3\ARM_GCC_541\Debug\Design01.a(Filter_1_RAM_Data.o)
 .debug_abbrev  0x000012f4       0xcd .\CortexM3\ARM_GCC_541\Debug\Design01.a(DMA_In_dma.o)
 .debug_abbrev  0x000013c1      0x173 .\CortexM3\ARM_GCC_541\Debug\Design01.a(isr_dma_done.o)
 .debug_abbrev  0x00001534       0xcd .\CortexM3\ARM_GCC_541\Debug\Design01.a(DMA_Out_dma.o)
 .debug_abbrev  0x00001601       0xcd .\CortexM3\ARM_GCC_541\Debug\Design01.a(DMA_a_Comp_dma.o)
 .debug_abbrev  0x000016ce       0x90 .\CortexM3\ARM_GCC_541\Debug\Design01.a(BIT1.o)
 .debug_abbrev  0x0000175e       0x90 .\CortexM3\ARM_GCC_541\Debug\Design01.a(BIT2.o)
 .debug_abbrev  0x000017ee       0x90 .\CortexM3\ARM_GCC_541\Debug\Design01.a(BIT3.o)
 .debug_abbrev  0x0000187e      0x10a .\CortexM3\ARM_GCC_541\Debug\Design01.a(I2C_1.o)
 .debug_abbrev  0x00001988       0xb6 .\CortexM3\ARM_GCC_541\Debug\Design01.a(I2C_1_INT.o)
 .debug_abbrev  0x00001a3e       0xfe .\CortexM3\ARM_GCC_541\Debug\Design01.a(I2C_1_PM.o)
 .debug_abbrev  0x00001b3c       0xf8 .\CortexM3\ARM_GCC_541\Debug\Design01.a(I2C_1_SLAVE.o)
 .debug_abbrev  0x00001c34      0x13c .\CortexM3\ARM_GCC_541\Debug\Design01.a(I2C_1_MASTER.o)
 .debug_abbrev  0x00001d70       0xb2 .\CortexM3\ARM_GCC_541\Debug\Design01.a(OpAmp_Filtro1.o)
 .debug_abbrev  0x00001e22       0xb2 .\CortexM3\ARM_GCC_541\Debug\Design01.a(OpAmp_Filtro2.o)
 .debug_abbrev  0x00001ed4       0xb2 .\CortexM3\ARM_GCC_541\Debug\Design01.a(OpAmp_Vref.o)
 .debug_abbrev  0x00001f86      0x1eb .\CortexM3\ARM_GCC_541\Debug\Design01.a(ADC_DelSig_1.o)
 .debug_abbrev  0x00002171       0x42 .\CortexM3\ARM_GCC_541\Debug\Design01.a(ADC_DelSig_1_INT.o)
 .debug_abbrev  0x000021b3       0xb1 .\CortexM3\ARM_GCC_541\Debug\Design01.a(ADC_DelSig_1_AMux.o)
 .debug_abbrev  0x00002264      0x139 .\CortexM3\ARM_GCC_541\Debug\Design01.a(ADC_DelSig_1_Ext_CP_Clk.o)
 .debug_abbrev  0x0000239d      0x121 .\CortexM3\ARM_GCC_541\Debug\Design01.a(ADC_DelSig_1_theACLK.o)
 .debug_abbrev  0x000024be       0xb2 .\CortexM3\ARM_GCC_541\Debug\Design01.a(OpAmp_Acoplador.o)
 .debug_abbrev  0x00002570       0x14 .\CortexM3\ARM_GCC_541\Debug\Design01.a(CyBootAsmGnu.o)
 .debug_abbrev  0x00002584      0x1a7 .\CortexM3\ARM_GCC_541\Debug\Design01.a(CyFlash.o)
 .debug_abbrev  0x0000272b      0x194 .\CortexM3\ARM_GCC_541\Debug\Design01.a(CySpc.o)

.debug_line     0x00000000     0x3b94
 *(.debug_line)
 .debug_line    0x00000000      0x2f9 .\CortexM3\ARM_GCC_541\Debug\main.o
 .debug_line    0x000002f9      0x136 .\CortexM3\ARM_GCC_541\Debug\coeficientes.o
 .debug_line    0x0000042f      0x1f4 .\CortexM3\ARM_GCC_541\Debug\lcd_i2c.o
 .debug_line    0x00000623      0x207 .\CortexM3\ARM_GCC_541\Debug\procesamiento.o
 .debug_line    0x0000082a      0x20c .\CortexM3\ARM_GCC_541\Debug\gestion_hardware.o
 .debug_line    0x00000a36      0x1fe .\CortexM3\ARM_GCC_541\Debug\cyfitter_cfg.o
 .debug_line    0x00000c34      0x119 .\CortexM3\ARM_GCC_541\Debug\cymetadata.o
 .debug_line    0x00000d4d      0x219 .\CortexM3\ARM_GCC_541\Debug\Cm3Start.o
 .debug_line    0x00000f66       0xcc .\CortexM3\ARM_GCC_541\Debug\Design01.a(PGA_1.o)
 .debug_line    0x00001032      0x2e4 .\CortexM3\ARM_GCC_541\Debug\Design01.a(CyDmac.o)
 .debug_line    0x00001316      0x816 .\CortexM3\ARM_GCC_541\Debug\Design01.a(CyLib.o)
 .debug_line    0x00001b2c      0x367 .\CortexM3\ARM_GCC_541\Debug\Design01.a(cyPm.o)
 .debug_line    0x00001e93      0x176 .\CortexM3\ARM_GCC_541\Debug\Design01.a(Filter_1.o)
 .debug_line    0x00002009       0x76 .\CortexM3\ARM_GCC_541\Debug\Design01.a(Filter_1_PVT.o)
 .debug_line    0x0000207f       0x58 .\CortexM3\ARM_GCC_541\Debug\Design01.a(Filter_1_RAM_Data.o)
 .debug_line    0x000020d7       0x83 .\CortexM3\ARM_GCC_541\Debug\Design01.a(DMA_In_dma.o)
 .debug_line    0x0000215a      0x139 .\CortexM3\ARM_GCC_541\Debug\Design01.a(isr_dma_done.o)
 .debug_line    0x00002293       0x84 .\CortexM3\ARM_GCC_541\Debug\Design01.a(DMA_Out_dma.o)
 .debug_line    0x00002317       0x87 .\CortexM3\ARM_GCC_541\Debug\Design01.a(DMA_a_Comp_dma.o)
 .debug_line    0x0000239e       0x91 .\CortexM3\ARM_GCC_541\Debug\Design01.a(BIT1.o)
 .debug_line    0x0000242f       0x91 .\CortexM3\ARM_GCC_541\Debug\Design01.a(BIT2.o)
 .debug_line    0x000024c0       0x91 .\CortexM3\ARM_GCC_541\Debug\Design01.a(BIT3.o)
 .debug_line    0x00002551       0xe3 .\CortexM3\ARM_GCC_541\Debug\Design01.a(I2C_1.o)
 .debug_line    0x00002634      0x183 .\CortexM3\ARM_GCC_541\Debug\Design01.a(I2C_1_INT.o)
 .debug_line    0x000027b7       0xbf .\CortexM3\ARM_GCC_541\Debug\Design01.a(I2C_1_PM.o)
 .debug_line    0x00002876      0x110 .\CortexM3\ARM_GCC_541\Debug\Design01.a(I2C_1_SLAVE.o)
 .debug_line    0x00002986      0x217 .\CortexM3\ARM_GCC_541\Debug\Design01.a(I2C_1_MASTER.o)
 .debug_line    0x00002b9d       0xb0 .\CortexM3\ARM_GCC_541\Debug\Design01.a(OpAmp_Filtro1.o)
 .debug_line    0x00002c4d       0xb0 .\CortexM3\ARM_GCC_541\Debug\Design01.a(OpAmp_Filtro2.o)
 .debug_line    0x00002cfd       0xad .\CortexM3\ARM_GCC_541\Debug\Design01.a(OpAmp_Vref.o)
 .debug_line    0x00002daa      0x3ee .\CortexM3\ARM_GCC_541\Debug\Design01.a(ADC_DelSig_1.o)
 .debug_line    0x00003198       0x89 .\CortexM3\ARM_GCC_541\Debug\Design01.a(ADC_DelSig_1_INT.o)
 .debug_line    0x00003221       0xb5 .\CortexM3\ARM_GCC_541\Debug\Design01.a(ADC_DelSig_1_AMux.o)
 .debug_line    0x000032d6      0x186 .\CortexM3\ARM_GCC_541\Debug\Design01.a(ADC_DelSig_1_Ext_CP_Clk.o)
 .debug_line    0x0000345c      0x1a6 .\CortexM3\ARM_GCC_541\Debug\Design01.a(ADC_DelSig_1_theACLK.o)
 .debug_line    0x00003602       0xb2 .\CortexM3\ARM_GCC_541\Debug\Design01.a(OpAmp_Acoplador.o)
 .debug_line    0x000036b4       0x66 .\CortexM3\ARM_GCC_541\Debug\Design01.a(CyBootAsmGnu.o)
 .debug_line    0x0000371a      0x21a .\CortexM3\ARM_GCC_541\Debug\Design01.a(CyFlash.o)
 .debug_line    0x00003934      0x260 .\CortexM3\ARM_GCC_541\Debug\Design01.a(CySpc.o)

.debug_frame    0x00000000     0x2970
 *(.debug_frame)
 .debug_frame   0x00000000       0x5c .\CortexM3\ARM_GCC_541\Debug\main.o
 .debug_frame   0x0000005c      0x110 .\CortexM3\ARM_GCC_541\Debug\lcd_i2c.o
 .debug_frame   0x0000016c       0x70 .\CortexM3\ARM_GCC_541\Debug\procesamiento.o
 .debug_frame   0x000001dc       0xa0 .\CortexM3\ARM_GCC_541\Debug\gestion_hardware.o
 .debug_frame   0x0000027c      0x104 .\CortexM3\ARM_GCC_541\Debug\cyfitter_cfg.o
 .debug_frame   0x00000380       0xb8 .\CortexM3\ARM_GCC_541\Debug\Cm3Start.o
 .debug_frame   0x00000438       0x9c .\CortexM3\ARM_GCC_541\Debug\Design01.a(PGA_1.o)
 .debug_frame   0x000004d4      0x1f8 .\CortexM3\ARM_GCC_541\Debug\Design01.a(CyDmac.o)
 .debug_frame   0x000006cc      0x738 .\CortexM3\ARM_GCC_541\Debug\Design01.a(CyLib.o)
 .debug_frame   0x00000e04      0x1f8 .\CortexM3\ARM_GCC_541\Debug\Design01.a(cyPm.o)
 .debug_frame   0x00000ffc      0x104 .\CortexM3\ARM_GCC_541\Debug\Design01.a(Filter_1.o)
 .debug_frame   0x00001100       0x30 .\CortexM3\ARM_GCC_541\Debug\Design01.a(Filter_1_PVT.o)
 .debug_frame   0x00001130       0x54 .\CortexM3\ARM_GCC_541\Debug\Design01.a(DMA_In_dma.o)
 .debug_frame   0x00001184      0x104 .\CortexM3\ARM_GCC_541\Debug\Design01.a(isr_dma_done.o)
 .debug_frame   0x00001288       0x54 .\CortexM3\ARM_GCC_541\Debug\Design01.a(DMA_Out_dma.o)
 .debug_frame   0x000012dc       0x54 .\CortexM3\ARM_GCC_541\Debug\Design01.a(DMA_a_Comp_dma.o)
 .debug_frame   0x00001330       0x50 .\CortexM3\ARM_GCC_541\Debug\Design01.a(BIT1.o)
 .debug_frame   0x00001380       0x50 .\CortexM3\ARM_GCC_541\Debug\Design01.a(BIT2.o)
 .debug_frame   0x000013d0       0x50 .\CortexM3\ARM_GCC_541\Debug\Design01.a(BIT3.o)
 .debug_frame   0x00001420       0x94 .\CortexM3\ARM_GCC_541\Debug\Design01.a(I2C_1.o)
 .debug_frame   0x000014b4       0x30 .\CortexM3\ARM_GCC_541\Debug\Design01.a(I2C_1_INT.o)
 .debug_frame   0x000014e4       0x74 .\CortexM3\ARM_GCC_541\Debug\Design01.a(I2C_1_PM.o)
 .debug_frame   0x00001558       0xb0 .\CortexM3\ARM_GCC_541\Debug\Design01.a(I2C_1_SLAVE.o)
 .debug_frame   0x00001608      0x138 .\CortexM3\ARM_GCC_541\Debug\Design01.a(I2C_1_MASTER.o)
 .debug_frame   0x00001740       0x78 .\CortexM3\ARM_GCC_541\Debug\Design01.a(OpAmp_Filtro1.o)
 .debug_frame   0x000017b8       0x78 .\CortexM3\ARM_GCC_541\Debug\Design01.a(OpAmp_Filtro2.o)
 .debug_frame   0x00001830       0x78 .\CortexM3\ARM_GCC_541\Debug\Design01.a(OpAmp_Vref.o)
 .debug_frame   0x000018a8      0x284 .\CortexM3\ARM_GCC_541\Debug\Design01.a(ADC_DelSig_1.o)
 .debug_frame   0x00001b2c       0x50 .\CortexM3\ARM_GCC_541\Debug\Design01.a(ADC_DelSig_1_INT.o)
 .debug_frame   0x00001b7c       0x64 .\CortexM3\ARM_GCC_541\Debug\Design01.a(ADC_DelSig_1_AMux.o)
 .debug_frame   0x00001be0       0xe0 .\CortexM3\ARM_GCC_541\Debug\Design01.a(ADC_DelSig_1_Ext_CP_Clk.o)
 .debug_frame   0x00001cc0      0x100 .\CortexM3\ARM_GCC_541\Debug\Design01.a(ADC_DelSig_1_theACLK.o)
 .debug_frame   0x00001dc0       0x78 .\CortexM3\ARM_GCC_541\Debug\Design01.a(OpAmp_Acoplador.o)
 .debug_frame   0x00001e38      0x194 .\CortexM3\ARM_GCC_541\Debug\Design01.a(CyFlash.o)
 .debug_frame   0x00001fcc      0x180 .\CortexM3\ARM_GCC_541\Debug\Design01.a(CySpc.o)
 .debug_frame   0x0000214c       0x20 e:/cypress/psoc creator/4.4/psoc creator/import/gnu/arm/5.4.1/bin/../lib/gcc/arm-none-eabi/5.4.1/../../../../arm-none-eabi/lib/armv7-m\libg_nano.a(lib_a-errno.o)
 .debug_frame   0x0000216c       0x28 e:/cypress/psoc creator/4.4/psoc creator/import/gnu/arm/5.4.1/bin/../lib/gcc/arm-none-eabi/5.4.1/../../../../arm-none-eabi/lib/armv7-m\libg_nano.a(lib_a-exit.o)
 .debug_frame   0x00002194       0x2c e:/cypress/psoc creator/4.4/psoc creator/import/gnu/arm/5.4.1/bin/../lib/gcc/arm-none-eabi/5.4.1/../../../../arm-none-eabi/lib/armv7-m\libg_nano.a(lib_a-init.o)
 .debug_frame   0x000021c0       0x28 e:/cypress/psoc creator/4.4/psoc creator/import/gnu/arm/5.4.1/bin/../lib/gcc/arm-none-eabi/5.4.1/../../../../arm-none-eabi/lib/armv7-m\libg_nano.a(lib_a-memcpy-stub.o)
 .debug_frame   0x000021e8       0x20 e:/cypress/psoc creator/4.4/psoc creator/import/gnu/arm/5.4.1/bin/../lib/gcc/arm-none-eabi/5.4.1/../../../../arm-none-eabi/lib/armv7-m\libg_nano.a(lib_a-memset.o)
 .debug_frame   0x00002208       0x8c e:/cypress/psoc creator/4.4/psoc creator/import/gnu/arm/5.4.1/bin/../lib/gcc/arm-none-eabi/5.4.1/../../../../arm-none-eabi/lib/armv7-m\libg_nano.a(lib_a-nano-vfprintf_float.o)
 .debug_frame   0x00002294       0x60 e:/cypress/psoc creator/4.4/psoc creator/import/gnu/arm/5.4.1/bin/../lib/gcc/arm-none-eabi/5.4.1/../../../../arm-none-eabi/lib/armv7-m\libg_nano.a(lib_a-nano-vfprintf_i.o)
 .debug_frame   0x000022f4       0x70 e:/cypress/psoc creator/4.4/psoc creator/import/gnu/arm/5.4.1/bin/../lib/gcc/arm-none-eabi/5.4.1/../../../../arm-none-eabi/lib/armv7-m\libg_nano.a(lib_a-sprintf.o)
 .debug_frame   0x00002364       0x6c e:/cypress/psoc creator/4.4/psoc creator/import/gnu/arm/5.4.1/bin/../lib/gcc/arm-none-eabi/5.4.1/../../../../arm-none-eabi/lib/armv7-m\libg_nano.a(lib_a-dtoa.o)
 .debug_frame   0x000023d0       0x98 e:/cypress/psoc creator/4.4/psoc creator/import/gnu/arm/5.4.1/bin/../lib/gcc/arm-none-eabi/5.4.1/../../../../arm-none-eabi/lib/armv7-m\libg_nano.a(lib_a-locale.o)
 .debug_frame   0x00002468       0x30 e:/cypress/psoc creator/4.4/psoc creator/import/gnu/arm/5.4.1/bin/../lib/gcc/arm-none-eabi/5.4.1/../../../../arm-none-eabi/lib/armv7-m\libg_nano.a(lib_a-malloc.o)
 .debug_frame   0x00002498       0x28 e:/cypress/psoc creator/4.4/psoc creator/import/gnu/arm/5.4.1/bin/../lib/gcc/arm-none-eabi/5.4.1/../../../../arm-none-eabi/lib/armv7-m\libg_nano.a(lib_a-memchr-stub.o)
 .debug_frame   0x000024c0      0x234 e:/cypress/psoc creator/4.4/psoc creator/import/gnu/arm/5.4.1/bin/../lib/gcc/arm-none-eabi/5.4.1/../../../../arm-none-eabi/lib/armv7-m\libg_nano.a(lib_a-mprec.o)
 .debug_frame   0x000026f4       0x2c e:/cypress/psoc creator/4.4/psoc creator/import/gnu/arm/5.4.1/bin/../lib/gcc/arm-none-eabi/5.4.1/../../../../arm-none-eabi/lib/armv7-m\libg_nano.a(lib_a-nano-callocr.o)
 .debug_frame   0x00002720       0x38 e:/cypress/psoc creator/4.4/psoc creator/import/gnu/arm/5.4.1/bin/../lib/gcc/arm-none-eabi/5.4.1/../../../../arm-none-eabi/lib/armv7-m\libg_nano.a(lib_a-nano-freer.o)
 .debug_frame   0x00002758       0x2c e:/cypress/psoc creator/4.4/psoc creator/import/gnu/arm/5.4.1/bin/../lib/gcc/arm-none-eabi/5.4.1/../../../../arm-none-eabi/lib/armv7-m\libg_nano.a(lib_a-nano-mallocr.o)
 .debug_frame   0x00002784       0x90 e:/cypress/psoc creator/4.4/psoc creator/import/gnu/arm/5.4.1/bin/../lib/gcc/arm-none-eabi/5.4.1/../../../../arm-none-eabi/lib/armv7-m\libg_nano.a(lib_a-nano-svfprintf.o)
 .debug_frame   0x00002814       0x2c e:/cypress/psoc creator/4.4/psoc creator/import/gnu/arm/5.4.1/bin/../lib/gcc/arm-none-eabi/5.4.1/../../../../arm-none-eabi/lib/armv7-m\libg_nano.a(lib_a-sbrkr.o)
 .debug_frame   0x00002840       0x20 e:/cypress/psoc creator/4.4/psoc creator/import/gnu/arm/5.4.1/bin/../lib/gcc/arm-none-eabi/5.4.1/../../../../arm-none-eabi/lib/armv7-m\libg_nano.a(lib_a-strcmp.o)
 .debug_frame   0x00002860       0x28 e:/cypress/psoc creator/4.4/psoc creator/import/gnu/arm/5.4.1/bin/../lib/gcc/arm-none-eabi/5.4.1/../../../../arm-none-eabi/lib/armv7-m\libg_nano.a(lib_a-memmove.o)
 .debug_frame   0x00002888       0x30 e:/cypress/psoc creator/4.4/psoc creator/import/gnu/arm/5.4.1/bin/../lib/gcc/arm-none-eabi/5.4.1/../../../../arm-none-eabi/lib/armv7-m\libg_nano.a(lib_a-mlock.o)
 .debug_frame   0x000028b8       0x3c e:/cypress/psoc creator/4.4/psoc creator/import/gnu/arm/5.4.1/bin/../lib/gcc/arm-none-eabi/5.4.1/../../../../arm-none-eabi/lib/armv7-m\libg_nano.a(lib_a-nano-reallocr.o)
 .debug_frame   0x000028f4       0x5c e:/cypress/psoc creator/4.4/psoc creator/import/gnu/arm/5.4.1/bin/../lib/gcc/arm-none-eabi/5.4.1/../../../../arm-none-eabi/lib/armv7-m\libg_nano.a(lib_a-reent.o)
 .debug_frame   0x00002950       0x20 e:/cypress/psoc creator/4.4/psoc creator/import/gnu/arm/5.4.1/bin/../lib/gcc/arm-none-eabi/5.4.1/../../../../arm-none-eabi/lib/armv7-m\libg_nano.a(lib_a-nano-msizer.o)

.debug_str      0x00000000     0x31c1
 *(.debug_str)
 .debug_str     0x00000000      0x4b0 .\CortexM3\ARM_GCC_541\Debug\main.o
                                0x509 (size before relaxing)
 .debug_str     0x000004b0        0xf .\CortexM3\ARM_GCC_541\Debug\coeficientes.o
                                0x236 (size before relaxing)
 .debug_str     0x000004bf       0xbf .\CortexM3\ARM_GCC_541\Debug\lcd_i2c.o
                                0x2e4 (size before relaxing)
 .debug_str     0x0000057e       0x95 .\CortexM3\ARM_GCC_541\Debug\procesamiento.o
                                0x2ca (size before relaxing)
 .debug_str     0x00000613      0x1ab .\CortexM3\ARM_GCC_541\Debug\gestion_hardware.o
                                0x457 (size before relaxing)
 .debug_str     0x000007be      0x1c3 .\CortexM3\ARM_GCC_541\Debug\cyfitter_cfg.o
                                0x3c3 (size before relaxing)
 .debug_str     0x00000981       0x75 .\CortexM3\ARM_GCC_541\Debug\cymetadata.o
                                0x222 (size before relaxing)
 .debug_str     0x000009f6      0x14e .\CortexM3\ARM_GCC_541\Debug\Cm3Start.o
                                0x358 (size before relaxing)
 .debug_str     0x00000b44       0x8f .\CortexM3\ARM_GCC_541\Debug\Design01.a(PGA_1.o)
                                0x26d (size before relaxing)
 .debug_str     0x00000bd3      0x307 .\CortexM3\ARM_GCC_541\Debug\Design01.a(CyDmac.o)
                                0x588 (size before relaxing)
 .debug_str     0x00000eda      0x7e7 .\CortexM3\ARM_GCC_541\Debug\Design01.a(CyLib.o)
                                0xa85 (size before relaxing)
 .debug_str     0x000016c1      0x365 .\CortexM3\ARM_GCC_541\Debug\Design01.a(cyPm.o)
                                0x771 (size before relaxing)
 .debug_str     0x00001a26      0x19e .\CortexM3\ARM_GCC_541\Debug\Design01.a(Filter_1.o)
                                0x3a6 (size before relaxing)
 .debug_str     0x00001bc4       0x2d .\CortexM3\ARM_GCC_541\Debug\Design01.a(Filter_1_PVT.o)
                                0x21f (size before relaxing)
 .debug_str     0x00001bf1       0x2b .\CortexM3\ARM_GCC_541\Debug\Design01.a(Filter_1_RAM_Data.o)
                                0x236 (size before relaxing)
 .debug_str     0x00001c1c       0x82 .\CortexM3\ARM_GCC_541\Debug\Design01.a(DMA_In_dma.o)
                                0x2ae (size before relaxing)
 .debug_str     0x00001c9e      0x119 .\CortexM3\ARM_GCC_541\Debug\Design01.a(isr_dma_done.o)
                                0x346 (size before relaxing)
 .debug_str     0x00001db7       0x4a .\CortexM3\ARM_GCC_541\Debug\Design01.a(DMA_Out_dma.o)
                                0x2b2 (size before relaxing)
 .debug_str     0x00001e01       0x53 .\CortexM3\ARM_GCC_541\Debug\Design01.a(DMA_a_Comp_dma.o)
                                0x2be (size before relaxing)
 .debug_str     0x00001e54       0x57 .\CortexM3\ARM_GCC_541\Debug\Design01.a(BIT1.o)
                                0x21b (size before relaxing)
 .debug_str     0x00001eab       0x4c .\CortexM3\ARM_GCC_541\Debug\Design01.a(BIT2.o)
                                0x21b (size before relaxing)
 .debug_str     0x00001ef7       0x4c .\CortexM3\ARM_GCC_541\Debug\Design01.a(BIT3.o)
                                0x21b (size before relaxing)
 .debug_str     0x00001f43      0x13a .\CortexM3\ARM_GCC_541\Debug\Design01.a(I2C_1.o)
                                0x382 (size before relaxing)
 .debug_str     0x0000207d       0xdf .\CortexM3\ARM_GCC_541\Debug\Design01.a(I2C_1_INT.o)
                                0x333 (size before relaxing)
 .debug_str     0x0000215c       0x60 .\CortexM3\ARM_GCC_541\Debug\Design01.a(I2C_1_PM.o)
                                0x2cd (size before relaxing)
 .debug_str     0x000021bc      0x117 .\CortexM3\ARM_GCC_541\Debug\Design01.a(I2C_1_SLAVE.o)
                                0x388 (size before relaxing)
 .debug_str     0x000022d3      0x14b .\CortexM3\ARM_GCC_541\Debug\Design01.a(I2C_1_MASTER.o)
                                0x410 (size before relaxing)
 .debug_str     0x0000241e       0x8f .\CortexM3\ARM_GCC_541\Debug\Design01.a(OpAmp_Filtro1.o)
                                0x26d (size before relaxing)
 .debug_str     0x000024ad       0x8f .\CortexM3\ARM_GCC_541\Debug\Design01.a(OpAmp_Filtro2.o)
                                0x26d (size before relaxing)
 .debug_str     0x0000253c       0x7d .\CortexM3\ARM_GCC_541\Debug\Design01.a(OpAmp_Vref.o)
                                0x258 (size before relaxing)
 .debug_str     0x000025b9      0x48f .\CortexM3\ARM_GCC_541\Debug\Design01.a(ADC_DelSig_1.o)
                                0x778 (size before relaxing)
 .debug_str     0x00002a48       0x72 .\CortexM3\ARM_GCC_541\Debug\Design01.a(ADC_DelSig_1_INT.o)
                                0x22b (size before relaxing)
 .debug_str     0x00002aba       0x83 .\CortexM3\ARM_GCC_541\Debug\Design01.a(ADC_DelSig_1_AMux.o)
                                0x27c (size before relaxing)
 .debug_str     0x00002b3d      0x1c7 .\CortexM3\ARM_GCC_541\Debug\Design01.a(ADC_DelSig_1_Ext_CP_Clk.o)
                                0x3ec (size before relaxing)
 .debug_str     0x00002d04      0x1bb .\CortexM3\ARM_GCC_541\Debug\Design01.a(ADC_DelSig_1_theACLK.o)
                                0x41d (size before relaxing)
 .debug_str     0x00002ebf       0x9b .\CortexM3\ARM_GCC_541\Debug\Design01.a(OpAmp_Acoplador.o)
                                0x27b (size before relaxing)
 .debug_str     0x00002f5a      0x1bb .\CortexM3\ARM_GCC_541\Debug\Design01.a(CyFlash.o)
                                0x3fe (size before relaxing)
 .debug_str     0x00003115       0xac .\CortexM3\ARM_GCC_541\Debug\Design01.a(CySpc.o)
                                0x376 (size before relaxing)

.debug_loc      0x00000000     0x431b
 *(.debug_loc)
 .debug_loc     0x00000000      0x130 .\CortexM3\ARM_GCC_541\Debug\main.o
 .debug_loc     0x00000130      0x193 .\CortexM3\ARM_GCC_541\Debug\lcd_i2c.o
 .debug_loc     0x000002c3      0x328 .\CortexM3\ARM_GCC_541\Debug\procesamiento.o
 .debug_loc     0x000005eb       0x79 .\CortexM3\ARM_GCC_541\Debug\gestion_hardware.o
 .debug_loc     0x00000664      0x219 .\CortexM3\ARM_GCC_541\Debug\cyfitter_cfg.o
 .debug_loc     0x0000087d      0x144 .\CortexM3\ARM_GCC_541\Debug\Cm3Start.o
 .debug_loc     0x000009c1       0x60 .\CortexM3\ARM_GCC_541\Debug\Design01.a(PGA_1.o)
 .debug_loc     0x00000a21      0xb8e .\CortexM3\ARM_GCC_541\Debug\Design01.a(CyDmac.o)
 .debug_loc     0x000015af      0xa11 .\CortexM3\ARM_GCC_541\Debug\Design01.a(CyLib.o)
 .debug_loc     0x00001fc0      0x1e4 .\CortexM3\ARM_GCC_541\Debug\Design01.a(cyPm.o)
 .debug_loc     0x000021a4      0x24b .\CortexM3\ARM_GCC_541\Debug\Design01.a(Filter_1.o)
 .debug_loc     0x000023ef       0x3c .\CortexM3\ARM_GCC_541\Debug\Design01.a(Filter_1_PVT.o)
 .debug_loc     0x0000242b       0x84 .\CortexM3\ARM_GCC_541\Debug\Design01.a(DMA_In_dma.o)
 .debug_loc     0x000024af       0x56 .\CortexM3\ARM_GCC_541\Debug\Design01.a(isr_dma_done.o)
 .debug_loc     0x00002505       0x84 .\CortexM3\ARM_GCC_541\Debug\Design01.a(DMA_Out_dma.o)
 .debug_loc     0x00002589       0x84 .\CortexM3\ARM_GCC_541\Debug\Design01.a(DMA_a_Comp_dma.o)
 .debug_loc     0x0000260d       0x42 .\CortexM3\ARM_GCC_541\Debug\Design01.a(BIT1.o)
 .debug_loc     0x0000264f       0x42 .\CortexM3\ARM_GCC_541\Debug\Design01.a(BIT2.o)
 .debug_loc     0x00002691       0x42 .\CortexM3\ARM_GCC_541\Debug\Design01.a(BIT3.o)
 .debug_loc     0x000026d3       0x39 .\CortexM3\ARM_GCC_541\Debug\Design01.a(I2C_1.o)
 .debug_loc     0x0000270c       0x3c .\CortexM3\ARM_GCC_541\Debug\Design01.a(I2C_1_INT.o)
 .debug_loc     0x00002748       0x13 .\CortexM3\ARM_GCC_541\Debug\Design01.a(I2C_1_PM.o)
 .debug_loc     0x0000275b      0x126 .\CortexM3\ARM_GCC_541\Debug\Design01.a(I2C_1_SLAVE.o)
 .debug_loc     0x00002881      0x5f9 .\CortexM3\ARM_GCC_541\Debug\Design01.a(I2C_1_MASTER.o)
 .debug_loc     0x00002e7a       0x21 .\CortexM3\ARM_GCC_541\Debug\Design01.a(OpAmp_Filtro1.o)
 .debug_loc     0x00002e9b       0x21 .\CortexM3\ARM_GCC_541\Debug\Design01.a(OpAmp_Filtro2.o)
 .debug_loc     0x00002ebc       0x21 .\CortexM3\ARM_GCC_541\Debug\Design01.a(OpAmp_Vref.o)
 .debug_loc     0x00002edd      0x681 .\CortexM3\ARM_GCC_541\Debug\Design01.a(ADC_DelSig_1.o)
 .debug_loc     0x0000355e       0x6c .\CortexM3\ARM_GCC_541\Debug\Design01.a(ADC_DelSig_1_AMux.o)
 .debug_loc     0x000035ca      0x12c .\CortexM3\ARM_GCC_541\Debug\Design01.a(ADC_DelSig_1_Ext_CP_Clk.o)
 .debug_loc     0x000036f6      0x14d .\CortexM3\ARM_GCC_541\Debug\Design01.a(ADC_DelSig_1_theACLK.o)
 .debug_loc     0x00003843       0x21 .\CortexM3\ARM_GCC_541\Debug\Design01.a(OpAmp_Acoplador.o)
 .debug_loc     0x00003864      0x3b2 .\CortexM3\ARM_GCC_541\Debug\Design01.a(CyFlash.o)
 .debug_loc     0x00003c16      0x705 .\CortexM3\ARM_GCC_541\Debug\Design01.a(CySpc.o)

.debug_macinfo
 *(.debug_macinfo)

.debug_ranges   0x00000000      0xbe8
 *(.debug_ranges)
 .debug_ranges  0x00000000       0x18 .\CortexM3\ARM_GCC_541\Debug\main.o
 .debug_ranges  0x00000018       0x50 .\CortexM3\ARM_GCC_541\Debug\lcd_i2c.o
 .debug_ranges  0x00000068       0x30 .\CortexM3\ARM_GCC_541\Debug\procesamiento.o
 .debug_ranges  0x00000098       0x30 .\CortexM3\ARM_GCC_541\Debug\gestion_hardware.o
 .debug_ranges  0x000000c8       0x58 .\CortexM3\ARM_GCC_541\Debug\cyfitter_cfg.o
 .debug_ranges  0x00000120       0x38 .\CortexM3\ARM_GCC_541\Debug\Cm3Start.o
 .debug_ranges  0x00000158       0x38 .\CortexM3\ARM_GCC_541\Debug\Design01.a(PGA_1.o)
 .debug_ranges  0x00000190       0xc8 .\CortexM3\ARM_GCC_541\Debug\Design01.a(CyDmac.o)
 .debug_ranges  0x00000258      0x290 .\CortexM3\ARM_GCC_541\Debug\Design01.a(CyLib.o)
 .debug_ranges  0x000004e8       0x88 .\CortexM3\ARM_GCC_541\Debug\Design01.a(cyPm.o)
 .debug_ranges  0x00000570       0x70 .\CortexM3\ARM_GCC_541\Debug\Design01.a(Filter_1.o)
 .debug_ranges  0x000005e0       0x18 .\CortexM3\ARM_GCC_541\Debug\Design01.a(Filter_1_PVT.o)
 .debug_ranges  0x000005f8       0x18 .\CortexM3\ARM_GCC_541\Debug\Design01.a(DMA_In_dma.o)
 .debug_ranges  0x00000610       0x70 .\CortexM3\ARM_GCC_541\Debug\Design01.a(isr_dma_done.o)
 .debug_ranges  0x00000680       0x18 .\CortexM3\ARM_GCC_541\Debug\Design01.a(DMA_Out_dma.o)