Loading plugins phase: Elapsed time ==> 0s.122ms
<CYPRESSTAG name="CyDsfit arguments...">
cydsfit arguments: -.fdsnotice -.fdswarpdepfile=warp_dependencies.txt -.fdselabdepfile=elab_dependencies.txt -.fdsbldfile=generated_files.txt -.fdsreffile=referenced_files.txt -p D:\Documentos\GitHub\Afinador-Guitarra-PsoC-5LP\ProyectoPDS\ProyectoPDS solo matlab\lab5-fiuna-filtros_sencillos\Design01.cydsn\Design01.cyprj -d CY8C5888LTI-LP097 -s D:\Documentos\GitHub\Afinador-Guitarra-PsoC-5LP\ProyectoPDS\ProyectoPDS solo matlab\lab5-fiuna-filtros_sencillos\Design01.cydsn\Generated_Source\PSoC5 -- -yv2 -q10 -ygs -o2 -v3 -.fftcfgtype=LE
</CYPRESSTAG>
<CYPRESSTAG name="Design elaboration results...">
</CYPRESSTAG>
Elaboration phase: Elapsed time ==> 0s.929ms
<CYPRESSTAG name="HDL generation results...">
</CYPRESSTAG>
HDL generation phase: Elapsed time ==> 0s.031ms
<CYPRESSTAG name="Synthesis results...">

     | | | | | | |
   _________________
  -|               |-
  -|               |-
  -|               |-
  -|    CYPRESS    |-
  -|               |-
  -|               |-   Warp Verilog Synthesis Compiler: Version 6.3 IR 41
  -|               |-   Copyright (C) 1991-2001 Cypress Semiconductor
   |_______________|
     | | | | | | |

======================================================================
Compiling:  Design01.v
Program  :   E:\Cypress\PSoC Creator\4.4\PSoC Creator\warp\bin\warp.exe
Options  :    -yv2 -q10 -ygs -o2 -v3 -.fftcfgtype=LE -ya -.fftprj=D:\Documentos\GitHub\Afinador-Guitarra-PsoC-5LP\ProyectoPDS\ProyectoPDS solo matlab\lab5-fiuna-filtros_sencillos\Design01.cydsn\Design01.cyprj -dcpsoc3 Design01.v -verilog
======================================================================

======================================================================
Compiling:  Design01.v
Program  :   E:\Cypress\PSoC Creator\4.4\PSoC Creator\warp\bin\warp.exe
Options  :    -yv2 -q10 -ygs -o2 -v3 -.fftcfgtype=LE -ya -.fftprj=D:\Documentos\GitHub\Afinador-Guitarra-PsoC-5LP\ProyectoPDS\ProyectoPDS solo matlab\lab5-fiuna-filtros_sencillos\Design01.cydsn\Design01.cyprj -dcpsoc3 Design01.v -verilog
======================================================================

======================================================================
Compiling:  Design01.v
Program  :   vlogfe
Options  :    -yv2 -q10 -ygs -o2 -v3 -.fftcfgtype=LE -ya -.fftprj=D:\Documentos\GitHub\Afinador-Guitarra-PsoC-5LP\ProyectoPDS\ProyectoPDS solo matlab\lab5-fiuna-filtros_sencillos\Design01.cydsn\Design01.cyprj -dcpsoc3 -verilog Design01.v
======================================================================

vlogfe V6.3 IR 41:  Verilog parser
Sun Mar 08 12:32:39 2026


======================================================================
Compiling:  Design01.v
Program  :   vpp
Options  :    -yv2 -q10 Design01.v
======================================================================

vpp V6.3 IR 41:  Verilog Pre-Processor
Sun Mar 08 12:32:39 2026

Flattening file 'E:\Cypress\PSoC Creator\4.4\PSoC Creator\psoc\content\CyPrimitives\cyprimitives.cylib\cy_virtualmux_v1_0\cy_virtualmux_v1_0.v'
Flattening file 'E:\Cypress\PSoC Creator\4.4\PSoC Creator\psoc\content\CyPrimitives\cyprimitives.cylib\OneTerminal\OneTerminal.v'
Flattening file 'E:\Cypress\PSoC Creator\4.4\PSoC Creator\psoc\content\CyPrimitives\cyprimitives.cylib\or_v1_0\or_v1_0.v'
Flattening file 'E:\Cypress\PSoC Creator\4.4\PSoC Creator\psoc\content\CyPrimitives\cyprimitives.cylib\ZeroTerminal\ZeroTerminal.v'
Flattening file 'E:\Cypress\PSoC Creator\4.4\PSoC Creator\psoc\content\CyPrimitives\cyprimitives.cylib\xor_v1_0\xor_v1_0.v'
Flattening file 'E:\Cypress\PSoC Creator\4.4\PSoC Creator\psoc\content\CyPrimitives\cyprimitives.cylib\cy_UDB_clockenable_v1_0\cy_UDB_clockenable_v1_0.v'
Flattening file 'E:\Cypress\PSoC Creator\4.4\PSoC Creator\warp\lib\common\cypress.v'
Flattening file 'E:\Cypress\PSoC Creator\4.4\PSoC Creator\warp\lib\common\cy_psoc3_inc.v'
Flattening file 'E:\Cypress\PSoC Creator\4.4\PSoC Creator\psoc\content\CyPrimitives\cyprimitives.cylib\cydff_v1_30\cydff_v1_30.v'
Flattening file 'E:\Cypress\PSoC Creator\4.4\PSoC Creator\psoc\content\CyPrimitives\cyprimitives.cylib\CyStatusReg_v1_90\CyStatusReg_v1_90.v'
Flattening file 'E:\Cypress\PSoC Creator\4.4\PSoC Creator\warp\lib\common\cypress.v'
Flattening file 'E:\Cypress\PSoC Creator\4.4\PSoC Creator\psoc\content\CyPrimitives\cyprimitives.cylib\CyControlReg_v1_80\CyControlReg_v1_80.v'
Flattening file 'E:\Cypress\PSoC Creator\4.4\PSoC Creator\warp\lib\common\cypress.v'
Flattening file 'E:\Cypress\PSoC Creator\4.4\PSoC Creator\psoc\content\CyPrimitives\cyprimitives.cylib\cy_analog_virtualmux_v1_0\cy_analog_virtualmux_v1_0.v'
Flattening file 'E:\Cypress\PSoC Creator\4.4\PSoC Creator\psoc\content\CyPrimitives\cyprimitives.cylib\cy_vref_v1_70\cy_vref_v1_70.v'
Flattening file 'E:\Cypress\PSoC Creator\4.4\PSoC Creator\psoc\content\CyComponentLibrary\CyComponentLibrary.cylib\AMux_v1_80\AMux_v1_80.v'
Flattening file 'E:\Cypress\PSoC Creator\4.4\PSoC Creator\warp\lib\common\cypress.v'

vpp:  No errors.

Library 'work' => directory 'lcpsoc3'
General_symbol_table
General_symbol_table
Linking 'E:\Cypress\PSoC Creator\4.4\PSoC Creator\warp\lib\common\std.vhd'.
Linking 'E:\Cypress\PSoC Creator\4.4\PSoC Creator\warp\lib\common\cypress.vhd'.
Linking 'E:\Cypress\PSoC Creator\4.4\PSoC Creator\warp\lib\common\work\cypress.vif'.
Linking 'E:\Cypress\PSoC Creator\4.4\PSoC Creator\warp\lib\ieee\work\stdlogic.vif'.
Linking 'E:\Cypress\PSoC Creator\4.4\PSoC Creator\warp\lib\common\stdlogic\lpmpkg.vif'.
Linking 'E:\Cypress\PSoC Creator\4.4\PSoC Creator\warp\lib\common\stdlogic\rtlpkg.vif'.
Linking 'E:\Cypress\PSoC Creator\4.4\PSoC Creator\warp\lib\common\stdlogic\mod_cnst.vif'.
Linking 'E:\Cypress\PSoC Creator\4.4\PSoC Creator\warp\lib\common\stdlogic\mod_mthv.vif'.
Linking 'E:\Cypress\PSoC Creator\4.4\PSoC Creator\warp\lib\common\stdlogic\mod_genv.vif'.
Using control file 'Design01.ctl'.

vlogfe:  No errors.


======================================================================
Compiling:  Design01.v
Program  :   tovif
Options  :    -yv2 -q10 -ygs -o2 -v3 -.fftcfgtype=LE -ya -.fftprj=D:\Documentos\GitHub\Afinador-Guitarra-PsoC-5LP\ProyectoPDS\ProyectoPDS solo matlab\lab5-fiuna-filtros_sencillos\Design01.cydsn\Design01.cyprj -dcpsoc3 -verilog Design01.v
======================================================================

tovif V6.3 IR 41:  High-level synthesis
Sun Mar 08 12:32:40 2026

Linking 'E:\Cypress\PSoC Creator\4.4\PSoC Creator\warp\lib\common\std.vhd'.
Linking 'E:\Cypress\PSoC Creator\4.4\PSoC Creator\warp\lib\common\cypress.vhd'.
Linking 'E:\Cypress\PSoC Creator\4.4\PSoC Creator\warp\lib\common\work\cypress.vif'.
Linking 'E:\Cypress\PSoC Creator\4.4\PSoC Creator\warp\lib\ieee\work\stdlogic.vif'.
Linking 'E:\Cypress\PSoC Creator\4.4\PSoC Creator\warp\lib\common\stdlogic\lpmpkg.vif'.
Linking 'E:\Cypress\PSoC Creator\4.4\PSoC Creator\warp\lib\common\stdlogic\rtlpkg.vif'.
Linking 'E:\Cypress\PSoC Creator\4.4\PSoC Creator\warp\lib\common\stdlogic\mod_cnst.vif'.
Linking 'E:\Cypress\PSoC Creator\4.4\PSoC Creator\warp\lib\common\stdlogic\mod_mthv.vif'.
Linking 'E:\Cypress\PSoC Creator\4.4\PSoC Creator\warp\lib\common\stdlogic\mod_genv.vif'.
Linking 'D:\Documentos\GitHub\Afinador-Guitarra-PsoC-5LP\ProyectoPDS\ProyectoPDS solo matlab\lab5-fiuna-filtros_sencillos\Design01.cydsn\codegentemp\Design01.ctl'.
Linking 'E:\Cypress\PSoC Creator\4.4\PSoC Creator\psoc\content\CyPrimitives\cyprimitives.cylib\cy_virtualmux_v1_0\cy_virtualmux_v1_0.v'.
Linking 'D:\Documentos\GitHub\Afinador-Guitarra-PsoC-5LP\ProyectoPDS\ProyectoPDS solo matlab\lab5-fiuna-filtros_sencillos\Design01.cydsn\codegentemp\Design01.v'.
Linking 'E:\Cypress\PSoC Creator\4.4\PSoC Creator\psoc\content\CyPrimitives\cyprimitives.cylib\OneTerminal\OneTerminal.v'.
Linking 'E:\Cypress\PSoC Creator\4.4\PSoC Creator\psoc\content\CyPrimitives\cyprimitives.cylib\or_v1_0\or_v1_0.v'.
Linking 'E:\Cypress\PSoC Creator\4.4\PSoC Creator\psoc\content\CyPrimitives\cyprimitives.cylib\ZeroTerminal\ZeroTerminal.v'.
Linking 'E:\Cypress\PSoC Creator\4.4\PSoC Creator\psoc\content\CyPrimitives\cyprimitives.cylib\xor_v1_0\xor_v1_0.v'.
Linking 'E:\Cypress\PSoC Creator\4.4\PSoC Creator\psoc\content\CyPrimitives\cyprimitives.cylib\cy_UDB_clockenable_v1_0\cy_UDB_clockenable_v1_0.v'.
Linking 'E:\Cypress\PSoC Creator\4.4\PSoC Creator\warp\lib\common\cypress.v'.
Linking 'E:\Cypress\PSoC Creator\4.4\PSoC Creator\warp\lib\common\cy_psoc3_inc.v'.
Linking 'E:\Cypress\PSoC Creator\4.4\PSoC Creator\psoc\content\CyPrimitives\cyprimitives.cylib\cydff_v1_30\cydff_v1_30.v'.
Linking 'E:\Cypress\PSoC Creator\4.4\PSoC Creator\psoc\content\CyPrimitives\cyprimitives.cylib\CyStatusReg_v1_90\CyStatusReg_v1_90.v'.
Linking 'E:\Cypress\PSoC Creator\4.4\PSoC Creator\psoc\content\CyPrimitives\cyprimitives.cylib\CyControlReg_v1_80\CyControlReg_v1_80.v'.
Linking 'E:\Cypress\PSoC Creator\4.4\PSoC Creator\psoc\content\CyPrimitives\cyprimitives.cylib\cy_analog_virtualmux_v1_0\cy_analog_virtualmux_v1_0.v'.
Linking 'E:\Cypress\PSoC Creator\4.4\PSoC Creator\psoc\content\CyPrimitives\cyprimitives.cylib\cy_vref_v1_70\cy_vref_v1_70.v'.
Linking 'E:\Cypress\PSoC Creator\4.4\PSoC Creator\psoc\content\CyComponentLibrary\CyComponentLibrary.cylib\AMux_v1_80\AMux_v1_80.v'.

tovif:  No errors.


======================================================================
Compiling:  Design01.v
Program  :   topld
Options  :    -yv2 -q10 -ygs -o2 -v3 -.fftcfgtype=LE -ya -.fftprj=D:\Documentos\GitHub\Afinador-Guitarra-PsoC-5LP\ProyectoPDS\ProyectoPDS solo matlab\lab5-fiuna-filtros_sencillos\Design01.cydsn\Design01.cyprj -dcpsoc3 -verilog Design01.v
======================================================================

topld V6.3 IR 41:  Synthesis and optimization
Sun Mar 08 12:32:40 2026

Linking 'E:\Cypress\PSoC Creator\4.4\PSoC Creator\warp\lib\common\std.vhd'.
Linking 'E:\Cypress\PSoC Creator\4.4\PSoC Creator\warp\lib\common\cypress.vhd'.
Linking 'E:\Cypress\PSoC Creator\4.4\PSoC Creator\warp\lib\common\work\cypress.vif'.
Linking 'E:\Cypress\PSoC Creator\4.4\PSoC Creator\warp\lib\ieee\work\stdlogic.vif'.
Linking 'E:\Cypress\PSoC Creator\4.4\PSoC Creator\warp\lib\common\stdlogic\lpmpkg.vif'.
Linking 'E:\Cypress\PSoC Creator\4.4\PSoC Creator\warp\lib\common\stdlogic\rtlpkg.vif'.
Linking 'E:\Cypress\PSoC Creator\4.4\PSoC Creator\warp\lib\common\stdlogic\mod_cnst.vif'.
Linking 'E:\Cypress\PSoC Creator\4.4\PSoC Creator\warp\lib\common\stdlogic\mod_mthv.vif'.
Linking 'E:\Cypress\PSoC Creator\4.4\PSoC Creator\warp\lib\common\stdlogic\mod_genv.vif'.
Linking 'D:\Documentos\GitHub\Afinador-Guitarra-PsoC-5LP\ProyectoPDS\ProyectoPDS solo matlab\lab5-fiuna-filtros_sencillos\Design01.cydsn\codegentemp\Design01.ctl'.
Linking 'E:\Cypress\PSoC Creator\4.4\PSoC Creator\psoc\content\CyPrimitives\cyprimitives.cylib\cy_virtualmux_v1_0\cy_virtualmux_v1_0.v'.
Linking 'D:\Documentos\GitHub\Afinador-Guitarra-PsoC-5LP\ProyectoPDS\ProyectoPDS solo matlab\lab5-fiuna-filtros_sencillos\Design01.cydsn\codegentemp\Design01.v'.
Linking 'E:\Cypress\PSoC Creator\4.4\PSoC Creator\psoc\content\CyPrimitives\cyprimitives.cylib\OneTerminal\OneTerminal.v'.
Linking 'E:\Cypress\PSoC Creator\4.4\PSoC Creator\psoc\content\CyPrimitives\cyprimitives.cylib\or_v1_0\or_v1_0.v'.
Linking 'E:\Cypress\PSoC Creator\4.4\PSoC Creator\psoc\content\CyPrimitives\cyprimitives.cylib\ZeroTerminal\ZeroTerminal.v'.
Linking 'E:\Cypress\PSoC Creator\4.4\PSoC Creator\psoc\content\CyPrimitives\cyprimitives.cylib\xor_v1_0\xor_v1_0.v'.
Linking 'E:\Cypress\PSoC Creator\4.4\PSoC Creator\psoc\content\CyPrimitives\cyprimitives.cylib\cy_UDB_clockenable_v1_0\cy_UDB_clockenable_v1_0.v'.
Linking 'E:\Cypress\PSoC Creator\4.4\PSoC Creator\warp\lib\common\cypress.v'.
Linking 'E:\Cypress\PSoC Creator\4.4\PSoC Creator\warp\lib\common\cy_psoc3_inc.v'.
Linking 'E:\Cypress\PSoC Creator\4.4\PSoC Creator\psoc\content\CyPrimitives\cyprimitives.cylib\cydff_v1_30\cydff_v1_30.v'.
Linking 'E:\Cypress\PSoC Creator\4.4\PSoC Creator\psoc\content\CyPrimitives\cyprimitives.cylib\CyStatusReg_v1_90\CyStatusReg_v1_90.v'.
Linking 'E:\Cypress\PSoC Creator\4.4\PSoC Creator\psoc\content\CyPrimitives\cyprimitives.cylib\CyControlReg_v1_80\CyControlReg_v1_80.v'.
Linking 'E:\Cypress\PSoC Creator\4.4\PSoC Creator\psoc\content\CyPrimitives\cyprimitives.cylib\cy_analog_virtualmux_v1_0\cy_analog_virtualmux_v1_0.v'.
Linking 'E:\Cypress\PSoC Creator\4.4\PSoC Creator\psoc\content\CyPrimitives\cyprimitives.cylib\cy_vref_v1_70\cy_vref_v1_70.v'.
Linking 'E:\Cypress\PSoC Creator\4.4\PSoC Creator\psoc\content\CyComponentLibrary\CyComponentLibrary.cylib\AMux_v1_80\AMux_v1_80.v'.
Linking 'E:\Cypress\PSoC Creator\4.4\PSoC Creator\warp\lib\lcpsoc3\stdlogic\cpsoc3.vif'.

----------------------------------------------------------
Detecting unused logic.
----------------------------------------------------------
    User names
	\I2C_1:udb_clk\
	Net_373
	\I2C_1:Net_973\
	Net_375
	\I2C_1:Net_974\
	\I2C_1:timeout_clk\
	Net_376
	\I2C_1:Net_975\
	Net_379
	Net_381
	Net_383
	\CtrlReg_Filtro_Out:control_out_0\
	Net_384
	\CtrlReg_Filtro_Out:control_out_1\
	Net_385
	\CtrlReg_Filtro_Out:control_out_2\
	Net_386
	\CtrlReg_Filtro_Out:control_out_3\
	Net_387
	\CtrlReg_Filtro_Out:control_out_4\
	Net_388
	\CtrlReg_Filtro_Out:control_out_5\
	Net_389
	\CtrlReg_Filtro_Out:control_out_6\
	\ADC_DelSig_1:Net_268\
	\ADC_DelSig_1:Net_270\


Deleted 26 User equations/components.
Deleted 0 Synthesized equations/components.

------------------------------------------------------
Alias Detection
------------------------------------------------------
Aliasing one to tmpOE__BIT3_net_0
Aliasing \I2C_1:Net_969\ to tmpOE__BIT3_net_0
Aliasing \I2C_1:Net_968\ to tmpOE__BIT3_net_0
Aliasing tmpOE__SCL_1_net_0 to tmpOE__BIT3_net_0
Aliasing tmpOE__SDA_1_net_0 to tmpOE__BIT3_net_0
Aliasing tmpOE__BIT2_net_0 to tmpOE__BIT3_net_0
Aliasing tmpOE__BIT1_net_0 to tmpOE__BIT3_net_0
Aliasing \Filter_1:Net_1\ to zero
Aliasing \Filter_1:Net_4\ to zero
Aliasing \Filter_1:Net_5\ to zero
Aliasing \Status_Reg_1:status_1\ to zero
Aliasing \Status_Reg_1:status_2\ to zero
Aliasing \Status_Reg_1:status_3\ to zero
Aliasing \Status_Reg_1:status_4\ to zero
Aliasing \Status_Reg_1:status_5\ to zero
Aliasing \Status_Reg_1:status_6\ to zero
Aliasing \Status_Reg_1:status_7\ to zero
Aliasing \CtrlReg_Filtro_Out:rst\ to zero
Aliasing tmpOE__Pin_Salida_F1_net_0 to tmpOE__BIT3_net_0
Aliasing tmpOE__Pin_Salida_F2_net_0 to tmpOE__BIT3_net_0
Aliasing tmpOE__Pin_TierraVirtual_net_0 to tmpOE__BIT3_net_0
Aliasing tmpOE__Pin_Entrada_F1_net_0 to tmpOE__BIT3_net_0
Aliasing tmpOE__Pin_Entrada_F2_net_0 to tmpOE__BIT3_net_0
Aliasing \PGA_1:Net_37\ to zero
Aliasing \PGA_1:Net_40\ to zero
Aliasing \PGA_1:Net_38\ to zero
Aliasing \PGA_1:Net_39\ to zero
Aliasing \ADC_DelSig_1:Net_482\ to zero
Aliasing \ADC_DelSig_1:Net_252\ to zero
Aliasing \ADC_DelSig_1:soc\ to tmpOE__BIT3_net_0
Aliasing tmpOE__Pin_Salida_PGA_net_0 to tmpOE__BIT3_net_0
Aliasing tmpOE__Vout_1_net_0 to tmpOE__BIT3_net_0
Aliasing tmpOE__Pin_1_net_0 to tmpOE__BIT3_net_0
Removing Lhs of wire one[6] = tmpOE__BIT3_net_0[1]
Removing Rhs of wire \I2C_1:sda_x_wire\[11] = \I2C_1:Net_643_1\[12]
Removing Rhs of wire \I2C_1:Net_697\[14] = \I2C_1:Net_643_2\[20]
Removing Rhs of wire \I2C_1:Net_1109_0\[17] = \I2C_1:scl_yfb\[30]
Removing Rhs of wire \I2C_1:Net_1109_1\[18] = \I2C_1:sda_yfb\[31]
Removing Lhs of wire \I2C_1:scl_x_wire\[21] = \I2C_1:Net_643_0\[19]
Removing Lhs of wire \I2C_1:Net_969\[22] = tmpOE__BIT3_net_0[1]
Removing Lhs of wire \I2C_1:Net_968\[23] = tmpOE__BIT3_net_0[1]
Removing Lhs of wire \I2C_1:tmpOE__Bufoe_scl_net_0\[33] = tmpOE__BIT3_net_0[1]
Removing Lhs of wire \I2C_1:tmpOE__Bufoe_sda_net_0\[36] = tmpOE__BIT3_net_0[1]
Removing Lhs of wire tmpOE__SCL_1_net_0[44] = tmpOE__BIT3_net_0[1]
Removing Lhs of wire tmpOE__SDA_1_net_0[49] = tmpOE__BIT3_net_0[1]
Removing Lhs of wire tmpOE__BIT2_net_0[56] = tmpOE__BIT3_net_0[1]
Removing Lhs of wire tmpOE__BIT1_net_0[62] = tmpOE__BIT3_net_0[1]
Removing Lhs of wire \Filter_1:Net_1\[67] = zero[2]
Removing Lhs of wire \Filter_1:Net_4\[69] = zero[2]
Removing Lhs of wire \Filter_1:Net_5\[70] = zero[2]
Removing Rhs of wire Net_196[81] = \CtrlReg_Filtro_Out:control_out_7\[111]
Removing Rhs of wire Net_196[81] = \CtrlReg_Filtro_Out:control_7\[113]
Removing Rhs of wire Net_135[82] = DFF_Signo_Anterior[85]
Removing Lhs of wire \Status_Reg_1:status_0\[86] = Net_205[80]
Removing Lhs of wire \Status_Reg_1:status_1\[87] = zero[2]
Removing Lhs of wire \Status_Reg_1:status_2\[88] = zero[2]
Removing Lhs of wire \Status_Reg_1:status_3\[89] = zero[2]
Removing Lhs of wire \Status_Reg_1:status_4\[90] = zero[2]
Removing Lhs of wire \Status_Reg_1:status_5\[91] = zero[2]
Removing Lhs of wire \Status_Reg_1:status_6\[92] = zero[2]
Removing Lhs of wire \Status_Reg_1:status_7\[93] = zero[2]
Removing Lhs of wire \CtrlReg_Filtro_Out:clk\[95] = Net_209[84]
Removing Lhs of wire \CtrlReg_Filtro_Out:rst\[96] = zero[2]
Removing Lhs of wire tmpOE__Pin_Salida_F1_net_0[127] = tmpOE__BIT3_net_0[1]
Removing Lhs of wire tmpOE__Pin_Salida_F2_net_0[138] = tmpOE__BIT3_net_0[1]
Removing Lhs of wire tmpOE__Pin_TierraVirtual_net_0[149] = tmpOE__BIT3_net_0[1]
Removing Lhs of wire tmpOE__Pin_Entrada_F1_net_0[156] = tmpOE__BIT3_net_0[1]
Removing Lhs of wire tmpOE__Pin_Entrada_F2_net_0[162] = tmpOE__BIT3_net_0[1]
Removing Lhs of wire \PGA_1:Net_37\[169] = zero[2]
Removing Lhs of wire \PGA_1:Net_40\[170] = zero[2]
Removing Lhs of wire \PGA_1:Net_38\[171] = zero[2]
Removing Lhs of wire \PGA_1:Net_39\[172] = zero[2]
Removing Rhs of wire \ADC_DelSig_1:Net_488\[190] = \ADC_DelSig_1:Net_250\[225]
Removing Lhs of wire \ADC_DelSig_1:Net_481\[192] = zero[2]
Removing Lhs of wire \ADC_DelSig_1:Net_482\[193] = zero[2]
Removing Lhs of wire \ADC_DelSig_1:Net_252\[227] = zero[2]
Removing Lhs of wire \ADC_DelSig_1:soc\[229] = tmpOE__BIT3_net_0[1]
Removing Lhs of wire tmpOE__Pin_Salida_PGA_net_0[233] = tmpOE__BIT3_net_0[1]
Removing Lhs of wire tmpOE__Vout_1_net_0[244] = tmpOE__BIT3_net_0[1]
Removing Lhs of wire tmpOE__Pin_1_net_0[250] = tmpOE__BIT3_net_0[1]
Removing Lhs of wire DFF_Signo_AnteriorD[255] = Net_196[81]

------------------------------------------------------
Aliased 0 equations, 48 wires.
------------------------------------------------------

----------------------------------------------------------
Circuit simplification
----------------------------------------------------------

Substituting virtuals - pass 1:


----------------------------------------------------------
Circuit simplification results:

	Expanded 0 signals.
	Turned 0 signals into soft nodes.
	Maximum default expansion cost was set at 3.
----------------------------------------------------------

topld:  No errors.

CYPRESS_DIR    : E:\Cypress\PSoC Creator\4.4\PSoC Creator\warp
Warp Program   : E:\Cypress\PSoC Creator\4.4\PSoC Creator\warp\bin\warp.exe
Warp Arguments : -yv2 -q10 -ygs -o2 -v3 -.fftcfgtype=LE -ya "-.fftprj=D:\Documentos\GitHub\Afinador-Guitarra-PsoC-5LP\ProyectoPDS\ProyectoPDS solo matlab\lab5-fiuna-filtros_sencillos\Design01.cydsn\Design01.cyprj" -dcpsoc3 Design01.v -verilog
</CYPRESSTAG>
Warp synthesis phase: Elapsed time ==> 0s.399ms
<CYPRESSTAG name="Fitter results...">
<CYPRESSTAG name="Fitter startup details...">
cyp3fit: V4.4.0.80, Family: PSoC3, Started at: Sunday, 08 March 2026 12:32:40
Options: -yv2 -q10 -ygs -o2 -v3 -.fftcfgtype=LE -ya -.fftprj=D:\Documentos\GitHub\Afinador-Guitarra-PsoC-5LP\ProyectoPDS\ProyectoPDS solo matlab\lab5-fiuna-filtros_sencillos\Design01.cydsn\Design01.cyprj -d CY8C5888LTI-LP097 Design01.v -verilog
</CYPRESSTAG>
<CYPRESSTAG name="Design parsing">
Design parsing phase: Elapsed time ==> 0s.005ms
</CYPRESSTAG>
<CYPRESSTAG name="Tech Mapping">
<CYPRESSTAG name="Initial Mapping" icon="FILE_RPT_TECHM">
Assigning clock I2C_1_BusClock to clock BUS_CLK because it is a pass-through
<CYPRESSTAG name="Global Clock Selection" icon="FILE_RPT_TECHM">
    Digital Clock 0: Automatic-assigning  clock 'ADC_DelSig_1_Ext_CP_Clk'. Fanout=1, Signal=\ADC_DelSig_1:Net_93\
    Digital Clock 1: Automatic-assigning  clock 'BUS_CLK_Ref'. Fanout=1, Signal=Net_210
    Analog  Clock 0: Automatic-assigning  clock 'ADC_DelSig_1_theACLK'. Fanout=1, Signal=\ADC_DelSig_1:Net_488\
</CYPRESSTAG>
<CYPRESSTAG name="UDB Clock/Enable Remapping Results">
    UDB Clk/Enable \Sync_Pulse:udbclkenable\: with output requested to be synchronous
        ClockIn: BUS_CLK_Ref was determined to be a global clock that is synchronous to BUS_CLK
        EnableIn: \Filter_1:DFB\:dfbcell.dmareq_1 was determined to be asynchronous to ClockIn
        ClockOut: BUS_CLK_Ref, EnableOut: \Sync_Pulse:udbclkenable__SYNC\:synccell.out
</CYPRESSTAG>

Removing unused cells resulting from optimization
Done removing unused cells.
<CYPRESSTAG name="Duplicate Macrocell detection">
</CYPRESSTAG>
</CYPRESSTAG>
<CYPRESSTAG name="Duplicate Macrocell detection">
</CYPRESSTAG>
<CYPRESSTAG name="Design Equations" icon="FILE_RPT_EQUATION">

------------------------------------------------------------
Design Equations
------------------------------------------------------------
    <CYPRESSTAG name="Pin listing">

    ------------------------------------------------------------
    Pin listing
    ------------------------------------------------------------

    Pin : Name = BIT3(0)
        Attributes:
            In Group/Port: True
            In Sync Option: NOSYNC
            Out Sync Option: AUTO
            Interrupt generated: False
            Interrupt mode: NONE
            Drive mode: RES_PULL_DOWN
            VTrip: CMOS
            Slew: FAST
            Input Sync needed: False
            Output Sync needed: False
            SC shield enabled: False
            POR State: ANY
            LCD Mode: COMMON
            Register Mode: RegComb
            CaSense Mode: NEITHER
            Treat as pin: True
            Is OE Registered: False
            Uses Analog: False
            Can contain Digital: True
            Is SIO: False
            SIO Output Buf: NONREGULATED
            SIO Input Buf: SINGLE_ENDED
            SIO HiFreq: LOW
            SIO Hyst: DISABLED
            SIO Vtrip: MULTIPLIER_0_5
            SIO Multiplier Index: 0
            SIO RefSel: VCC_IO
            Required Capabilities: DIGITAL
            Initial Value: 0
            IO Voltage: 0
        PORT MAP (
            pa_out => BIT3(0)__PA ,
            pad => BIT3(0)_PAD );
        Properties:
        {
        }

    Pin : Name = SCL_1(0)
        Attributes:
            In Group/Port: True
            In Sync Option: SYNC
            Out Sync Option: NOSYNC
            Interrupt generated: False
            Interrupt mode: NONE
            Drive mode: OPEN_DRAIN_LO
            VTrip: CMOS
            Slew: FAST
            Input Sync needed: False
            Output Sync needed: False
            SC shield enabled: False
            POR State: ANY
            LCD Mode: COMMON
            Register Mode: RegComb
            CaSense Mode: NEITHER
            Treat as pin: True
            Is OE Registered: False
            Uses Analog: False
            Can contain Digital: True
            Is SIO: False
            SIO Output Buf: NONREGULATED
            SIO Input Buf: SINGLE_ENDED
            SIO HiFreq: LOW
            SIO Hyst: DISABLED
            SIO Vtrip: MULTIPLIER_0_5
            SIO Multiplier Index: 0
            SIO RefSel: VCC_IO
            Required Capabilities: DIGITAL, ROUTABLE
            Initial Value: 1
            IO Voltage: 0
        PORT MAP (
            pa_out => SCL_1(0)__PA ,
            fb => \I2C_1:Net_1109_0\ ,
            pin_input => \I2C_1:Net_643_0\ ,
            pad => SCL_1(0)_PAD );
        Properties:
        {
        }

    Pin : Name = SDA_1(0)
        Attributes:
            In Group/Port: True
            In Sync Option: SYNC
            Out Sync Option: NOSYNC
            Interrupt generated: False
            Interrupt mode: NONE
            Drive mode: OPEN_DRAIN_LO
            VTrip: CMOS
            Slew: FAST
            Input Sync needed: False
            Output Sync needed: False
            SC shield enabled: False
            POR State: ANY
            LCD Mode: COMMON
            Register Mode: RegComb
            CaSense Mode: NEITHER
            Treat as pin: True
            Is OE Registered: False
            Uses Analog: False
            Can contain Digital: True
            Is SIO: False
            SIO Output Buf: NONREGULATED
            SIO Input Buf: SINGLE_ENDED
            SIO HiFreq: LOW
            SIO Hyst: DISABLED
            SIO Vtrip: MULTIPLIER_0_5
            SIO Multiplier Index: 0
            SIO RefSel: VCC_IO
            Required Capabilities: DIGITAL, ROUTABLE
            Initial Value: 1
            IO Voltage: 0
        PORT MAP (
            pa_out => SDA_1(0)__PA ,
            fb => \I2C_1:Net_1109_1\ ,
            pin_input => \I2C_1:sda_x_wire\ ,
            pad => SDA_1(0)_PAD );
        Properties:
        {
        }

    Pin : Name = BIT2(0)
        Attributes:
            In Group/Port: True
            In Sync Option: NOSYNC
            Out Sync Option: AUTO
            Interrupt generated: False
            Interrupt mode: NONE
            Drive mode: RES_PULL_DOWN
            VTrip: CMOS
            Slew: FAST
            Input Sync needed: False
            Output Sync needed: False
            SC shield enabled: False
            POR State: ANY
            LCD Mode: COMMON
            Register Mode: RegComb
            CaSense Mode: NEITHER
            Treat as pin: True
            Is OE Registered: False
            Uses Analog: False
            Can contain Digital: True
            Is SIO: False
            SIO Output Buf: NONREGULATED
            SIO Input Buf: SINGLE_ENDED
            SIO HiFreq: LOW
            SIO Hyst: DISABLED
            SIO Vtrip: MULTIPLIER_0_5
            SIO Multiplier Index: 0
            SIO RefSel: VCC_IO
            Required Capabilities: DIGITAL
            Initial Value: 0
            IO Voltage: 0
        PORT MAP (
            pa_out => BIT2(0)__PA ,
            pad => BIT2(0)_PAD );
        Properties:
        {
        }

    Pin : Name = BIT1(0)
        Attributes:
            In Group/Port: True
            In Sync Option: NOSYNC
            Out Sync Option: AUTO
            Interrupt generated: False
            Interrupt mode: NONE
            Drive mode: RES_PULL_DOWN
            VTrip: CMOS
            Slew: FAST
            Input Sync needed: False
            Output Sync needed: False
            SC shield enabled: False
            POR State: ANY
            LCD Mode: COMMON
            Register Mode: RegComb
            CaSense Mode: NEITHER
            Treat as pin: True
            Is OE Registered: False
            Uses Analog: False
            Can contain Digital: True
            Is SIO: False
            SIO Output Buf: NONREGULATED
            SIO Input Buf: SINGLE_ENDED
            SIO HiFreq: LOW
            SIO Hyst: DISABLED
            SIO Vtrip: MULTIPLIER_0_5
            SIO Multiplier Index: 0
            SIO RefSel: VCC_IO
            Required Capabilities: DIGITAL
            Initial Value: 0
            IO Voltage: 0
        PORT MAP (
            pa_out => BIT1(0)__PA ,
            pad => BIT1(0)_PAD );
        Properties:
        {
        }

    Pin : Name = Pin_Salida_F1(0)
        Attributes:
            In Group/Port: True
            In Sync Option: AUTO
            Out Sync Option: AUTO
            Interrupt generated: False
            Interrupt mode: NONE
            Drive mode: HI_Z_ANALOG
            VTrip: EITHER
            Slew: FAST
            Input Sync needed: False
            Output Sync needed: False
            SC shield enabled: False
            POR State: ANY
            LCD Mode: COMMON
            Register Mode: RegComb
            CaSense Mode: NEITHER
            Treat as pin: True
            Is OE Registered: False
            Uses Analog: True
            Can contain Digital: False
            Is SIO: False
            SIO Output Buf: NONREGULATED
            SIO Input Buf: SINGLE_ENDED
            SIO HiFreq: LOW
            SIO Hyst: DISABLED
            SIO Vtrip: MULTIPLIER_0_5
            SIO Multiplier Index: 0
            SIO RefSel: VCC_IO
            Required Capabilities: ANALOG
            Initial Value: 0
            IO Voltage: 0
        PORT MAP (
            pa_out => Pin_Salida_F1(0)__PA ,
            analog_term => Net_425 ,
            pad => Pin_Salida_F1(0)_PAD );
        Properties:
        {
        }

    Pin : Name = Pin_Salida_F2(0)
        Attributes:
            In Group/Port: True
            In Sync Option: AUTO
            Out Sync Option: AUTO
            Interrupt generated: False
            Interrupt mode: NONE
            Drive mode: HI_Z_ANALOG
            VTrip: EITHER
            Slew: FAST
            Input Sync needed: False
            Output Sync needed: False
            SC shield enabled: False
            POR State: ANY
            LCD Mode: COMMON
            Register Mode: RegComb
            CaSense Mode: NEITHER
            Treat as pin: True
            Is OE Registered: False
            Uses Analog: True
            Can contain Digital: False
            Is SIO: False
            SIO Output Buf: NONREGULATED
            SIO Input Buf: SINGLE_ENDED
            SIO HiFreq: LOW
            SIO Hyst: DISABLED
            SIO Vtrip: MULTIPLIER_0_5
            SIO Multiplier Index: 0
            SIO RefSel: VCC_IO
            Required Capabilities: ANALOG
            Initial Value: 0
            IO Voltage: 0
        PORT MAP (
            pa_out => Pin_Salida_F2(0)__PA ,
            analog_term => Net_426 ,
            pad => Pin_Salida_F2(0)_PAD );
        Properties:
        {
        }

    Pin : Name = Pin_TierraVirtual(0)
        Attributes:
            In Group/Port: True
            In Sync Option: AUTO
            Out Sync Option: AUTO
            Interrupt generated: False
            Interrupt mode: NONE
            Drive mode: HI_Z_ANALOG
            VTrip: EITHER
            Slew: FAST
            Input Sync needed: False
            Output Sync needed: False
            SC shield enabled: False
            POR State: ANY
            LCD Mode: COMMON
            Register Mode: RegComb
            CaSense Mode: NEITHER
            Treat as pin: True
            Is OE Registered: False
            Uses Analog: True
            Can contain Digital: False
            Is SIO: False
            SIO Output Buf: NONREGULATED
            SIO Input Buf: SINGLE_ENDED
            SIO HiFreq: LOW
            SIO Hyst: DISABLED
            SIO Vtrip: MULTIPLIER_0_5
            SIO Multiplier Index: 0
            SIO RefSel: VCC_IO
            Required Capabilities: ANALOG
            Initial Value: 0
            IO Voltage: 0
        PORT MAP (
            pa_out => Pin_TierraVirtual(0)__PA ,
            analog_term => Net_12 ,
            pad => Pin_TierraVirtual(0)_PAD );
        Properties:
        {
        }

    Pin : Name = Pin_Entrada_F1(0)
        Attributes:
            In Group/Port: True
            In Sync Option: AUTO
            Out Sync Option: AUTO
            Interrupt generated: False
            Interrupt mode: NONE
            Drive mode: HI_Z_ANALOG
            VTrip: EITHER
            Slew: FAST
            Input Sync needed: False
            Output Sync needed: False
            SC shield enabled: False
            POR State: ANY
            LCD Mode: COMMON
            Register Mode: RegComb
            CaSense Mode: NEITHER
            Treat as pin: True
            Is OE Registered: False
            Uses Analog: True
            Can contain Digital: False
            Is SIO: False
            SIO Output Buf: NONREGULATED
            SIO Input Buf: SINGLE_ENDED
            SIO HiFreq: LOW
            SIO Hyst: DISABLED
            SIO Vtrip: MULTIPLIER_0_5
            SIO Multiplier Index: 0
            SIO RefSel: VCC_IO
            Required Capabilities: ANALOG
            Initial Value: 0
            IO Voltage: 0
        PORT MAP (
            pa_out => Pin_Entrada_F1(0)__PA ,
            analog_term => Net_24 ,
            pad => Pin_Entrada_F1(0)_PAD );
        Properties:
        {
        }

    Pin : Name = Pin_Entrada_F2(0)
        Attributes:
            In Group/Port: True
            In Sync Option: AUTO
            Out Sync Option: AUTO
            Interrupt generated: False
            Interrupt mode: NONE
            Drive mode: HI_Z_ANALOG
            VTrip: EITHER
            Slew: FAST
            Input Sync needed: False
            Output Sync needed: False
            SC shield enabled: False
            POR State: ANY
            LCD Mode: COMMON
            Register Mode: RegComb
            CaSense Mode: NEITHER
            Treat as pin: True
            Is OE Registered: False
            Uses Analog: True
            Can contain Digital: False
            Is SIO: False
            SIO Output Buf: NONREGULATED
            SIO Input Buf: SINGLE_ENDED
            SIO HiFreq: LOW
            SIO Hyst: DISABLED
            SIO Vtrip: MULTIPLIER_0_5
            SIO Multiplier Index: 0
            SIO RefSel: VCC_IO
            Required Capabilities: ANALOG
            Initial Value: 0
            IO Voltage: 0
        PORT MAP (
            pa_out => Pin_Entrada_F2(0)__PA ,
            analog_term => Net_6 ,
            pad => Pin_Entrada_F2(0)_PAD );
        Properties:
        {
        }

    Pin : Name = Pin_Salida_PGA(0)
        Attributes:
            In Group/Port: True
            In Sync Option: AUTO
            Out Sync Option: AUTO
            Interrupt generated: False
            Interrupt mode: NONE
            Drive mode: HI_Z_ANALOG
            VTrip: EITHER
            Slew: FAST
            Input Sync needed: False
            Output Sync needed: False
            SC shield enabled: False
            POR State: ANY
            LCD Mode: COMMON
            Register Mode: RegComb
            CaSense Mode: NEITHER
            Treat as pin: True
            Is OE Registered: False
            Uses Analog: True
            Can contain Digital: False
            Is SIO: False
            SIO Output Buf: NONREGULATED
            SIO Input Buf: SINGLE_ENDED
            SIO HiFreq: LOW
            SIO Hyst: DISABLED
            SIO Vtrip: MULTIPLIER_0_5
            SIO Multiplier Index: 0
            SIO RefSel: VCC_IO
            Required Capabilities: ANALOG
            Initial Value: 0
            IO Voltage: 0
        PORT MAP (
            pa_out => Pin_Salida_PGA(0)__PA ,
            analog_term => Net_76 ,
            pad => Pin_Salida_PGA(0)_PAD );
        Properties:
        {
        }

    Pin : Name = Vout_1(0)
        Attributes:
            In Group/Port: True
            In Sync Option: AUTO
            Out Sync Option: AUTO
            Interrupt generated: False
            Interrupt mode: NONE
            Drive mode: HI_Z_ANALOG
            VTrip: EITHER
            Slew: FAST
            Input Sync needed: False
            Output Sync needed: False
            SC shield enabled: False
            POR State: ANY
            LCD Mode: COMMON
            Register Mode: RegComb
            CaSense Mode: NEITHER
            Treat as pin: True
            Is OE Registered: False
            Uses Analog: True
            Can contain Digital: False
            Is SIO: False
            SIO Output Buf: NONREGULATED
            SIO Input Buf: SINGLE_ENDED
            SIO HiFreq: LOW
            SIO Hyst: DISABLED
            SIO Vtrip: MULTIPLIER_0_5
            SIO Multiplier Index: 0
            SIO RefSel: VCC_IO
            Required Capabilities: ANALOG
            Initial Value: 0
            IO Voltage: 0
        PORT MAP (
            pa_out => Vout_1(0)__PA ,
            analog_term => Net_428 ,
            pad => Vout_1(0)_PAD );
        Properties:
        {
        }

    Pin : Name = Pin_1(0)
        Attributes:
            In Group/Port: True
            In Sync Option: AUTO
            Out Sync Option: AUTO
            Interrupt generated: False
            Interrupt mode: NONE
            Drive mode: HI_Z_ANALOG
            VTrip: EITHER
            Slew: FAST
            Input Sync needed: False
            Output Sync needed: False
            SC shield enabled: False
            POR State: ANY
            LCD Mode: COMMON
            Register Mode: RegComb
            CaSense Mode: NEITHER
            Treat as pin: True
            Is OE Registered: False
            Uses Analog: True
            Can contain Digital: False
            Is SIO: False
            SIO Output Buf: NONREGULATED
            SIO Input Buf: SINGLE_ENDED
            SIO HiFreq: LOW
            SIO Hyst: DISABLED
            SIO Vtrip: MULTIPLIER_0_5
            SIO Multiplier Index: 0
            SIO RefSel: VCC_IO
            Required Capabilities: ANALOG
            Initial Value: 0
            IO Voltage: 0
        PORT MAP (
            pa_out => Pin_1(0)__PA ,
            analog_term => Net_429 ,
            pad => Pin_1(0)_PAD );
        Properties:
        {
        }
    </CYPRESSTAG>
    <CYPRESSTAG name="Macrocell listing" icon="FILE_RPT_EQUATION">

    ------------------------------------------------------------
    Macrocell listing
    ------------------------------------------------------------

    MacroCell: Name=Net_205, Mode=(Combinatorial)
        Total # of inputs        : 2
        Total # of product terms : 2
            Clock Enable: True
        Main Equation            : 2 pterms
        (
              !Net_196 * Net_135
            + Net_196 * !Net_135
        );
        Output = Net_205 (fanout=1)

    MacroCell: Name=__ONE__, Mode=(Combinatorial)
        Total # of inputs        : 0
        Total # of product terms : 0
            Clock Enable: True
        Main Equation            : 0 pterms
        !(
            0
        );
        Output = __ONE__ (fanout=1)

    MacroCell: Name=Net_135, Mode=(D-Register)
        Total # of inputs        : 1
        Total # of product terms : 1
        List of special equations: 
            Clock  = (Net_210) => Global
            Clock Enable: PosEdge(\Sync_Pulse:udbclkenable__SYNC_OUT\)
        Main Equation            : 1 pterm
        (
              Net_196
        );
        Output = Net_135 (fanout=1)
    </CYPRESSTAG>
    <CYPRESSTAG name="Datapath listing">
    </CYPRESSTAG>
    <CYPRESSTAG name="Status register listing">

    ------------------------------------------------------------
    Status register listing
    ------------------------------------------------------------

    statuscell: Name =\Status_Reg_1:sts:sts_reg\
        PORT MAP (
            status_0 => Net_205 );
        Properties:
        {
            cy_force_order = 1
            cy_md_select = "00000000"
        }
        Clock Enable: True
    </CYPRESSTAG>
    <CYPRESSTAG name="StatusI register listing">
    </CYPRESSTAG>
    <CYPRESSTAG name="Sync listing">

    ------------------------------------------------------------
    Sync listing
    ------------------------------------------------------------

    synccell: Name =SDA_1(0)_SYNC
        PORT MAP (
            in => \I2C_1:Net_1109_1\ ,
            out => \I2C_1:Net_1109_1_SYNCOUT\ ,
            clock => ClockBlock_BUS_CLK );
        Clock Polarity: Active High
        Clock Enable: True

    synccell: Name =\Sync_Pulse:udbclkenable__SYNC\
        PORT MAP (
            in => Entrada_SyncPulse ,
            out => \Sync_Pulse:udbclkenable__SYNC_OUT\ ,
            clock => Net_210 );
        Clock Polarity: Active High
        Clock Enable: True

    synccell: Name =SCL_1(0)_SYNC
        PORT MAP (
            in => \I2C_1:Net_1109_0\ ,
            out => \I2C_1:Net_1109_0_SYNCOUT\ ,
            clock => ClockBlock_BUS_CLK );
        Clock Polarity: Active High
        Clock Enable: True
    </CYPRESSTAG>
    <CYPRESSTAG name="Control register listing">

    ------------------------------------------------------------
    Control register listing
    ------------------------------------------------------------

    controlcell: Name =\CtrlReg_Filtro_Out:Sync:ctrl_reg\
        PORT MAP (
            clock => Net_210 ,
            control_7 => Net_196 ,
            control_6 => \CtrlReg_Filtro_Out:control_6\ ,
            control_5 => \CtrlReg_Filtro_Out:control_5\ ,
            control_4 => \CtrlReg_Filtro_Out:control_4\ ,
            control_3 => \CtrlReg_Filtro_Out:control_3\ ,
            control_2 => \CtrlReg_Filtro_Out:control_2\ ,
            control_1 => \CtrlReg_Filtro_Out:control_1\ ,
            control_0 => \CtrlReg_Filtro_Out:control_0\ ,
            clk_en => \Sync_Pulse:udbclkenable__SYNC_OUT\ );
        Properties:
        {
            cy_ctrl_mode_0 = "11111111"
            cy_ctrl_mode_1 = "00000000"
            cy_ext_reset = 1
            cy_force_order = 1
            cy_init_value = "00000000"
        }
        Clock Polarity: Active High
        Clock Enable: PosEdge(\Sync_Pulse:udbclkenable__SYNC_OUT\)
    </CYPRESSTAG>
    <CYPRESSTAG name="Count7 listing">
    </CYPRESSTAG>
    <CYPRESSTAG name="DRQ listing">

    ------------------------------------------------------------
    DRQ listing
    ------------------------------------------------------------

    drqcell: Name =DMA_In
        PORT MAP (
            dmareq => Entrada_SyncPulse ,
            termin => zero ,
            termout => Net_338 );
        Properties:
        {
            drq_type = "00"
            num_tds = 0
        }

    drqcell: Name =DMA_Out
        PORT MAP (
            dmareq => Entrada_SyncPulse ,
            termin => zero ,
            termout => Net_53 );
        Properties:
        {
            drq_type = "00"
            num_tds = 0
        }

    drqcell: Name =DMA_a_Comp
        PORT MAP (
            dmareq => Entrada_SyncPulse ,
            termin => zero ,
            termout => Net_325 );
        Properties:
        {
            drq_type = "00"
            num_tds = 0
        }
    </CYPRESSTAG>
    <CYPRESSTAG name="Interrupt listing">

    ------------------------------------------------------------
    Interrupt listing
    ------------------------------------------------------------

    interrupt: Name =\I2C_1:I2C_IRQ\
        PORT MAP (
            interrupt => \I2C_1:Net_697\ );
        Properties:
        {
            int_type = "00"
            is_nmi = 0
        }

    interrupt: Name =isr_dma_done
        PORT MAP (
            interrupt => Net_53 );
        Properties:
        {
            int_type = "10"
            is_nmi = 0
        }

    interrupt: Name =\ADC_DelSig_1:IRQ\
        PORT MAP (
            interrupt => Net_405 );
        Properties:
        {
            int_type = "10"
            is_nmi = 0
        }
    </CYPRESSTAG>
</CYPRESSTAG>
<CYPRESSTAG name="Technology mapping summary" expanded>

------------------------------------------------------------
Technology mapping summary
------------------------------------------------------------

Resource Type                 : Used : Free :  Max :  % Used
============================================================
Digital Clocks                :    2 :    6 :    8 : 25.00 %
Analog Clocks                 :    1 :    3 :    4 : 25.00 %
CapSense Buffers              :    0 :    2 :    2 :  0.00 %
Digital Filter Block          :    1 :    0 :    1 : 100.00 %
Interrupts                    :    3 :   29 :   32 :  9.38 %
IO                            :   16 :   32 :   48 : 33.33 %
Segment LCD                   :    0 :    1 :    1 :  0.00 %
CAN 2.0b                      :    0 :    1 :    1 :  0.00 %
I2C                           :    1 :    0 :    1 : 100.00 %
USB                           :    0 :    1 :    1 :  0.00 %
DMA Channels                  :    3 :   21 :   24 : 12.50 %
Timer                         :    0 :    4 :    4 :  0.00 %
UDB                           :      :      :      :        
  Macrocells                  :    3 :  189 :  192 :  1.56 %
  Unique P-terms              :    3 :  381 :  384 :  0.78 %
  Total P-terms               :    3 :      :      :        
  Datapath Cells              :    0 :   24 :   24 :  0.00 %
  Status Cells                :    2 :   22 :   24 :  8.33 %
    Status Registers          :    1 :      :      :        
    Sync Cells (x3)           :    1 :      :      :        
  Control Cells               :    1 :   23 :   24 :  4.17 %
    Control Registers         :    1 :      :      :        
Opamp                         :    4 :    0 :    4 : 100.00 %
Comparator                    :    0 :    4 :    4 :  0.00 %
Delta-Sigma ADC               :    1 :    0 :    1 : 100.00 %
LPF                           :    0 :    2 :    2 :  0.00 %
SAR ADC                       :    0 :    2 :    2 :  0.00 %
Analog (SC/CT) Blocks         :    1 :    3 :    4 : 25.00 %
DAC                           :      :      :      :        
  VIDAC                       :    0 :    4 :    4 :  0.00 %
</CYPRESSTAG>
Technology Mapping: Elapsed time ==> 0s.057ms
Tech Mapping phase: Elapsed time ==> 0s.095ms
</CYPRESSTAG>
<CYPRESSTAG name="Analog Placement">
Info: apr.M0002: Analog signal "\ADC_DelSig_1:Net_35\" is connected to one terminal only. (App=cydsfit)
Initial Analog Placement Results:
IO_7@[IOP=(2)][IoId=(7)] : BIT1(0) (fixed)
IO_6@[IOP=(2)][IoId=(6)] : BIT2(0) (fixed)
IO_5@[IOP=(2)][IoId=(5)] : BIT3(0) (fixed)
IO_5@[IOP=(3)][IoId=(5)] : Pin_1(0) (fixed)
IO_2@[IOP=(0)][IoId=(2)] : Pin_Entrada_F1(0) (fixed)
IO_4@[IOP=(0)][IoId=(4)] : Pin_Entrada_F2(0) (fixed)
IO_1@[IOP=(0)][IoId=(1)] : Pin_Salida_F1(0) (fixed)
IO_0@[IOP=(0)][IoId=(0)] : Pin_Salida_F2(0) (fixed)
IO_5@[IOP=(0)][IoId=(5)] : Pin_Salida_PGA(0) (fixed)
IO_7@[IOP=(3)][IoId=(7)] : Pin_TierraVirtual(0) (fixed)
IO_0@[IOP=(12)][IoId=(0)] : SCL_1(0) (fixed)
IO_1@[IOP=(12)][IoId=(1)] : SDA_1(0) (fixed)
IO_6@[IOP=(3)][IoId=(6)] : Vout_1(0) (fixed)
OpAmp[3]@[FFB(OpAmp,3)] : \OpAmp_Vref:ABuf\ (fixed)
OpAmp[2]@[FFB(OpAmp,2)] : \OpAmp_Filtro2:ABuf\ (fixed)
OpAmp[0]@[FFB(OpAmp,0)] : \OpAmp_Filtro1:ABuf\ (fixed)
OpAmp[1]@[FFB(OpAmp,1)] : \OpAmp_Acoplador:ABuf\ (fixed)
DSM[0]@[FFB(DSM,0)] : \ADC_DelSig_1:DSM\
Vref[6]@[FFB(Vref,6)] : \ADC_DelSig_1:vRef_2\
SC[1]@[FFB(SC,1)] : \PGA_1:SC\
Vref[1]@[FFB(Vref,1)] : vRef_1
Log: apr.M0058: The analog placement iterative improvement is 36% done. (App=cydsfit)
Log: apr.M0058: The analog placement iterative improvement is 58% done. (App=cydsfit)
Log: apr.M0058: The analog placement iterative improvement is 92% done. (App=cydsfit)
Analog Placement Results:
IO_7@[IOP=(2)][IoId=(7)] : BIT1(0) (fixed)
IO_6@[IOP=(2)][IoId=(6)] : BIT2(0) (fixed)
IO_5@[IOP=(2)][IoId=(5)] : BIT3(0) (fixed)
IO_5@[IOP=(3)][IoId=(5)] : Pin_1(0) (fixed)
IO_2@[IOP=(0)][IoId=(2)] : Pin_Entrada_F1(0) (fixed)
IO_4@[IOP=(0)][IoId=(4)] : Pin_Entrada_F2(0) (fixed)
IO_1@[IOP=(0)][IoId=(1)] : Pin_Salida_F1(0) (fixed)
IO_0@[IOP=(0)][IoId=(0)] : Pin_Salida_F2(0) (fixed)
IO_5@[IOP=(0)][IoId=(5)] : Pin_Salida_PGA(0) (fixed)
IO_7@[IOP=(3)][IoId=(7)] : Pin_TierraVirtual(0) (fixed)
IO_0@[IOP=(12)][IoId=(0)] : SCL_1(0) (fixed)
IO_1@[IOP=(12)][IoId=(1)] : SDA_1(0) (fixed)
IO_6@[IOP=(3)][IoId=(6)] : Vout_1(0) (fixed)
OpAmp[3]@[FFB(OpAmp,3)] : \OpAmp_Vref:ABuf\ (fixed)
OpAmp[2]@[FFB(OpAmp,2)] : \OpAmp_Filtro2:ABuf\ (fixed)
OpAmp[0]@[FFB(OpAmp,0)] : \OpAmp_Filtro1:ABuf\ (fixed)
OpAmp[1]@[FFB(OpAmp,1)] : \OpAmp_Acoplador:ABuf\ (fixed)
DSM[0]@[FFB(DSM,0)] : \ADC_DelSig_1:DSM\
Vref[6]@[FFB(Vref,6)] : \ADC_DelSig_1:vRef_2\
SC[0]@[FFB(SC,0)] : \PGA_1:SC\
Vref[1]@[FFB(Vref,1)] : vRef_1

Analog Placement phase: Elapsed time ==> 1s.085ms
</CYPRESSTAG>
<CYPRESSTAG name="Analog Routing">
Net "Net_426" overuses wire "AGL[5]"
Net "Net_76" overuses wire "dsm0+ Wire"
Net "Net_76" overuses wire "AGL[5]"
Net "Net_12" overuses wire "dsm0+ Wire"
Analog Routing phase: Elapsed time ==> 0s.008ms
</CYPRESSTAG>
<CYPRESSTAG name="Analog Code Generation">
Warning: apr.M0042: Bonded pin(s) "P3[2]" are not used in your current design but have been connected in order to route the design. (App=cydsfit)
============ Analog Final Answer Routes ============
Dump of CyAnalogRoutingResultsDB
Map of net to items {
  Net: \ADC_DelSig_1:Net_20\ {
    dsm_0_vminus
  }
  Net: \ADC_DelSig_1:Net_244\ {
    common_vssa
  }
  Net: \ADC_DelSig_1:Net_35\ {
  }
  Net: Net_429 {
    opamp_1_vplus
    opamp_1_vplus_x_p3_5
    p3_5
  }
  Net: Net_24 {
    opamp_0_vplus
    opamp_0_vplus_x_p0_2
    p0_2
  }
  Net: Net_6 {
    opamp_2_vplus
    opamp_2_vplus_x_p0_4
    p0_4
  }
  Net: Net_425 {
    p0_1
    opamp_0_vminus_x_p0_1
    opamp_0_vminus
  }
  Net: Net_426 {
    sc_0_vin
    agl7_x_sc_0_vin
    agl7
    agl7_x_opamp_2_vminus
    opamp_2_vminus
    opamp_2_vminus_x_p0_0
    p0_0
  }
  Net: Net_76 {
    sc_0_vout
    agl5_x_sc_0_vout
    agl5
    agl5_x_dsm_0_vplus
    dsm_0_vplus
    agl5_x_p0_5
    p0_5
  }
  Net: Net_12 {
    sc_0_vref
    agl6_x_sc_0_vref
    agl6
    agl6_x_agr6
    agr6
    agr6_x_p3_2
    p3_2
    amuxbusr_x_p3_2
    amuxbusr
    amuxbusr_x_p3_7
    p3_7
    opamp_3_vminus_x_p3_2
    opamp_3_vminus
  }
  Net: Net_428 {
    p3_6
    opamp_1_vminus_x_p3_6
    opamp_1_vminus
  }
  Net: \ADC_DelSig_1:Net_249\ {
  }
  Net: \ADC_DelSig_1:Net_257\ {
  }
  Net: \ADC_DelSig_1:Net_109\ {
  }
  Net: \ADC_DelSig_1:Net_34\ {
  }
  Net: Net_9 {
    common_Vdda/2
    common_Vdda/2_x_comp_vref_vdda
    comp_vref_vdda
    comp_vref_vdda_x_comp_vref_vdda_0256
    comp_vref_vdda_0256
    comp_1_vminus_x_comp_vref_vdda_0256
    comp_1_vminus
    agr4_x_comp_1_vminus
    agr4
    agr4_x_opamp_3_vplus
    opamp_3_vplus
  }
  Net: AmuxNet::\ADC_DelSig_1:AMux\ {
    dsm_0_vminus
    dsm_0_vminus_x_dsm_0_vminus_vssa
    dsm_0_vminus_vssa
    common_vssa
  }
}
Map of item to net {
  opamp_1_vplus                                    -> Net_429
  opamp_1_vplus_x_p3_5                             -> Net_429
  p3_5                                             -> Net_429
  opamp_0_vplus                                    -> Net_24
  opamp_0_vplus_x_p0_2                             -> Net_24
  p0_2                                             -> Net_24
  opamp_2_vplus                                    -> Net_6
  opamp_2_vplus_x_p0_4                             -> Net_6
  p0_4                                             -> Net_6
  p0_1                                             -> Net_425
  opamp_0_vminus_x_p0_1                            -> Net_425
  opamp_0_vminus                                   -> Net_425
  sc_0_vin                                         -> Net_426
  agl7_x_sc_0_vin                                  -> Net_426
  agl7                                             -> Net_426
  agl7_x_opamp_2_vminus                            -> Net_426
  opamp_2_vminus                                   -> Net_426
  opamp_2_vminus_x_p0_0                            -> Net_426
  p0_0                                             -> Net_426
  sc_0_vout                                        -> Net_76
  agl5_x_sc_0_vout                                 -> Net_76
  agl5                                             -> Net_76
  agl5_x_dsm_0_vplus                               -> Net_76
  dsm_0_vplus                                      -> Net_76
  agl5_x_p0_5                                      -> Net_76
  p0_5                                             -> Net_76
  sc_0_vref                                        -> Net_12
  agl6_x_sc_0_vref                                 -> Net_12
  agl6                                             -> Net_12
  agl6_x_agr6                                      -> Net_12
  agr6                                             -> Net_12
  agr6_x_p3_2                                      -> Net_12
  p3_2                                             -> Net_12
  amuxbusr_x_p3_2                                  -> Net_12
  amuxbusr                                         -> Net_12
  amuxbusr_x_p3_7                                  -> Net_12
  p3_7                                             -> Net_12
  opamp_3_vminus_x_p3_2                            -> Net_12
  opamp_3_vminus                                   -> Net_12
  p3_6                                             -> Net_428
  opamp_1_vminus_x_p3_6                            -> Net_428
  opamp_1_vminus                                   -> Net_428
  common_Vdda/2                                    -> Net_9
  common_Vdda/2_x_comp_vref_vdda                   -> Net_9
  comp_vref_vdda                                   -> Net_9
  comp_vref_vdda_x_comp_vref_vdda_0256             -> Net_9
  comp_vref_vdda_0256                              -> Net_9
  comp_1_vminus_x_comp_vref_vdda_0256              -> Net_9
  comp_1_vminus                                    -> Net_9
  agr4_x_comp_1_vminus                             -> Net_9
  agr4                                             -> Net_9
  agr4_x_opamp_3_vplus                             -> Net_9
  opamp_3_vplus                                    -> Net_9
  dsm_0_vminus                                     -> \ADC_DelSig_1:Net_20\
  common_vssa                                      -> \ADC_DelSig_1:Net_244\
  dsm_0_vminus_x_dsm_0_vminus_vssa                 -> AmuxNet::\ADC_DelSig_1:AMux\
  dsm_0_vminus_vssa                                -> AmuxNet::\ADC_DelSig_1:AMux\
}
Mux Info {
  Mux: \ADC_DelSig_1:AMux\ {
     Mouth: \ADC_DelSig_1:Net_20\
     Guts:  AmuxNet::\ADC_DelSig_1:AMux\
     IsSingleSwitching: False
     IsStaticSwitching: True
     IsAtMostOneSwitch: False
    Arm: 0 {
      Net:   \ADC_DelSig_1:Net_244\
      Outer: dsm_0_vminus_x_dsm_0_vminus_vssa
      Inner: __open__
      Path {
        common_vssa
        dsm_0_vminus_vssa
        dsm_0_vminus_x_dsm_0_vminus_vssa
        dsm_0_vminus
      }
    }
    Arm: 1 {
      Net:   \ADC_DelSig_1:Net_35\
      Outer: __open__
      Inner: __open__
      Path {
      }
    }
  }
}
Dump of CyP35AnalogRoutingResultsDB
IsVddaHalfUsedForComp = True
IsVddaHalfUsedForSar0 = False
IsVddaHalfUsedForSar1 = False
Analog Code Generation phase: Elapsed time ==> 0s.154ms
</CYPRESSTAG>
<CYPRESSTAG name="Digital Placement">
<CYPRESSTAG name="Detailed placement messages">
I2076: Total run-time: 0.3 sec.

</CYPRESSTAG>
<CYPRESSTAG name="PLD Packing">
<CYPRESSTAG name="PLD Packing Summary" expanded>

------------------------------------------------------------
PLD Packing Summary
------------------------------------------------------------
            Resource Type : Used : Free :  Max :  % Used
    ====================================================
                     PLDs :    1 :   47 :   48 :   2.08%

<CYPRESSTAG name="PLD Statistics">

        PLD Resource Type :     Average/LAB
    =======================================
                   Inputs :            2.00
                   Pterms :            3.00
               Macrocells :            3.00
</CYPRESSTAG>
<CYPRESSTAG name="Packed PLD Contents">
Packed PLD Contents not displayed at this verbose level.</CYPRESSTAG>
</CYPRESSTAG>
PLD Packing: Elapsed time ==> 0s.000ms
</CYPRESSTAG>
<CYPRESSTAG name="Partitioning">
<CYPRESSTAG name="Initial Partitioning Summary">
Initial Partitioning Summary not displayed at this verbose level.</CYPRESSTAG>
<CYPRESSTAG name="Final Partitioning Summary">
Final Partitioning Summary not displayed at this verbose level.</CYPRESSTAG>
Partitioning: Elapsed time ==> 0s.012ms
</CYPRESSTAG>
<CYPRESSTAG name="Final Placement Summary">

------------------------------------------------------------
Final Placement Summary
------------------------------------------------------------

       Resource Type :      Count : Avg Inputs : Avg Outputs
    ========================================================
                 UDB :          3 :       0.67 :       1.00
<CYPRESSTAG name="Final Placement Details">
<CYPRESSTAG name="Component Details">

------------------------------------------------------------
Component Placement Details
------------------------------------------------------------
UDB [UDB=(0,0)] is empty.
UDB [UDB=(0,1)] is empty.
UDB [UDB=(0,2)] is empty.
UDB [UDB=(0,3)] contents:
synccell: Name =\Sync_Pulse:udbclkenable__SYNC\
    PORT MAP (
        in => Entrada_SyncPulse ,
        out => \Sync_Pulse:udbclkenable__SYNC_OUT\ ,
        clock => Net_210 );
    Properties:
    {
    }
    Clock Polarity: Active High
    Clock Enable: True

UDB [UDB=(0,4)] is empty.
UDB [UDB=(0,5)] is empty.
UDB [UDB=(1,0)] is empty.
UDB [UDB=(1,1)] is empty.
UDB [UDB=(1,2)] is empty.
UDB [UDB=(1,3)] contents:
LAB@[UDB=(1,3)][LB=0] #macrocells=3, #inputs=2, #pterms=3
{
    [McSlotId=0]:     MacroCell: Name=Net_205, Mode=(Combinatorial) @ [UDB=(1,3)][LB=0][MC=0]
        Total # of inputs        : 2
        Total # of product terms : 2
            Clock Enable: True
        Main Equation            : 2 pterms
        (
              !Net_196 * Net_135
            + Net_196 * !Net_135
        );
        Output = Net_205 (fanout=1)
        Properties               : 
        {
        }

    [McSlotId=1]:     MacroCell: Name=Net_135, Mode=(D-Register) @ [UDB=(1,3)][LB=0][MC=1]
        Total # of inputs        : 1
        Total # of product terms : 1
        List of special equations: 
            Clock  = (Net_210) => Global
            Clock Enable: PosEdge(\Sync_Pulse:udbclkenable__SYNC_OUT\)
        Main Equation            : 1 pterm
        (
              Net_196
        );
        Output = Net_135 (fanout=1)
        Properties               : 
        {
        }

    [McSlotId=2]:     MacroCell: Name=__ONE__, Mode=(Combinatorial) @ [UDB=(1,3)][LB=0][MC=2]
        Total # of inputs        : 0
        Total # of product terms : 0
            Clock Enable: True
        Main Equation            : 0 pterms
        !(
            0
        );
        Output = __ONE__ (fanout=1)
        Properties               : 
        {
        }

    [McSlotId=3]: (empty)
}

statuscell: Name =\Status_Reg_1:sts:sts_reg\
    PORT MAP (
        status_0 => Net_205 );
    Properties:
    {
        cy_force_order = 1
        cy_md_select = "00000000"
    }
    Clock Enable: True

controlcell: Name =\CtrlReg_Filtro_Out:Sync:ctrl_reg\
    PORT MAP (
        clock => Net_210 ,
        control_7 => Net_196 ,
        control_6 => \CtrlReg_Filtro_Out:control_6\ ,
        control_5 => \CtrlReg_Filtro_Out:control_5\ ,
        control_4 => \CtrlReg_Filtro_Out:control_4\ ,
        control_3 => \CtrlReg_Filtro_Out:control_3\ ,
        control_2 => \CtrlReg_Filtro_Out:control_2\ ,
        control_1 => \CtrlReg_Filtro_Out:control_1\ ,
        control_0 => \CtrlReg_Filtro_Out:control_0\ ,
        clk_en => \Sync_Pulse:udbclkenable__SYNC_OUT\ );
    Properties:
    {
        cy_ctrl_mode_0 = "11111111"
        cy_ctrl_mode_1 = "00000000"
        cy_ext_reset = 1
        cy_force_order = 1
        cy_init_value = "00000000"
    }
    Clock Polarity: Active High
    Clock Enable: PosEdge(\Sync_Pulse:udbclkenable__SYNC_OUT\)

UDB [UDB=(1,4)] is empty.
UDB [UDB=(1,5)] is empty.
UDB [UDB=(2,0)] is empty.
UDB [UDB=(2,1)] is empty.
UDB [UDB=(2,2)] is empty.
UDB [UDB=(2,3)] is empty.
UDB [UDB=(2,4)] is empty.
UDB [UDB=(2,5)] is empty.
UDB [UDB=(3,0)] contents:
synccell: Name =SCL_1(0)_SYNC
    PORT MAP (
        in => \I2C_1:Net_1109_0\ ,
        out => \I2C_1:Net_1109_0_SYNCOUT\ ,
        clock => ClockBlock_BUS_CLK );
    Properties:
    {
    }
    Clock Polarity: Active High
    Clock Enable: True

synccell: Name =SDA_1(0)_SYNC
    PORT MAP (
        in => \I2C_1:Net_1109_1\ ,
        out => \I2C_1:Net_1109_1_SYNCOUT\ ,
        clock => ClockBlock_BUS_CLK );
    Properties:
    {
    }
    Clock Polarity: Active High
    Clock Enable: True

UDB [UDB=(3,1)] is empty.
UDB [UDB=(3,2)] is empty.
UDB [UDB=(3,3)] is empty.
UDB [UDB=(3,4)] is empty.
UDB [UDB=(3,5)] is empty.
Intr container @ [IntrContainer=(0)]: 
  Intr@ [IntrContainer=(0)][IntrId=(0)] 
    interrupt: Name =isr_dma_done
        PORT MAP (
            interrupt => Net_53 );
        Properties:
        {
            int_type = "10"
            is_nmi = 0
        }
  Intr@ [IntrContainer=(0)][IntrId=(15)] 
    interrupt: Name =\I2C_1:I2C_IRQ\
        PORT MAP (
            interrupt => \I2C_1:Net_697\ );
        Properties:
        {
            int_type = "00"
            is_nmi = 0
        }
  Intr@ [IntrContainer=(0)][IntrId=(29)] 
    interrupt: Name =\ADC_DelSig_1:IRQ\
        PORT MAP (
            interrupt => Net_405 );
        Properties:
        {
            int_type = "10"
            is_nmi = 0
        }
Drq container @ [DrqContainer=(0)]: 
  Dma@ [DrqContainer=(0)][DrqId=(0)] 
    drqcell: Name =DMA_Out
        PORT MAP (
            dmareq => Entrada_SyncPulse ,
            termin => zero ,
            termout => Net_53 );
        Properties:
        {
            drq_type = "00"
            num_tds = 0
        }
  Dma@ [DrqContainer=(0)][DrqId=(1)] 
    drqcell: Name =DMA_a_Comp
        PORT MAP (
            dmareq => Entrada_SyncPulse ,
            termin => zero ,
            termout => Net_325 );
        Properties:
        {
            drq_type = "00"
            num_tds = 0
        }
  Dma@ [DrqContainer=(0)][DrqId=(8)] 
    drqcell: Name =DMA_In
        PORT MAP (
            dmareq => Entrada_SyncPulse ,
            termin => zero ,
            termout => Net_338 );
        Properties:
        {
            drq_type = "00"
            num_tds = 0
        }
Port 0 contains the following IO cells:
[IoId=0]: 
Pin : Name = Pin_Salida_F2(0)
    Attributes:
        In Group/Port: True
        In Sync Option: AUTO
        Out Sync Option: AUTO
        Interrupt generated: False
        Interrupt mode: NONE
        Drive mode: HI_Z_ANALOG
        VTrip: EITHER
        Slew: FAST
        Input Sync needed: False
        Output Sync needed: False
        SC shield enabled: False
        POR State: ANY
        LCD Mode: COMMON
        Register Mode: RegComb
        CaSense Mode: NEITHER
        Treat as pin: True
        Is OE Registered: False
        Uses Analog: True
        Can contain Digital: False
        Is SIO: False
        SIO Output Buf: NONREGULATED
        SIO Input Buf: SINGLE_ENDED
        SIO HiFreq: LOW
        SIO Hyst: DISABLED
        SIO Vtrip: MULTIPLIER_0_5
        SIO Multiplier Index: 0
        SIO RefSel: VCC_IO
        Required Capabilities: ANALOG
        Initial Value: 0
        IO Voltage: 0
    PORT MAP (
        pa_out => Pin_Salida_F2(0)__PA ,
        analog_term => Net_426 ,
        pad => Pin_Salida_F2(0)_PAD );
    Properties:
    {
    }

[IoId=1]: 
Pin : Name = Pin_Salida_F1(0)
    Attributes:
        In Group/Port: True
        In Sync Option: AUTO
        Out Sync Option: AUTO
        Interrupt generated: False
        Interrupt mode: NONE
        Drive mode: HI_Z_ANALOG
        VTrip: EITHER
        Slew: FAST
        Input Sync needed: False
        Output Sync needed: False
        SC shield enabled: False
        POR State: ANY
        LCD Mode: COMMON
        Register Mode: RegComb
        CaSense Mode: NEITHER
        Treat as pin: True
        Is OE Registered: False
        Uses Analog: True
        Can contain Digital: False
        Is SIO: False
        SIO Output Buf: NONREGULATED
        SIO Input Buf: SINGLE_ENDED
        SIO HiFreq: LOW
        SIO Hyst: DISABLED
        SIO Vtrip: MULTIPLIER_0_5
        SIO Multiplier Index: 0
        SIO RefSel: VCC_IO
        Required Capabilities: ANALOG
        Initial Value: 0
        IO Voltage: 0
    PORT MAP (
        pa_out => Pin_Salida_F1(0)__PA ,
        analog_term => Net_425 ,
        pad => Pin_Salida_F1(0)_PAD );
    Properties:
    {
    }

[IoId=2]: 
Pin : Name = Pin_Entrada_F1(0)
    Attributes:
        In Group/Port: True
        In Sync Option: AUTO
        Out Sync Option: AUTO
        Interrupt generated: False
        Interrupt mode: NONE
        Drive mode: HI_Z_ANALOG
        VTrip: EITHER
        Slew: FAST
        Input Sync needed: False
        Output Sync needed: False
        SC shield enabled: False
        POR State: ANY
        LCD Mode: COMMON
        Register Mode: RegComb
        CaSense Mode: NEITHER
        Treat as pin: True
        Is OE Registered: False
        Uses Analog: True
        Can contain Digital: False
        Is SIO: False
        SIO Output Buf: NONREGULATED
        SIO Input Buf: SINGLE_ENDED
        SIO HiFreq: LOW
        SIO Hyst: DISABLED
        SIO Vtrip: MULTIPLIER_0_5
        SIO Multiplier Index: 0
        SIO RefSel: VCC_IO
        Required Capabilities: ANALOG
        Initial Value: 0
        IO Voltage: 0
    PORT MAP (
        pa_out => Pin_Entrada_F1(0)__PA ,
        analog_term => Net_24 ,
        pad => Pin_Entrada_F1(0)_PAD );
    Properties:
    {
    }

[IoId=4]: 
Pin : Name = Pin_Entrada_F2(0)
    Attributes:
        In Group/Port: True
        In Sync Option: AUTO
        Out Sync Option: AUTO
        Interrupt generated: False
        Interrupt mode: NONE
        Drive mode: HI_Z_ANALOG
        VTrip: EITHER
        Slew: FAST
        Input Sync needed: False
        Output Sync needed: False
        SC shield enabled: False
        POR State: ANY
        LCD Mode: COMMON
        Register Mode: RegComb
        CaSense Mode: NEITHER
        Treat as pin: True
        Is OE Registered: False
        Uses Analog: True
        Can contain Digital: False
        Is SIO: False
        SIO Output Buf: NONREGULATED
        SIO Input Buf: SINGLE_ENDED
        SIO HiFreq: LOW
        SIO Hyst: DISABLED
        SIO Vtrip: MULTIPLIER_0_5
        SIO Multiplier Index: 0
        SIO RefSel: VCC_IO
        Required Capabilities: ANALOG
        Initial Value: 0
        IO Voltage: 0
    PORT MAP (
        pa_out => Pin_Entrada_F2(0)__PA ,
        analog_term => Net_6 ,
        pad => Pin_Entrada_F2(0)_PAD );
    Properties:
    {
    }

[IoId=5]: 
Pin : Name = Pin_Salida_PGA(0)
    Attributes:
        In Group/Port: True
        In Sync Option: AUTO
        Out Sync Option: AUTO
        Interrupt generated: False
        Interrupt mode: NONE
        Drive mode: HI_Z_ANALOG
        VTrip: EITHER
        Slew: FAST
        Input Sync needed: False
        Output Sync needed: False
        SC shield enabled: False
        POR State: ANY
        LCD Mode: COMMON
        Register Mode: RegComb
        CaSense Mode: NEITHER
        Treat as pin: True
        Is OE Registered: False
        Uses Analog: True
        Can contain Digital: False
        Is SIO: False
        SIO Output Buf: NONREGULATED
        SIO Input Buf: SINGLE_ENDED
        SIO HiFreq: LOW
        SIO Hyst: DISABLED
        SIO Vtrip: MULTIPLIER_0_5
        SIO Multiplier Index: 0
        SIO RefSel: VCC_IO
        Required Capabilities: ANALOG
        Initial Value: 0
        IO Voltage: 0
    PORT MAP (
        pa_out => Pin_Salida_PGA(0)__PA ,
        analog_term => Net_76 ,
        pad => Pin_Salida_PGA(0)_PAD );
    Properties:
    {
    }

Port 1 contains the following IO cells:
Port 2 contains the following IO cells:
[IoId=5]: 
Pin : Name = BIT3(0)
    Attributes:
        In Group/Port: True
        In Sync Option: NOSYNC
        Out Sync Option: AUTO
        Interrupt generated: False
        Interrupt mode: NONE
        Drive mode: RES_PULL_DOWN
        VTrip: CMOS
        Slew: FAST
        Input Sync needed: False
        Output Sync needed: False
        SC shield enabled: False
        POR State: ANY
        LCD Mode: COMMON
        Register Mode: RegComb
        CaSense Mode: NEITHER
        Treat as pin: True
        Is OE Registered: False
        Uses Analog: False
        Can contain Digital: True
        Is SIO: False
        SIO Output Buf: NONREGULATED
        SIO Input Buf: SINGLE_ENDED
        SIO HiFreq: LOW
        SIO Hyst: DISABLED
        SIO Vtrip: MULTIPLIER_0_5
        SIO Multiplier Index: 0
        SIO RefSel: VCC_IO
        Required Capabilities: DIGITAL
        Initial Value: 0
        IO Voltage: 0
    PORT MAP (
        pa_out => BIT3(0)__PA ,
        pad => BIT3(0)_PAD );
    Properties:
    {
    }

[IoId=6]: 
Pin : Name = BIT2(0)
    Attributes:
        In Group/Port: True
        In Sync Option: NOSYNC
        Out Sync Option: AUTO
        Interrupt generated: False
        Interrupt mode: NONE
        Drive mode: RES_PULL_DOWN
        VTrip: CMOS
        Slew: FAST
        Input Sync needed: False
        Output Sync needed: False
        SC shield enabled: False
        POR State: ANY
        LCD Mode: COMMON
        Register Mode: RegComb
        CaSense Mode: NEITHER
        Treat as pin: True
        Is OE Registered: False
        Uses Analog: False
        Can contain Digital: True
        Is SIO: False
        SIO Output Buf: NONREGULATED
        SIO Input Buf: SINGLE_ENDED
        SIO HiFreq: LOW
        SIO Hyst: DISABLED
        SIO Vtrip: MULTIPLIER_0_5
        SIO Multiplier Index: 0
        SIO RefSel: VCC_IO
        Required Capabilities: DIGITAL
        Initial Value: 0
        IO Voltage: 0
    PORT MAP (
        pa_out => BIT2(0)__PA ,
        pad => BIT2(0)_PAD );
    Properties:
    {
    }

[IoId=7]: 
Pin : Name = BIT1(0)
    Attributes:
        In Group/Port: True
        In Sync Option: NOSYNC
        Out Sync Option: AUTO
        Interrupt generated: False
        Interrupt mode: NONE
        Drive mode: RES_PULL_DOWN
        VTrip: CMOS
        Slew: FAST
        Input Sync needed: False
        Output Sync needed: False
        SC shield enabled: False
        POR State: ANY
        LCD Mode: COMMON
        Register Mode: RegComb
        CaSense Mode: NEITHER
        Treat as pin: True
        Is OE Registered: False
        Uses Analog: False
        Can contain Digital: True
        Is SIO: False
        SIO Output Buf: NONREGULATED
        SIO Input Buf: SINGLE_ENDED
        SIO HiFreq: LOW
        SIO Hyst: DISABLED
        SIO Vtrip: MULTIPLIER_0_5
        SIO Multiplier Index: 0
        SIO RefSel: VCC_IO
        Required Capabilities: DIGITAL
        Initial Value: 0
        IO Voltage: 0
    PORT MAP (
        pa_out => BIT1(0)__PA ,
        pad => BIT1(0)_PAD );
    Properties:
    {
    }

Port 3 contains the following IO cells:
[IoId=5]: 
Pin : Name = Pin_1(0)
    Attributes:
        In Group/Port: True
        In Sync Option: AUTO
        Out Sync Option: AUTO
        Interrupt generated: False
        Interrupt mode: NONE
        Drive mode: HI_Z_ANALOG
        VTrip: EITHER
        Slew: FAST
        Input Sync needed: False
        Output Sync needed: False
        SC shield enabled: False
        POR State: ANY
        LCD Mode: COMMON
        Register Mode: RegComb
        CaSense Mode: NEITHER
        Treat as pin: True
        Is OE Registered: False
        Uses Analog: True
        Can contain Digital: False
        Is SIO: False
        SIO Output Buf: NONREGULATED
        SIO Input Buf: SINGLE_ENDED
        SIO HiFreq: LOW
        SIO Hyst: DISABLED
        SIO Vtrip: MULTIPLIER_0_5
        SIO Multiplier Index: 0
        SIO RefSel: VCC_IO
        Required Capabilities: ANALOG
        Initial Value: 0
        IO Voltage: 0
    PORT MAP (
        pa_out => Pin_1(0)__PA ,
        analog_term => Net_429 ,
        pad => Pin_1(0)_PAD );
    Properties:
    {
    }

[IoId=6]: 
Pin : Name = Vout_1(0)
    Attributes:
        In Group/Port: True
        In Sync Option: AUTO
        Out Sync Option: AUTO
        Interrupt generated: False
        Interrupt mode: NONE
        Drive mode: HI_Z_ANALOG
        VTrip: EITHER
        Slew: FAST
        Input Sync needed: False
        Output Sync needed: False
        SC shield enabled: False
        POR State: ANY
        LCD Mode: COMMON
        Register Mode: RegComb
        CaSense Mode: NEITHER
        Treat as pin: True
        Is OE Registered: False
        Uses Analog: True
        Can contain Digital: False
        Is SIO: False
        SIO Output Buf: NONREGULATED
        SIO Input Buf: SINGLE_ENDED
        SIO HiFreq: LOW
        SIO Hyst: DISABLED
        SIO Vtrip: MULTIPLIER_0_5
        SIO Multiplier Index: 0
        SIO RefSel: VCC_IO
        Required Capabilities: ANALOG
        Initial Value: 0
        IO Voltage: 0
    PORT MAP (
        pa_out => Vout_1(0)__PA ,
        analog_term => Net_428 ,
        pad => Vout_1(0)_PAD );
    Properties:
    {
    }

[IoId=7]: 
Pin : Name = Pin_TierraVirtual(0)
    Attributes:
        In Group/Port: True
        In Sync Option: AUTO
        Out Sync Option: AUTO
        Interrupt generated: False
        Interrupt mode: NONE
        Drive mode: HI_Z_ANALOG
        VTrip: EITHER
        Slew: FAST
        Input Sync needed: False
        Output Sync needed: False
        SC shield enabled: False
        POR State: ANY
        LCD Mode: COMMON
        Register Mode: RegComb
        CaSense Mode: NEITHER
        Treat as pin: True
        Is OE Registered: False
        Uses Analog: True
        Can contain Digital: False
        Is SIO: False
        SIO Output Buf: NONREGULATED
        SIO Input Buf: SINGLE_ENDED
        SIO HiFreq: LOW
        SIO Hyst: DISABLED
        SIO Vtrip: MULTIPLIER_0_5
        SIO Multiplier Index: 0
        SIO RefSel: VCC_IO
        Required Capabilities: ANALOG
        Initial Value: 0
        IO Voltage: 0
    PORT MAP (
        pa_out => Pin_TierraVirtual(0)__PA ,
        analog_term => Net_12 ,
        pad => Pin_TierraVirtual(0)_PAD );
    Properties:
    {
    }

Port 12 contains the following IO cells:
[IoId=0]: 
Pin : Name = SCL_1(0)
    Attributes:
        In Group/Port: True
        In Sync Option: SYNC
        Out Sync Option: NOSYNC
        Interrupt generated: False
        Interrupt mode: NONE
        Drive mode: OPEN_DRAIN_LO
        VTrip: CMOS
        Slew: FAST
        Input Sync needed: False
        Output Sync needed: False
        SC shield enabled: False
        POR State: ANY
        LCD Mode: COMMON
        Register Mode: RegComb
        CaSense Mode: NEITHER
        Treat as pin: True
        Is OE Registered: False
        Uses Analog: False
        Can contain Digital: True
        Is SIO: False
        SIO Output Buf: NONREGULATED
        SIO Input Buf: SINGLE_ENDED
        SIO HiFreq: LOW
        SIO Hyst: DISABLED
        SIO Vtrip: MULTIPLIER_0_5
        SIO Multiplier Index: 0
        SIO RefSel: VCC_IO
        Required Capabilities: DIGITAL, ROUTABLE
        Initial Value: 1
        IO Voltage: 0
    PORT MAP (
        pa_out => SCL_1(0)__PA ,
        fb => \I2C_1:Net_1109_0\ ,
        pin_input => \I2C_1:Net_643_0\ ,
        pad => SCL_1(0)_PAD );
    Properties:
    {
    }

[IoId=1]: 
Pin : Name = SDA_1(0)
    Attributes:
        In Group/Port: True
        In Sync Option: SYNC
        Out Sync Option: NOSYNC
        Interrupt generated: False
        Interrupt mode: NONE
        Drive mode: OPEN_DRAIN_LO
        VTrip: CMOS
        Slew: FAST
        Input Sync needed: False
        Output Sync needed: False
        SC shield enabled: False
        POR State: ANY
        LCD Mode: COMMON
        Register Mode: RegComb
        CaSense Mode: NEITHER
        Treat as pin: True
        Is OE Registered: False
        Uses Analog: False
        Can contain Digital: True
        Is SIO: False
        SIO Output Buf: NONREGULATED
        SIO Input Buf: SINGLE_ENDED
        SIO HiFreq: LOW
        SIO Hyst: DISABLED
        SIO Vtrip: MULTIPLIER_0_5
        SIO Multiplier Index: 0
        SIO RefSel: VCC_IO
        Required Capabilities: DIGITAL, ROUTABLE
        Initial Value: 1
        IO Voltage: 0
    PORT MAP (
        pa_out => SDA_1(0)__PA ,
        fb => \I2C_1:Net_1109_1\ ,
        pin_input => \I2C_1:sda_x_wire\ ,
        pad => SDA_1(0)_PAD );
    Properties:
    {
    }

Port 15 contains the following IO cells:
ARM group 0: empty
CAN group 0: empty
Cache group 0: empty
CapSense group 0: empty
Clock group 0: 
    Clock Block @ F(Clock,0): 
    clockblockcell: Name =ClockBlock
        PORT MAP (
            imo => ClockBlock_IMO ,
            pllout => ClockBlock_PLL_OUT ,
            ilo => ClockBlock_ILO ,
            clk_100k => ClockBlock_100k ,
            clk_1k => ClockBlock_1k ,
            clk_32k => ClockBlock_32k ,
            xtal => ClockBlock_XTAL ,
            clk_32k_xtal => ClockBlock_XTAL_32KHZ ,
            clk_sync => ClockBlock_MASTER_CLK ,
            clk_bus_glb => ClockBlock_BUS_CLK ,
            clk_bus => ClockBlock_BUS_CLK_local ,
            dclk_glb_0 => \ADC_DelSig_1:Net_93\ ,
            dclk_0 => \ADC_DelSig_1:Net_93_local\ ,
            dclk_glb_1 => Net_210 ,
            dclk_1 => Net_210_local ,
            aclk_glb_0 => \ADC_DelSig_1:Net_488\ ,
            aclk_0 => \ADC_DelSig_1:Net_488_local\ ,
            clk_a_dig_glb_0 => \ADC_DelSig_1:Net_488_adig\ ,
            clk_a_dig_0 => \ADC_DelSig_1:Net_488_adig_local\ );
        Properties:
        {
        }
Comparator group 0: empty
DFB group 0: 
    DFB Block @ F(DFB,0): 
    dfbcell: Name =\Filter_1:DFB\
        PORT MAP (
            out_1 => \Filter_1:Net_8\ ,
            out_2 => \Filter_1:Net_9\ ,
            dmareq_1 => Entrada_SyncPulse ,
            dmareq_2 => Net_336 ,
            interrupt => Net_337 );
        Properties:
        {
            cy_registers = ""
        }
DSM group 0: 
    DS Modulator @ F(DSM,0): 
    dsmodcell: Name =\ADC_DelSig_1:DSM\
        PORT MAP (
            aclock => \ADC_DelSig_1:Net_488\ ,
            vplus => Net_76 ,
            vminus => \ADC_DelSig_1:Net_20\ ,
            reset_dec => \ADC_DelSig_1:mod_reset\ ,
            extclk_cp_udb => \ADC_DelSig_1:Net_93_local\ ,
            ext_pin_1 => \ADC_DelSig_1:Net_249\ ,
            ext_pin_2 => \ADC_DelSig_1:Net_257\ ,
            ext_vssa => \ADC_DelSig_1:Net_109\ ,
            qtz_ref => \ADC_DelSig_1:Net_34\ ,
            dec_clock => \ADC_DelSig_1:aclock\ ,
            mod_dat_3 => \ADC_DelSig_1:mod_dat_3\ ,
            mod_dat_2 => \ADC_DelSig_1:mod_dat_2\ ,
            mod_dat_1 => \ADC_DelSig_1:mod_dat_1\ ,
            mod_dat_0 => \ADC_DelSig_1:mod_dat_0\ ,
            dout_udb_7 => \ADC_DelSig_1:Net_245_7\ ,
            dout_udb_6 => \ADC_DelSig_1:Net_245_6\ ,
            dout_udb_5 => \ADC_DelSig_1:Net_245_5\ ,
            dout_udb_4 => \ADC_DelSig_1:Net_245_4\ ,
            dout_udb_3 => \ADC_DelSig_1:Net_245_3\ ,
            dout_udb_2 => \ADC_DelSig_1:Net_245_2\ ,
            dout_udb_1 => \ADC_DelSig_1:Net_245_1\ ,
            dout_udb_0 => \ADC_DelSig_1:Net_245_0\ );
        Properties:
        {
            cy_registers = ""
            resolution = 16
        }
Decimator group 0: 
    Decimator Block @ F(Decimator,0): 
    decimatorcell: Name =\ADC_DelSig_1:DEC\
        PORT MAP (
            aclock => \ADC_DelSig_1:aclock\ ,
            mod_dat_3 => \ADC_DelSig_1:mod_dat_3\ ,
            mod_dat_2 => \ADC_DelSig_1:mod_dat_2\ ,
            mod_dat_1 => \ADC_DelSig_1:mod_dat_1\ ,
            mod_dat_0 => \ADC_DelSig_1:mod_dat_0\ ,
            ext_start => __ONE__ ,
            modrst => \ADC_DelSig_1:mod_reset\ ,
            interrupt => Net_405 );
        Properties:
        {
            cy_registers = ""
        }
EMIF group 0: empty
I2C group 0: 
    I2C Block @ F(I2C,0): 
    i2ccell: Name =\I2C_1:I2C_FF\
        PORT MAP (
            clock => ClockBlock_BUS_CLK ,
            scl_in => \I2C_1:Net_1109_0\ ,
            sda_in => \I2C_1:Net_1109_1\ ,
            scl_out => \I2C_1:Net_643_0\ ,
            sda_out => \I2C_1:sda_x_wire\ ,
            interrupt => \I2C_1:Net_697\ );
        Properties:
        {
            cy_registers = ""
            use_wakeup = 0
        }
LCD group 0: empty
LVD group 0: empty
PICU group 0: empty
PM group 0: empty
SC group 0: 
    SC Block @ F(SC,0): 
    sccell: Name =\PGA_1:SC\
        PORT MAP (
            vref => Net_12 ,
            vin => Net_426 ,
            modout => \PGA_1:Net_41\ ,
            vout => Net_76 );
        Properties:
        {
            cy_registers = ""
        }
SPC group 0: empty
Timer group 0: empty
USB group 0: empty
VIDAC group 0: empty
OpAmp group 0: 
    Opamp Block @ F(OpAmp,0): 
    abufcell: Name =\OpAmp_Filtro1:ABuf\
        PORT MAP (
            vplus => Net_24 ,
            vminus => Net_425 ,
            vout => Net_425 );
        Properties:
        {
            cy_registers = ""
        }
    Opamp Block @ F(OpAmp,1): 
    abufcell: Name =\OpAmp_Acoplador:ABuf\
        PORT MAP (
            vplus => Net_429 ,
            vminus => Net_428 ,
            vout => Net_428 );
        Properties:
        {
            cy_registers = ""
        }
    Opamp Block @ F(OpAmp,2): 
    abufcell: Name =\OpAmp_Filtro2:ABuf\
        PORT MAP (
            vplus => Net_6 ,
            vminus => Net_426 ,
            vout => Net_426 );
        Properties:
        {
            cy_registers = ""
        }
    Opamp Block @ F(OpAmp,3): 
    abufcell: Name =\OpAmp_Vref:ABuf\
        PORT MAP (
            vplus => Net_9 ,
            vminus => Net_12 ,
            vout => Net_12 );
        Properties:
        {
            cy_registers = ""
        }
CsAbuf group 0: empty
Vref group 0: 
    Vref Block @ F(Vref,1): 
    vrefcell: Name =vRef_1
        PORT MAP (
            vout => Net_9 );
        Properties:
        {
            autoenable = 1
            guid = "4720866E-BC14-478d-B8A0-3E44F38CADAC"
            ignoresleep = 0
            name = "Vdda/2"
        }
    Vref Block @ F(Vref,6): 
    vrefcell: Name =\ADC_DelSig_1:vRef_2\
        PORT MAP (
            vout => \ADC_DelSig_1:Net_244\ );
        Properties:
        {
            autoenable = 1
            guid = "15B3DB15-B7B3-4d62-A2DF-25EA392A7161"
            ignoresleep = 0
            name = "Vssa (GND)"
        }
LPF group 0: empty
SAR group 0: empty
ANAIF group 0: empty
PHUB group 0: empty

Blocks not positioned by the digital component placer:
    Amux Block @ <No Location>: 
    amuxcell: Name =\ADC_DelSig_1:AMux\
        PORT MAP (
            muxin_1 => \ADC_DelSig_1:Net_35\ ,
            muxin_0 => \ADC_DelSig_1:Net_244\ ,
            vout => \ADC_DelSig_1:Net_20\ );
        Properties:
        {
            api_type = 0
            connect_mode = 1
            cy_registers = ""
            hw_control = 0
            init_mux_sel = "00"
            muxin_width = 2
            one_active = 0
        }
</CYPRESSTAG>
<CYPRESSTAG name="Port Configuration Details">

------------------------------------------------------------
Port Configuration report
------------------------------------------------------------
     |     |       | Interrupt |                  |                      | 
Port | Pin | Fixed |      Type |       Drive Mode |                 Name | Connections
-----+-----+-------+-----------+------------------+----------------------+-----------------------------------------------
   0 |   0 |     * |      NONE |      HI_Z_ANALOG |     Pin_Salida_F2(0) | Analog(Net_426)
     |   1 |     * |      NONE |      HI_Z_ANALOG |     Pin_Salida_F1(0) | Analog(Net_425)
     |   2 |     * |      NONE |      HI_Z_ANALOG |    Pin_Entrada_F1(0) | Analog(Net_24)
     |   4 |     * |      NONE |      HI_Z_ANALOG |    Pin_Entrada_F2(0) | Analog(Net_6)
     |   5 |     * |      NONE |      HI_Z_ANALOG |    Pin_Salida_PGA(0) | Analog(Net_76)
-----+-----+-------+-----------+------------------+----------------------+-----------------------------------------------
   2 |   5 |     * |      NONE |    RES_PULL_DOWN |              BIT3(0) | 
     |   6 |     * |      NONE |    RES_PULL_DOWN |              BIT2(0) | 
     |   7 |     * |      NONE |    RES_PULL_DOWN |              BIT1(0) | 
-----+-----+-------+-----------+------------------+----------------------+-----------------------------------------------
   3 |   5 |     * |      NONE |      HI_Z_ANALOG |             Pin_1(0) | Analog(Net_429)
     |   6 |     * |      NONE |      HI_Z_ANALOG |            Vout_1(0) | Analog(Net_428)
     |   7 |     * |      NONE |      HI_Z_ANALOG | Pin_TierraVirtual(0) | Analog(Net_12)
-----+-----+-------+-----------+------------------+----------------------+-----------------------------------------------
  12 |   0 |     * |      NONE |    OPEN_DRAIN_LO |             SCL_1(0) | FB(\I2C_1:Net_1109_0\), In(\I2C_1:Net_643_0\)
     |   1 |     * |      NONE |    OPEN_DRAIN_LO |             SDA_1(0) | FB(\I2C_1:Net_1109_1\), In(\I2C_1:sda_x_wire\)
-------------------------------------------------------------------------------------------------------------------------
</CYPRESSTAG>
</CYPRESSTAG>
</CYPRESSTAG>
Digital component placer commit/Report: Elapsed time ==> 0s.013ms
Digital Placement phase: Elapsed time ==> 0s.439ms
</CYPRESSTAG>
<CYPRESSTAG name="Digital Routing">
"E:\Cypress\PSoC Creator\4.4\PSoC Creator\bin/sjrouter.exe" --xml-path "E:\Cypress\PSoC Creator\4.4\PSoC Creator\dev\psoc5/psoc5lp/route_arch-rrg.cydata" --vh2-path "Design01_r.vh2" --pcf-path "Design01.pco" --des-name "Design01" --dsf-path "Design01.dsf" --sdc-path "Design01.sdc" --lib-path "Design01_r.lib"
Routing successful.
Digital Routing phase: Elapsed time ==> 0s.643ms
</CYPRESSTAG>
<CYPRESSTAG name="Bitstream Generation">
Bitstream Generation phase: Elapsed time ==> 0s.105ms
</CYPRESSTAG>
<CYPRESSTAG name="Bitstream Verification">
Bitstream Verification phase: Elapsed time ==> 0s.019ms
</CYPRESSTAG>
<CYPRESSTAG name="Static timing analysis">
Timing report is in Design01_timing.html.
Static timing analysis phase: Elapsed time ==> 0s.132ms
</CYPRESSTAG>
<CYPRESSTAG name="Data reporting">
Data reporting phase: Elapsed time ==> 0s.000ms
</CYPRESSTAG>
<CYPRESSTAG name="Database update...">
Design database save phase: Elapsed time ==> 0s.126ms
</CYPRESSTAG>
cydsfit: Elapsed time ==> 2s.887ms
</CYPRESSTAG>
Fitter phase: Elapsed time ==> 2s.887ms
API generation phase: Elapsed time ==> 1s.664ms
Dependency generation phase: Elapsed time ==> 0s.006ms
Cleanup phase: Elapsed time ==> 0s.000ms
