Archive member included to satisfy reference by file (symbol)

.\CortexM3\ARM_GCC_541\Debug\Design01.a(UART_1.o)
                              .\CortexM3\ARM_GCC_541\Debug\main.o (UART_1_Start)
.\CortexM3\ARM_GCC_541\Debug\Design01.a(UART_1_INT.o)
                              .\CortexM3\ARM_GCC_541\Debug\Design01.a(UART_1.o) (UART_1_TXISR)
.\CortexM3\ARM_GCC_541\Debug\Design01.a(UART_1_IntClock.o)
                              .\CortexM3\ARM_GCC_541\Debug\Design01.a(UART_1.o) (UART_1_IntClock_Start)
.\CortexM3\ARM_GCC_541\Debug\Design01.a(CyDmac.o)
                              .\CortexM3\ARM_GCC_541\Debug\Cm3Start.o (CyDmacConfigure)
.\CortexM3\ARM_GCC_541\Debug\Design01.a(CyLib.o)
                              .\CortexM3\ARM_GCC_541\Debug\Cm3Start.o (CyHalt)
.\CortexM3\ARM_GCC_541\Debug\Design01.a(cyPm.o)
                              .\CortexM3\ARM_GCC_541\Debug\Design01.a(CyLib.o) (CyPmReadStatus)
.\CortexM3\ARM_GCC_541\Debug\Design01.a(isr_rx.o)
                              .\CortexM3\ARM_GCC_541\Debug\main.o (isr_rx_StartEx)
.\CortexM3\ARM_GCC_541\Debug\Design01.a(Chart_1.o)
                              .\CortexM3\ARM_GCC_541\Debug\main.o (Chart_1_Plot)
.\CortexM3\ARM_GCC_541\Debug\Design01.a(Filter_1.o)
                              .\CortexM3\ARM_GCC_541\Debug\main.o (Filter_1_Start)
.\CortexM3\ARM_GCC_541\Debug\Design01.a(Filter_1_PVT.o)
                              .\CortexM3\ARM_GCC_541\Debug\Design01.a(Filter_1.o) (Filter_1_SetInterruptMode)
.\CortexM3\ARM_GCC_541\Debug\Design01.a(Filter_1_RAM_Data.o)
                              .\CortexM3\ARM_GCC_541\Debug\Design01.a(Filter_1.o) (Filter_1_cfsm)
.\CortexM3\ARM_GCC_541\Debug\Design01.a(DMA_In_dma.o)
                              .\CortexM3\ARM_GCC_541\Debug\main.o (DMA_In_DmaInitialize)
.\CortexM3\ARM_GCC_541\Debug\Design01.a(isr_dma_done.o)
                              .\CortexM3\ARM_GCC_541\Debug\main.o (isr_dma_done_StartEx)
.\CortexM3\ARM_GCC_541\Debug\Design01.a(DMA_Out_dma.o)
                              .\CortexM3\ARM_GCC_541\Debug\main.o (DMA_Out_DmaInitialize)
.\CortexM3\ARM_GCC_541\Debug\Design01.a(CyBootAsmGnu.o)
                              .\CortexM3\ARM_GCC_541\Debug\cyfitter_cfg.o (CyDelayCycles)
.\CortexM3\ARM_GCC_541\Debug\Design01.a(CyFlash.o)
                              .\CortexM3\ARM_GCC_541\Debug\Design01.a(cyPm.o) (CyFlash_SetWaitCycles)
.\CortexM3\ARM_GCC_541\Debug\Design01.a(CySpc.o)
                              .\CortexM3\ARM_GCC_541\Debug\Design01.a(CyFlash.o) (CySpcStart)
d:/programas/psoc/psoc creator/4.4/psoc creator/import/gnu/arm/5.4.1/bin/../lib/gcc/arm-none-eabi/5.4.1/armv7-m\libgcc.a(_arm_addsubdf3.o)
                              .\CortexM3\ARM_GCC_541\Debug\Design01.a(Chart_1.o) (__aeabi_f2d)
d:/programas/psoc/psoc creator/4.4/psoc creator/import/gnu/arm/5.4.1/bin/../lib/gcc/arm-none-eabi/5.4.1/armv7-m\libgcc.a(_arm_addsubsf3.o)
                              .\CortexM3\ARM_GCC_541\Debug\main.o (__aeabi_i2f)
d:/programas/psoc/psoc creator/4.4/psoc creator/import/gnu/arm/5.4.1/bin/../lib/gcc/arm-none-eabi/5.4.1/armv7-m\libgcc.a(_arm_muldivsf3.o)
                              .\CortexM3\ARM_GCC_541\Debug\main.o (__aeabi_fmul)
d:/programas/psoc/psoc creator/4.4/psoc creator/import/gnu/arm/5.4.1/bin/../lib/gcc/arm-none-eabi/5.4.1/armv7-m\libgcc.a(_arm_fixsfsi.o)
                              .\CortexM3\ARM_GCC_541\Debug\main.o (__aeabi_f2iz)
d:/programas/psoc/psoc creator/4.4/psoc creator/import/gnu/arm/5.4.1/bin/../lib/gcc/arm-none-eabi/5.4.1/../../../../arm-none-eabi/lib/armv7-m\libg_nano.a(lib_a-errno.o)
                              .\CortexM3\ARM_GCC_541\Debug\Cm3Start.o (__errno)
d:/programas/psoc/psoc creator/4.4/psoc creator/import/gnu/arm/5.4.1/bin/../lib/gcc/arm-none-eabi/5.4.1/../../../../arm-none-eabi/lib/armv7-m\libg_nano.a(lib_a-exit.o)
                              d:/programas/psoc/psoc creator/4.4/psoc creator/import/gnu/arm/5.4.1/bin/../lib/gcc/arm-none-eabi/5.4.1/../../../../arm-none-eabi/lib/armv7-m/crt0.o (exit)
d:/programas/psoc/psoc creator/4.4/psoc creator/import/gnu/arm/5.4.1/bin/../lib/gcc/arm-none-eabi/5.4.1/../../../../arm-none-eabi/lib/armv7-m\libg_nano.a(lib_a-impure.o)
                              d:/programas/psoc/psoc creator/4.4/psoc creator/import/gnu/arm/5.4.1/bin/../lib/gcc/arm-none-eabi/5.4.1/../../../../arm-none-eabi/lib/armv7-m\libg_nano.a(lib_a-exit.o) (_global_impure_ptr)
d:/programas/psoc/psoc creator/4.4/psoc creator/import/gnu/arm/5.4.1/bin/../lib/gcc/arm-none-eabi/5.4.1/../../../../arm-none-eabi/lib/armv7-m\libg_nano.a(lib_a-init.o)
                              d:/programas/psoc/psoc creator/4.4/psoc creator/import/gnu/arm/5.4.1/bin/../lib/gcc/arm-none-eabi/5.4.1/../../../../arm-none-eabi/lib/armv7-m/crt0.o (__libc_init_array)
d:/programas/psoc/psoc creator/4.4/psoc creator/import/gnu/arm/5.4.1/bin/../lib/gcc/arm-none-eabi/5.4.1/../../../../arm-none-eabi/lib/armv7-m\libg_nano.a(lib_a-memcpy-stub.o)
[...]
Memory Configuration

Name             Origin             Length             Attributes
rom              0x00000000         0x00040000         xr
ram              0x1fff8000         0x00010000         xrw
*default*        0x00000000         0xffffffff

Linker script and memory map

LOAD d:/programas/psoc/psoc creator/4.4/psoc creator/import/gnu/arm/5.4.1/bin/../lib/gcc/arm-none-eabi/5.4.1/armv7-m/crti.o
LOAD d:/programas/psoc/psoc creator/4.4/psoc creator/import/gnu/arm/5.4.1/bin/../lib/gcc/arm-none-eabi/5.4.1/armv7-m/crtbegin.o
LOAD d:/programas/psoc/psoc creator/4.4/psoc creator/import/gnu/arm/5.4.1/bin/../lib/gcc/arm-none-eabi/5.4.1/../../../../arm-none-eabi/lib/armv7-m/crt0.o
START GROUP
LOAD .\CortexM3\ARM_GCC_541\Debug\main.o
LOAD .\CortexM3\ARM_GCC_541\Debug\cyfitter_cfg.o
LOAD .\CortexM3\ARM_GCC_541\Debug\cymetadata.o
LOAD .\CortexM3\ARM_GCC_541\Debug\Cm3Start.o
LOAD .\CortexM3\ARM_GCC_541\Debug\Design01.a
LOAD D:\Programas\PSoc\PSoC Creator\4.4\PSoC Creator\psoc\content\cycomponentlibrary\CyComponentLibrary.cylib\CortexM3\ARM_GCC_541\Debug\CyComponentLibrary.a
LOAD d:/programas/psoc/psoc creator/4.4/psoc creator/import/gnu/arm/5.4.1/bin/../lib/gcc/arm-none-eabi/5.4.1/../../../../arm-none-eabi/lib/armv7-m\libm.a
END GROUP
START GROUP
LOAD d:/programas/psoc/psoc creator/4.4/psoc creator/import/gnu/arm/5.4.1/bin/../lib/gcc/arm-none-eabi/5.4.1/armv7-m\libgcc.a
LOAD d:/programas/psoc/psoc creator/4.4/psoc creator/import/gnu/arm/5.4.1/bin/../lib/gcc/arm-none-eabi/5.4.1/../../../../arm-none-eabi/lib/armv7-m\libg_nano.a
LOAD d:/programas/psoc/psoc creator/4.4/psoc creator/import/gnu/arm/5.4.1/bin/../lib/gcc/arm-none-eabi/5.4.1/../../../../arm-none-eabi/lib/armv7-m\libc_nano.a
END GROUP
START GROUP
LOAD d:/programas/psoc/psoc creator/4.4/psoc creator/import/gnu/arm/5.4.1/bin/../lib/gcc/arm-none-eabi/5.4.1/armv7-m\libgcc.a
LOAD d:/programas/psoc/psoc creator/4.4/psoc creator/import/gnu/arm/5.4.1/bin/../lib/gcc/arm-none-eabi/5.4.1/../../../../arm-none-eabi/lib/armv7-m\libc_nano.a
END GROUP
LOAD d:/programas/psoc/psoc creator/4.4/psoc creator/import/gnu/arm/5.4.1/bin/../lib/gcc/arm-none-eabi/5.4.1/armv7-m/crtend.o
LOAD d:/programas/psoc/psoc creator/4.4/psoc creator/import/gnu/arm/5.4.1/bin/../lib/gcc/arm-none-eabi/5.4.1/armv7-m/crtn.o
START GROUP
LOAD d:/programas/psoc/psoc creator/4.4/psoc creator/import/gnu/arm/5.4.1/bin/../lib/gcc/arm-none-eabi/5.4.1/armv7-m\libgcc.a
LOAD d:/programas/psoc/psoc creator/4.4/psoc creator/import/gnu/arm/5.4.1/bin/../lib/gcc/arm-none-eabi/5.4.1/../../../../arm-none-eabi/lib/armv7-m\libc.a
LOAD d:/programas/psoc/psoc creator/4.4/psoc creator/import/gnu/arm/5.4.1/bin/../lib/gcc/arm-none-eabi/5.4.1/../../../../arm-none-eabi/lib/armv7-m\libnosys.a
END GROUP
                0x00000000                CY_APPL_ORIGIN = 0x0
                0x00000100                CY_FLASH_ROW_SIZE = 0x100
                0x00000020                CY_ECC_ROW_SIZE = 0x20
                0x00000000                CY_EE_IN_BTLDR = 0x0
                0x00000000                CY_APPL_LOADABLE = 0x0
                0x00000800                CY_EE_SIZE = 0x800
                0x00000001                CY_APPL_NUM = 0x1
                0x00000001                CY_APPL_MAX = 0x1
                0x00000040                CY_METADATA_SIZE = 0x40
                0x00000000                CY_APPL_LOADABLE = 0x0
                0x00000000                CY_CHECKSUM_EXCLUDE_SIZE = ALIGN (0x0, CY_FLASH_ROW_SIZE)
                [!provide]                PROVIDE (__cy_heap_start, _end)
                0x00000001                PROVIDE (__cy_region_num, ((__cy_regions_end - __cy_regions) / 0x10))
                0x20008000                PROVIDE (__cy_stack, (ORIGIN (ram) + LENGTH (ram)))
                [!provide]                PROVIDE (__cy_heap_end, (__cy_stack - 0x4072))

.cybootloader   0x00000000        0x0
 *(.cybootloader)
                0x00000000                appl1_start = CY_APPL_ORIGIN?CY_APPL_ORIGIN:ALIGN (CY_FLASH_ROW_SIZE)
                0x0001ff00                appl2_start = (appl1_start + ALIGN ((((LENGTH (rom) - appl1_start) - (0x2 * CY_FLASH_ROW_SIZE)) / 0x2), CY_FLASH_ROW_SIZE))
                0x00000000                appl_start = (CY_APPL_NUM == 0x1)?appl1_start:appl2_start
                0x00000000                ecc_offset = ((appl_start / CY_FLASH_ROW_SIZE) * CY_ECC_ROW_SIZE)
                0x00000000                ee_offset = (CY_APPL_LOADABLE && ! (CY_EE_IN_BTLDR))?((CY_EE_SIZE / CY_APPL_MAX) * (CY_APPL_NUM - 0x1)):0x0
                0x00000800                ee_size = (CY_APPL_LOADABLE && ! (CY_EE_IN_BTLDR))?(CY_EE_SIZE / CY_APPL_MAX):CY_EE_SIZE
                [!provide]                PROVIDE (CY_ECC_OFFSET, ecc_offset)

.text           0x00000000     0x3bc0
 CREATE_OBJECT_SYMBOLS
                0x00000000                PROVIDE (__cy_interrupt_vector, RomVectors)
 *(.romvectors)
 .romvectors    0x00000000       0x10 .\CortexM3\ARM_GCC_541\Debug\Cm3Start.o
                0x00000000                RomVectors
                0x00000001                ASSERT ((. != __cy_interrupt_vector), No interrupt vector)
                0x00000001                ASSERT (CY_APPL_ORIGIN?(SIZEOF (.cybootloader) <= CY_APPL_ORIGIN):0x1, Wrong image location)
                0x00000010                PROVIDE (__cy_reset, Reset)
 *(.text.Reset)
 .text.Reset    0x00000010       0x18 .\CortexM3\ARM_GCC_541\Debug\Cm3Start.o
                0x00000010                Reset
                0x00000001                ASSERT ((. != __cy_reset), No reset code)
 *(.dma_init)
                0x00000001                ASSERT ((((appl_start + .) <= 0x10000) || 0x1), DMA Init must be within the first 64k of flash)
 *(.text .text.* .gnu.linkonce.t.*)
 .text          0x00000028       0x5c d:/programas/psoc/psoc creator/4.4/psoc creator/import/gnu/arm/5.4.1/bin/../lib/gcc/arm-none-eabi/5.4.1/armv7-m/crtbegin.o
 .text.DMA_Done_ISR
                0x00000084       0x14 .\CortexM3\ARM_GCC_541\Debug\main.o
                0x00000084                DMA_Done_ISR
 .text.convertToIntFloat
                0x00000098       0x24 .\CortexM3\ARM_GCC_541\Debug\main.o
                0x00000098                convertToIntFloat
 .text.RxIsr    0x000000bc       0x68 .\CortexM3\ARM_GCC_541\Debug\main.o
                0x000000bc                RxIsr
 .text.convertToQ32
                0x00000124       0x28 .\CortexM3\ARM_GCC_541\Debug\main.o
                0x00000124                convertToQ32
 .text.convertFromQ32
                0x0000014c       0x28 .\CortexM3\ARM_GCC_541\Debug\main.o
                0x0000014c                convertFromQ32
 .text.my_Start
                0x00000174        0xc .\CortexM3\ARM_GCC_541\Debug\main.o
                0x00000174                my_Start
 .text.main     0x00000180      0x1c0 .\CortexM3\ARM_GCC_541\Debug\main.o
                0x00000180                main
 .text.CyClockStartupError
                0x00000340        0x4 .\CortexM3\ARM_GCC_541\Debug\cyfitter_cfg.o
 .text.cfg_write_bytes32
                0x00000344       0x34 .\CortexM3\ARM_GCC_541\Debug\cyfitter_cfg.o
 .text.AnalogSetDefault
                0x00000378       0x28 .\CortexM3\ARM_GCC_541\Debug\cyfitter_cfg.o
 .text.ClockSetup
                0x000003a0       0xbc .\CortexM3\ARM_GCC_541\Debug\cyfitter_cfg.o
 .text.CYMEMZERO
                0x0000045c        0xc .\CortexM3\ARM_GCC_541\Debug\cyfitter_cfg.o
 .text.CYCONFIGCPY
                0x00000468        0x8 .\CortexM3\ARM_GCC_541\Debug\cyfitter_cfg.o
 .text.cyfitter_cfg
                0x00000470       0xf8 .\CortexM3\ARM_GCC_541\Debug\cyfitter_cfg.o
                0x00000470                cyfitter_cfg
 .text.IntDefaultHandler
                0x00000568       0x10 .\CortexM3\ARM_GCC_541\Debug\Cm3Start.o
                0x00000568                IntDefaultHandler
 .text._sbrk    0x00000578       0x34 .\CortexM3\ARM_GCC_541\Debug\Cm3Start.o
                0x00000578                _sbrk
 .text.Start_c  0x000005ac       0x4c .\CortexM3\ARM_GCC_541\Debug\Cm3Start.o
                0x000005ac                Start_c
 .text.initialize_psoc
                0x000005f8       0x6c .\CortexM3\ARM_GCC_541\Debug\Cm3Start.o
                0x000005f8                initialize_psoc
 .text.UART_1_Init
                0x00000664       0x40 .\CortexM3\ARM_GCC_541\Debug\Design01.a(UART_1.o)
                0x00000664                UART_1_Init
 .text.UART_1_Enable
                0x000006a4       0x48 .\CortexM3\ARM_GCC_541\Debug\Design01.a(UART_1.o)
                0x000006a4                UART_1_Enable
 .text.UART_1_Start
                0x000006ec       0x1c .\CortexM3\ARM_GCC_541\Debug\Design01.a(UART_1.o)
                0x000006ec                UART_1_Start
 .text.UART_1_ReadRxData
                0x00000708        0xc .\CortexM3\ARM_GCC_541\Debug\Design01.a(UART_1.o)
                0x00000708                UART_1_ReadRxData
 .text.UART_1_GetRxBufferSize
                0x00000714       0x18 .\CortexM3\ARM_GCC_541\Debug\Design01.a(UART_1.o)
                0x00000714                UART_1_GetRxBufferSize
 .text.UART_1_PutChar
                0x0000072c       0x74 .\CortexM3\ARM_GCC_541\Debug\Design01.a(UART_1.o)
                0x0000072c                UART_1_PutChar
 .text.UART_1_PutString
                0x000007a0       0x24 .\CortexM3\ARM_GCC_541\Debug\Design01.a(UART_1.o)
                0x000007a0                UART_1_PutString
 .text.UART_1_TXISR
                0x000007c4       0x58 .\CortexM3\ARM_GCC_541\Debug\Design01.a(UART_1_INT.o)
                0x000007c4                UART_1_TXISR
 .text.UART_1_IntClock_Start
                0x0000081c       0x1c .\CortexM3\ARM_GCC_541\Debug\Design01.a(UART_1_IntClock.o)
                0x0000081c                UART_1_IntClock_Start
 .text.CyDmacConfigure
                0x00000838       0x34 .\CortexM3\ARM_GCC_541\Debug\Design01.a(CyDmac.o)
                0x00000838                CyDmacConfigure
 .text.CyDmaChEnable
                0x0000086c       0x38 .\CortexM3\ARM_GCC_541\Debug\Design01.a(CyDmac.o)
                0x0000086c                CyDmaChEnable
 .text.CyDmaChPriority
                0x000008a4       0x24 .\CortexM3\ARM_GCC_541\Debug\Design01.a(CyDmac.o)
                0x000008a4                CyDmaChPriority
 .text.CyDmaChSetExtendedAddress
                0x000008c8       0x34 .\CortexM3\ARM_GCC_541\Debug\Design01.a(CyDmac.o)
                0x000008c8                CyDmaChSetExtendedAddress
 .text.CyDmaChSetInitialTd
                0x000008fc       0x18 .\CortexM3\ARM_GCC_541\Debug\Design01.a(CyDmac.o)
                0x000008fc                CyDmaChSetInitialTd
 .text.CyDmaChSetRequest
                0x00000914       0x20 .\CortexM3\ARM_GCC_541\Debug\Design01.a(CyDmac.o)
                0x00000914                CyDmaChSetRequest
 .text.CyDmaChSetConfiguration
                0x00000934       0x44 .\CortexM3\ARM_GCC_541\Debug\Design01.a(CyDmac.o)
                0x00000934                CyDmaChSetConfiguration
 .text.CyDmaTdAllocate
                0x00000978       0x34 .\CortexM3\ARM_GCC_541\Debug\Design01.a(CyDmac.o)
                0x00000978                CyDmaTdAllocate
 .text.CyDmaTdSetConfiguration
                0x000009ac       0x28 .\CortexM3\ARM_GCC_541\Debug\Design01.a(CyDmac.o)
                0x000009ac                CyDmaTdSetConfiguration
 .text.CyDmaTdSetAddress
                0x000009d4       0x1c .\CortexM3\ARM_GCC_541\Debug\Design01.a(CyDmac.o)
                0x000009d4                CyDmaTdSetAddress
 .text.CyHalt   0x000009f0        0x4 .\CortexM3\ARM_GCC_541\Debug\Design01.a(CyLib.o)
                0x000009f0                CyHalt
 .text.CyIntSetVector
                0x000009f4       0x28 .\CortexM3\ARM_GCC_541\Debug\Design01.a(CyLib.o)
                0x000009f4                CyIntSetVector
 .text.CyIntSetPriority
                0x00000a1c       0x30 .\CortexM3\ARM_GCC_541\Debug\Design01.a(CyLib.o)
                0x00000a1c                CyIntSetPriority
 .text.isr_rx_SetVector
                0x00000a4c        0xc .\CortexM3\ARM_GCC_541\Debug\Design01.a(isr_rx.o)
                0x00000a4c                isr_rx_SetVector
 .text.isr_rx_SetPriority
                0x00000a58       0x10 .\CortexM3\ARM_GCC_541\Debug\Design01.a(isr_rx.o)
                0x00000a58                isr_rx_SetPriority
 .text.isr_rx_Enable
                0x00000a68        0xc .\CortexM3\ARM_GCC_541\Debug\Design01.a(isr_rx.o)
                0x00000a68                isr_rx_Enable
 .text.isr_rx_Disable
                0x00000a74        0xc .\CortexM3\ARM_GCC_541\Debug\Design01.a(isr_rx.o)
                0x00000a74                isr_rx_Disable
 .text.isr_rx_StartEx
                0x00000a80       0x1c .\CortexM3\ARM_GCC_541\Debug\Design01.a(isr_rx.o)
                0x00000a80                isr_rx_StartEx
 .text.isr_rx_ClearPending
                0x00000a9c        0xc .\CortexM3\ARM_GCC_541\Debug\Design01.a(isr_rx.o)
                0x00000a9c                isr_rx_ClearPending
 .text.Chart_1_Plot
                0x00000aa8       0x24 .\CortexM3\ARM_GCC_541\Debug\Design01.a(Chart_1.o)
                0x00000aa8                Chart_1_Plot
 .text.Filter_1_Init
                0x00000acc       0xcc .\CortexM3\ARM_GCC_541\Debug\Design01.a(Filter_1.o)
                0x00000acc                Filter_1_Init
 .text.Filter_1_Enable
                0x00000b98       0x28 .\CortexM3\ARM_GCC_541\Debug\Design01.a(Filter_1.o)
                0x00000b98                Filter_1_Enable
 .text.Filter_1_Start
                0x00000bc0       0x1c .\CortexM3\ARM_GCC_541\Debug\Design01.a(Filter_1.o)
                0x00000bc0                Filter_1_Start
 .text.Filter_1_SetInterruptMode
                0x00000bdc       0x10 .\CortexM3\ARM_GCC_541\Debug\Design01.a(Filter_1_PVT.o)
                0x00000bdc                Filter_1_SetInterruptMode
 .text.Filter_1_SetDMAMode
                0x00000bec       0x10 .\CortexM3\ARM_GCC_541\Debug\Design01.a(Filter_1_PVT.o)
                0x00000bec                Filter_1_SetDMAMode
 .text.DMA_In_DmaInitialize
                0x00000bfc       0x3c .\CortexM3\ARM_GCC_541\Debug\Design01.a(DMA_In_dma.o)
                0x00000bfc                DMA_In_DmaInitialize
 .text.isr_dma_done_SetVector
                0x00000c38        0xc .\CortexM3\ARM_GCC_541\Debug\Design01.a(isr_dma_done.o)
                0x00000c38                isr_dma_done_SetVector
 .text.isr_dma_done_SetPriority
                0x00000c44       0x10 .\CortexM3\ARM_GCC_541\Debug\Design01.a(isr_dma_done.o)
                0x00000c44                isr_dma_done_SetPriority
 .text.isr_dma_done_Enable
                0x00000c54        0xc .\CortexM3\ARM_GCC_541\Debug\Design01.a(isr_dma_done.o)
                0x00000c54                isr_dma_done_Enable
 .text.isr_dma_done_Disable
                0x00000c60        0xc .\CortexM3\ARM_GCC_541\Debug\Design01.a(isr_dma_done.o)
                0x00000c60                isr_dma_done_Disable
 .text.isr_dma_done_StartEx
                0x00000c6c       0x1c .\CortexM3\ARM_GCC_541\Debug\Design01.a(isr_dma_done.o)
                0x00000c6c                isr_dma_done_StartEx
 .text.isr_dma_done_ClearPending
                0x00000c88        0xc .\CortexM3\ARM_GCC_541\Debug\Design01.a(isr_dma_done.o)
                0x00000c88                isr_dma_done_ClearPending
 .text.DMA_Out_DmaInitialize
                0x00000c94       0x3c .\CortexM3\ARM_GCC_541\Debug\Design01.a(DMA_Out_dma.o)
                0x00000c94                DMA_Out_DmaInitialize
 .text          0x00000cd0       0x20 .\CortexM3\ARM_GCC_541\Debug\Design01.a(CyBootAsmGnu.o)
                0x00000cd0                CyDelayCycles
                0x00000ce0                CyEnterCriticalSection
                0x00000ce8                CyExitCriticalSection
 .text          0x00000cf0      0x370 d:/programas/psoc/psoc creator/4.4/psoc creator/import/gnu/arm/5.4.1/bin/../lib/gcc/arm-none-eabi/5.4.1/armv7-m\libgcc.a(_arm_addsubdf3.o)
                0x00000cf0                __aeabi_drsub
                0x00000cf8                __aeabi_dsub
                0x00000cf8                __subdf3
                0x00000cfc                __aeabi_dadd
                0x00000cfc                __adddf3
                0x00000f74                __floatunsidf
                0x00000f74                __aeabi_ui2d
                0x00000f94                __floatsidf
                0x00000f94                __aeabi_i2d
                0x00000fb8                __aeabi_f2d
                0x00000fb8                __extendsfdf2
                0x00000ff4                __floatundidf
                0x00000ff4                __aeabi_ul2d
                0x00001004                __floatdidf
                0x00001004                __aeabi_l2d
 .text          0x00001060      0x21c d:/programas/psoc/psoc creator/4.4/psoc creator/import/gnu/arm/5.4.1/bin/../lib/gcc/arm-none-eabi/5.4.1/armv7-m\libgcc.a(_arm_addsubsf3.o)
                0x00001060                __aeabi_frsub
                0x00001068                __subsf3
                0x00001068                __aeabi_fsub
                0x0000106c                __aeabi_fadd
                0x0000106c                __addsf3
                0x000011cc                __aeabi_ui2f
                0x000011cc                __floatunsisf
                0x000011d4                __aeabi_i2f
                0x000011d4                __floatsisf
                0x000011f0                __aeabi_ul2f
                0x000011f0                __floatundisf
                0x00001200                __aeabi_l2f
                0x00001200                __floatdisf
 .text          0x0000127c      0x2a0 d:/programas/psoc/psoc creator/4.4/psoc creator/import/gnu/arm/5.4.1/bin/../lib/gcc/arm-none-eabi/5.4.1/armv7-m\libgcc.a(_arm_muldivsf3.o)
                0x0000127c                __mulsf3
                0x0000127c                __aeabi_fmul
                0x000013e4                __aeabi_fdiv
                0x000013e4                __divsf3
 .text          0x0000151c       0x4c d:/programas/psoc/psoc creator/4.4/psoc creator/import/gnu/arm/5.4.1/bin/../lib/gcc/arm-none-eabi/5.4.1/armv7-m\libgcc.a(_arm_fixsfsi.o)
                0x0000151c                __aeabi_f2iz
                0x0000151c                __fixsfsi
 .text.__errno  0x00001568        0xc d:/programas/psoc/psoc creator/4.4/psoc creator/import/gnu/arm/5.4.1/bin/../lib/gcc/arm-none-eabi/5.4.1/../../../../arm-none-eabi/lib/armv7-m\libg_nano.a(lib_a-errno.o)
                0x00001568                __errno
 .text.__libc_init_array
                0x00001574       0x4c d:/programas/psoc/psoc creator/4.4/psoc creator/import/gnu/arm/5.4.1/bin/../lib/gcc/arm-none-eabi/5.4.1/../../../../arm-none-eabi/lib/armv7-m\libg_nano.a(lib_a-init.o)
                0x00001574                __libc_init_array
 .text.memcpy   0x000015c0       0x16 d:/programas/psoc/psoc creator/4.4/psoc creator/import/gnu/arm/5.4.1/bin/../lib/gcc/arm-none-eabi/5.4.1/../../../../arm-none-eabi/lib/armv7-m\libg_nano.a(lib_a-memcpy-stub.o)
                0x000015c0                memcpy
 .text.memset   0x000015d6       0x10 d:/programas/psoc/psoc creator/4.4/psoc creator/import/gnu/arm/5.4.1/bin/../lib/gcc/arm-none-eabi/5.4.1/../../../../arm-none-eabi/lib/armv7-m\libg_nano.a(lib_a-memset.o)
                0x000015d6                memset
 .text.__cvt    0x000015e6       0xc0 d:/programas/psoc/psoc creator/4.4/psoc creator/import/gnu/arm/5.4.1/bin/../lib/gcc/arm-none-eabi/5.4.1/../../../../arm-none-eabi/lib/armv7-m\libg_nano.a(lib_a-nano-vfprintf_float.o)
                0x000015e6                __cvt
 .text.__exponent
                0x000016a6       0x62 d:/programas/psoc/psoc creator/4.4/psoc creator/import/gnu/arm/5.4.1/bin/../lib/gcc/arm-none-eabi/5.4.1/../../../../arm-none-eabi/lib/armv7-m\libg_nano.a(lib_a-nano-vfprintf_float.o)
                0x000016a6                __exponent
 .text._printf_float
                0x00001708      0x488 d:/programas/psoc/psoc creator/4.4/psoc creator/import/gnu/arm/5.4.1/bin/../lib/gcc/arm-none-eabi/5.4.1/../../../../arm-none-eabi/lib/armv7-m\libg_nano.a(lib_a-nano-vfprintf_float.o)
                0x00001708                _printf_float
 .text._printf_common
                0x00001b90       0xec d:/programas/psoc/psoc creator/4.4/psoc creator/import/gnu/arm/5.4.1/bin/../lib/gcc/arm-none-eabi/5.4.1/../../../../arm-none-eabi/lib/armv7-m\libg_nano.a(lib_a-nano-vfprintf_i.o)
                0x00001b90                _printf_common
 .text._printf_i
                0x00001c7c      0x24c d:/programas/psoc/psoc creator/4.4/psoc creator/import/gnu/arm/5.4.1/bin/../lib/gcc/arm-none-eabi/5.4.1/../../../../arm-none-eabi/lib/armv7-m\libg_nano.a(lib_a-nano-vfprintf_i.o)
                0x00001c7c                _printf_i
 .text.sprintf  0x00001ec8       0x48 d:/programas/psoc/psoc creator/4.4/psoc creator/import/gnu/arm/5.4.1/bin/../lib/gcc/arm-none-eabi/5.4.1/../../../../arm-none-eabi/lib/armv7-m\libg_nano.a(lib_a-sprintf.o)
                0x00001ec8                siprintf
                0x00001ec8                sprintf
 .text          0x00001f10       0x10 d:/programas/psoc/psoc creator/4.4/psoc creator/import/gnu/arm/5.4.1/bin/../lib/gcc/arm-none-eabi/5.4.1/../../../../arm-none-eabi/lib/armv7-m\libg_nano.a(lib_a-strlen.o)
                0x00001f10                strlen
 .text.quorem   0x00001f20      0x116 d:/programas/psoc/psoc creator/4.4/psoc creator/import/gnu/arm/5.4.1/bin/../lib/gcc/arm-none-eabi/5.4.1/../../../../arm-none-eabi/lib/armv7-m\libg_nano.a(lib_a-dtoa.o)
 *fill*         0x00002036        0x2 
 .text._dtoa_r  0x00002038      0xb30 d:/programas/psoc/psoc creator/4.4/psoc creator/import/gnu/arm/5.4.1/bin/../lib/gcc/arm-none-eabi/5.4.1/../../../../arm-none-eabi/lib/armv7-m\libg_nano.a(lib_a-dtoa.o)
                0x00002038                _dtoa_r
 .text._localeconv_r
                0x00002b68        0x8 d:/programas/psoc/psoc creator/4.4/psoc creator/import/gnu/arm/5.4.1/bin/../lib/gcc/arm-none-eabi/5.4.1/../../../../arm-none-eabi/lib/armv7-m\libg_nano.a(lib_a-locale.o)
                0x00002b68                _localeconv_r
 .text.malloc   0x00002b70       0x10 d:/programas/psoc/psoc creator/4.4/psoc creator/import/gnu/arm/5.4.1/bin/../lib/gcc/arm-none-eabi/5.4.1/../../../../arm-none-eabi/lib/armv7-m\libg_nano.a(lib_a-malloc.o)
                0x00002b70                malloc
 .text.memchr   0x00002b80       0x1c d:/programas/psoc/psoc creator/4.4/psoc creator/import/gnu/arm/5.4.1/bin/../lib/gcc/arm-none-eabi/5.4.1/../../../../arm-none-eabi/lib/armv7-m\libg_nano.a(lib_a-memchr-stub.o)
                0x00002b80                memchr
 .text._Balloc  0x00002b9c       0x6a d:/programas/psoc/psoc creator/4.4/psoc creator/import/gnu/arm/5.4.1/bin/../lib/gcc/arm-none-eabi/5.4.1/../../../../arm-none-eabi/lib/armv7-m\libg_nano.a(lib_a-mprec.o)
                0x00002b9c                _Balloc
 .text._Bfree   0x00002c06       0x2e d:/programas/psoc/psoc creator/4.4/psoc creator/import/gnu/arm/5.4.1/bin/../lib/gcc/arm-none-eabi/5.4.1/../../../../arm-none-eabi/lib/armv7-m\libg_nano.a(lib_a-mprec.o)
                0x00002c06                _Bfree
 .text.__multadd
                0x00002c34       0x76 d:/programas/psoc/psoc creator/4.4/psoc creator/import/gnu/arm/5.4.1/bin/../lib/gcc/arm-none-eabi/5.4.1/../../../../arm-none-eabi/lib/armv7-m\libg_nano.a(lib_a-mprec.o)
                0x00002c34                __multadd
 .text.__hi0bits
                0x00002caa       0x40 d:/programas/psoc/psoc creator/4.4/psoc creator/import/gnu/arm/5.4.1/bin/../lib/gcc/arm-none-eabi/5.4.1/../../../../arm-none-eabi/lib/armv7-m\libg_nano.a(lib_a-mprec.o)
                0x00002caa                __hi0bits
 .text.__lo0bits
                0x00002cea       0x5a d:/programas/psoc/psoc creator/4.4/psoc creator/import/gnu/arm/5.4.1/bin/../lib/gcc/arm-none-eabi/5.4.1/../../../../arm-none-eabi/lib/armv7-m\libg_nano.a(lib_a-mprec.o)
                0x00002cea                __lo0bits
 .text.__i2b    0x00002d44       0x12 d:/programas/psoc/psoc creator/4.4/psoc creator/import/gnu/arm/5.4.1/bin/../lib/gcc/arm-none-eabi/5.4.1/../../../../arm-none-eabi/lib/armv7-m\libg_nano.a(lib_a-mprec.o)
                0x00002d44                __i2b
 .text.__multiply
                0x00002d56      0x120 d:/programas/psoc/psoc creator/4.4/psoc creator/import/gnu/arm/5.4.1/bin/../lib/gcc/arm-none-eabi/5.4.1/../../../../arm-none-eabi/lib/armv7-m\libg_nano.a(lib_a-mprec.o)
                0x00002d56                __multiply
 *fill*         0x00002e76        0x2 
 .text.__pow5mult
                0x00002e78       0x9c d:/programas/psoc/psoc creator/4.4/psoc creator/import/gnu/arm/5.4.1/bin/../lib/gcc/arm-none-eabi/5.4.1/../../../../arm-none-eabi/lib/armv7-m\libg_nano.a(lib_a-mprec.o)
                0x00002e78                __pow5mult
 .text.__lshift
                0x00002f14       0xa2 d:/programas/psoc/psoc creator/4.4/psoc creator/import/gnu/arm/5.4.1/bin/../lib/gcc/arm-none-eabi/5.4.1/../../../../arm-none-eabi/lib/armv7-m\libg_nano.a(lib_a-mprec.o)
                0x00002f14                __lshift
 .text.__mcmp   0x00002fb6       0x38 d:/programas/psoc/psoc creator/4.4/psoc creator/import/gnu/arm/5.4.1/bin/../lib/gcc/arm-none-eabi/5.4.1/../../../../arm-none-eabi/lib/armv7-m\libg_nano.a(lib_a-mprec.o)
                0x00002fb6                __mcmp
 .text.__mdiff  0x00002fee       0xbe d:/programas/psoc/psoc creator/4.4/psoc creator/import/gnu/arm/5.4.1/bin/../lib/gcc/arm-none-eabi/5.4.1/../../../../arm-none-eabi/lib/armv7-m\libg_nano.a(lib_a-mprec.o)
                0x00002fee                __mdiff
 .text.__d2b    0x000030ac       0x9c d:/programas/psoc/psoc creator/4.4/psoc creator/import/gnu/arm/5.4.1/bin/../lib/gcc/arm-none-eabi/5.4.1/../../../../arm-none-eabi/lib/armv7-m\libg_nano.a(lib_a-mprec.o)
                0x000030ac                __d2b
 .text._calloc_r
                0x00003148       0x1c d:/programas/psoc/psoc creator/4.4/psoc creator/import/gnu/arm/5.4.1/bin/../lib/gcc/arm-none-eabi/5.4.1/../../../../arm-none-eabi/lib/armv7-m\libg_nano.a(lib_a-nano-callocr.o)
                0x00003148                _calloc_r
 .text._free_r  0x00003164       0x98 d:/programas/psoc/psoc creator/4.4/psoc creator/import/gnu/arm/5.4.1/bin/../lib/gcc/arm-none-eabi/5.4.1/../../../../arm-none-eabi/lib/armv7-m\libg_nano.a(lib_a-nano-freer.o)
                0x00003164                _free_r
 .text._malloc_r
                0x000031fc       0xbc d:/programas/psoc/psoc creator/4.4/psoc creator/import/gnu/arm/5.4.1/bin/../lib/gcc/arm-none-eabi/5.4.1/../../../../arm-none-eabi/lib/armv7-m\libg_nano.a(lib_a-nano-mallocr.o)
                0x000031fc                _malloc_r
 .text.__ssputs_r
                0x000032b8       0xb2 d:/programas/psoc/psoc creator/4.4/psoc creator/import/gnu/arm/5.4.1/bin/../lib/gcc/arm-none-eabi/5.4.1/../../../../arm-none-eabi/lib/armv7-m\libg_nano.a(lib_a-nano-svfprintf.o)
                0x000032b8                __ssputs_r
 *fill*         0x0000336a        0x2 
 .text._svfprintf_r
                0x0000336c      0x1e8 d:/programas/psoc/psoc creator/4.4/psoc creator/import/gnu/arm/5.4.1/bin/../lib/gcc/arm-none-eabi/5.4.1/../../../../arm-none-eabi/lib/armv7-m\libg_nano.a(lib_a-nano-svfprintf.o)
                0x0000336c                _svfiprintf_r
                0x0000336c                _svfprintf_r
 .text._sbrk_r  0x00003554       0x20 d:/programas/psoc/psoc creator/4.4/psoc creator/import/gnu/arm/5.4.1/bin/../lib/gcc/arm-none-eabi/5.4.1/../../../../arm-none-eabi/lib/armv7-m\libg_nano.a(lib_a-sbrkr.o)
                0x00003554                _sbrk_r
 .text.memmove  0x00003574       0x36 d:/programas/psoc/psoc creator/4.4/psoc creator/import/gnu/arm/5.4.1/bin/../lib/gcc/arm-none-eabi/5.4.1/../../../../arm-none-eabi/lib/armv7-m\libg_nano.a(lib_a-memmove.o)
                0x00003574                memmove
 .text.__malloc_lock
                0x000035aa        0x2 d:/programas/psoc/psoc creator/4.4/psoc creator/import/gnu/arm/5.4.1/bin/../lib/gcc/arm-none-eabi/5.4.1/../../../../arm-none-eabi/lib/armv7-m\libg_nano.a(lib_a-mlock.o)
                0x000035aa                __malloc_lock
 .text.__malloc_unlock
                0x000035ac        0x2 d:/programas/psoc/psoc creator/4.4/psoc creator/import/gnu/arm/5.4.1/bin/../lib/gcc/arm-none-eabi/5.4.1/../../../../arm-none-eabi/lib/armv7-m\libg_nano.a(lib_a-mlock.o)
                0x000035ac                __malloc_unlock
 .text._realloc_r
                0x000035ae       0x4c d:/programas/psoc/psoc creator/4.4/psoc creator/import/gnu/arm/5.4.1/bin/../lib/gcc/arm-none-eabi/5.4.1/../../../../arm-none-eabi/lib/armv7-m\libg_nano.a(lib_a-nano-reallocr.o)
                0x000035ae                _realloc_r
 .text._malloc_usable_size_r
                0x000035fa       0x14 d:/programas/psoc/psoc creator/4.4/psoc creator/import/gnu/arm/5.4.1/bin/../lib/gcc/arm-none-eabi/5.4.1/../../../../arm-none-eabi/lib/armv7-m\libg_nano.a(lib_a-nano-msizer.o)
                0x000035fa                _malloc_usable_size_r
 *fill*         0x0000360e        0x2 
 .text          0x00003610      0x424 d:/programas/psoc/psoc creator/4.4/psoc creator/import/gnu/arm/5.4.1/bin/../lib/gcc/arm-none-eabi/5.4.1/armv7-m\libgcc.a(_arm_muldivdf3.o)
                0x00003610                __aeabi_dmul
                0x00003610                __muldf3
                0x00003864                __divdf3
                0x00003864                __aeabi_ddiv
 .text          0x00003a34      0x110 d:/programas/psoc/psoc creator/4.4/psoc creator/import/gnu/arm/5.4.1/bin/../lib/gcc/arm-none-eabi/5.4.1/armv7-m\libgcc.a(_arm_cmpdf2.o)
                0x00003a34                __gtdf2
                0x00003a34                __gedf2
                0x00003a3c                __ltdf2
                0x00003a3c                __ledf2
                0x00003a44                __nedf2
                0x00003a44                __eqdf2
                0x00003a44                __cmpdf2
                0x00003ac0                __aeabi_cdrcmple
                0x00003ad0                __aeabi_cdcmpeq
                0x00003ad0                __aeabi_cdcmple
                0x00003ae0                __aeabi_dcmpeq
                0x00003af4                __aeabi_dcmplt
                0x00003b08                __aeabi_dcmple
                0x00003b1c                __aeabi_dcmpge
                0x00003b30                __aeabi_dcmpgt
 .text          0x00003b44       0x2c d:/programas/psoc/psoc creator/4.4/psoc creator/import/gnu/arm/5.4.1/bin/../lib/gcc/arm-none-eabi/5.4.1/armv7-m\libgcc.a(_arm_unorddf2.o)
                0x00003b44                __unorddf2
                0x00003b44                __aeabi_dcmpun
 .text          0x00003b70       0x50 d:/programas/psoc/psoc creator/4.4/psoc creator/import/gnu/arm/5.4.1/bin/../lib/gcc/arm-none-eabi/5.4.1/armv7-m\libgcc.a(_arm_fixdfsi.o)
                0x00003b70                __aeabi_d2iz
                0x00003b70                __fixdfsi
 *(.plt)
 *(.gnu.warning)
 *(.glue_7t)
 .glue_7t       0x00003bc0        0x0 linker stubs
 *(.glue_7)
 .glue_7        0x00003bc0        0x0 linker stubs
 *(.vfp11_veneer)
 .vfp11_veneer  0x00003bc0        0x0 linker stubs
 *(.bootloader)
 *(.ARM.extab* .gnu.linkonce.armextab.*)
 *(.gcc_except_table)

.v4_bx          0x00003bc0        0x0
 .v4_bx         0x00003bc0        0x0 linker stubs

.iplt           0x00003bc0        0x0
 .iplt          0x00003bc0        0x0 d:/programas/psoc/psoc creator/4.4/psoc creator/import/gnu/arm/5.4.1/bin/../lib/gcc/arm-none-eabi/5.4.1/armv7-m/crtbegin.o

.eh_frame_hdr
 *(.eh_frame_hdr)

.eh_frame       0x00003bc0        0x4
 *(.eh_frame)
 .eh_frame      0x00003bc0        0x0 d:/programas/psoc/psoc creator/4.4/psoc creator/import/gnu/arm/5.4.1/bin/../lib/gcc/arm-none-eabi/5.4.1/armv7-m/crtbegin.o
 .eh_frame      0x00003bc0        0x4 d:/programas/psoc/psoc creator/4.4/psoc creator/import/gnu/arm/5.4.1/bin/../lib/gcc/arm-none-eabi/5.4.1/armv7-m/crtend.o
                [!provide]                PROVIDE (__exidx_start, .)

.ARM.exidx
 *(.ARM.exidx* .gnu.linkonce.armexidx.*)
                0x00003bc4                __exidx_end = .

.rodata         0x00003bc8      0x810
 *(.rodata .rodata.* .gnu.linkonce.r.*)
 .rodata        0x00003bc8       0x30 .\CortexM3\ARM_GCC_541\Debug\cyfitter_cfg.o
 .rodata.str1.4
                0x00003bf8        0x8 .\CortexM3\ARM_GCC_541\Debug\Design01.a(Chart_1.o)
                                  0x5 (size before relaxing)
 .rodata        0x00003c00      0x640 .\CortexM3\ARM_GCC_541\Debug\Design01.a(Filter_1_RAM_Data.o)
                0x00003c00                Filter_1_cfsm
                0x00003d00                Filter_1_acu
                0x00003d40                Filter_1_data_b
                0x00003f40                Filter_1_data_a
                0x00004140                Filter_1_control
 .rodata.str1.1
                0x00004240        0x2 d:/programas/psoc/psoc creator/4.4/psoc creator/import/gnu/arm/5.4.1/bin/../lib/gcc/arm-none-eabi/5.4.1/../../../../arm-none-eabi/lib/armv7-m\libg_nano.a(lib_a-impure.o)
 .rodata.str1.1
                0x00004242       0x12 d:/programas/psoc/psoc creator/4.4/psoc creator/import/gnu/arm/5.4.1/bin/../lib/gcc/arm-none-eabi/5.4.1/../../../../arm-none-eabi/lib/armv7-m\libg_nano.a(lib_a-nano-vfprintf_float.o)
 .rodata.str1.1
                0x00004254       0x22 d:/programas/psoc/psoc creator/4.4/psoc creator/import/gnu/arm/5.4.1/bin/../lib/gcc/arm-none-eabi/5.4.1/../../../../arm-none-eabi/lib/armv7-m\libg_nano.a(lib_a-nano-vfprintf_i.o)
 .rodata.str1.1
                0x00004276        0xd d:/programas/psoc/psoc creator/4.4/psoc creator/import/gnu/arm/5.4.1/bin/../lib/gcc/arm-none-eabi/5.4.1/../../../../arm-none-eabi/lib/armv7-m\libg_nano.a(lib_a-dtoa.o)
                                  0xf (size before relaxing)
 .rodata.str1.1
                0x00004283        0x8 d:/programas/psoc/psoc creator/4.4/psoc creator/import/gnu/arm/5.4.1/bin/../lib/gcc/arm-none-eabi/5.4.1/../../../../arm-none-eabi/lib/armv7-m\libg_nano.a(lib_a-locale.o)
                                  0xb (size before relaxing)
 *fill*         0x0000428b        0x5 
 .rodata.__mprec_tens
                0x00004290       0xc8 d:/programas/psoc/psoc creator/4.4/psoc creator/import/gnu/arm/5.4.1/bin/../lib/gcc/arm-none-eabi/5.4.1/../../../../arm-none-eabi/lib/armv7-m\libg_nano.a(lib_a-mprec.o)
                0x00004290                __mprec_tens
 .rodata.p05.5408
                0x00004358        0xc d:/programas/psoc/psoc creator/4.4/psoc creator/import/gnu/arm/5.4.1/bin/../lib/gcc/arm-none-eabi/5.4.1/../../../../arm-none-eabi/lib/armv7-m\libg_nano.a(lib_a-mprec.o)
 *fill*         0x00004364        0x4 
 .rodata.__mprec_bigtens
                0x00004368       0x28 d:/programas/psoc/psoc creator/4.4/psoc creator/import/gnu/arm/5.4.1/bin/../lib/gcc/arm-none-eabi/5.4.1/../../../../arm-none-eabi/lib/armv7-m\libg_nano.a(lib_a-mprec.o)
                0x00004368                __mprec_bigtens
 .rodata.str1.1
                0x00004390       0x11 d:/programas/psoc/psoc creator/4.4/psoc creator/import/gnu/arm/5.4.1/bin/../lib/gcc/arm-none-eabi/5.4.1/../../../../arm-none-eabi/lib/armv7-m\libg_nano.a(lib_a-nano-svfprintf.o)
                0x000043a4                . = ALIGN (0x4)
 *fill*         0x000043a1        0x3 
 *(.init)
 .init          0x000043a4        0x4 d:/programas/psoc/psoc creator/4.4/psoc creator/import/gnu/arm/5.4.1/bin/../lib/gcc/arm-none-eabi/5.4.1/armv7-m/crti.o
                0x000043a4                _init
 .init          0x000043a8        0x8 d:/programas/psoc/psoc creator/4.4/psoc creator/import/gnu/arm/5.4.1/bin/../lib/gcc/arm-none-eabi/5.4.1/armv7-m/crtn.o
                0x000043b0                . = ALIGN (0x4)
                0x000043b0                __preinit_array_start = .
 *(.preinit_array)
                0x000043b0                __preinit_array_end = .
                0x000043b0                . = ALIGN (0x4)
                0x000043b0                __init_array_start = .
 *(SORT(.init_array.*))
 *(.init_array)
 .init_array    0x000043b0        0x4 d:/programas/psoc/psoc creator/4.4/psoc creator/import/gnu/arm/5.4.1/bin/../lib/gcc/arm-none-eabi/5.4.1/armv7-m/crtbegin.o
 .init_array    0x000043b4        0x4 .\CortexM3\ARM_GCC_541\Debug\Cm3Start.o
                0x000043b8                __init_array_end = .
                0x000043b8                . = ALIGN (0x4)
 *(.fini)
 .fini          0x000043b8        0x4 d:/programas/psoc/psoc creator/4.4/psoc creator/import/gnu/arm/5.4.1/bin/../lib/gcc/arm-none-eabi/5.4.1/armv7-m/crti.o
                0x000043b8                _fini
 .fini          0x000043bc        0x8 d:/programas/psoc/psoc creator/4.4/psoc creator/import/gnu/arm/5.4.1/bin/../lib/gcc/arm-none-eabi/5.4.1/armv7-m/crtn.o
                0x000043c4                . = ALIGN (0x4)
                0x000043c4                __fini_array_start = .
 *(.fini_array)
 .fini_array    0x000043c4        0x4 d:/programas/psoc/psoc creator/4.4/psoc creator/import/gnu/arm/5.4.1/bin/../lib/gcc/arm-none-eabi/5.4.1/armv7-m/crtbegin.o
 *(SORT(.fini_array.*))
                0x000043c8                __fini_array_end = .
                0x000043c8                . = ALIGN (0x4)
 *crtbegin.o(.ctors)
 *(EXCLUDE_FILE(*crtend.o) .ctors)
 *(SORT(.ctors.*))
 *crtend.o(.ctors)
                0x000043c8                . = ALIGN (0x4)
 *crtbegin.o(.dtors)
 *(EXCLUDE_FILE(*crtend.o) .dtors)
 *(SORT(.dtors.*))
 *crtend.o(.dtors)
                0x000043c8                . = ALIGN (0x4)
                0x000043c8                __cy_regions = .
                0x000043c8        0x4 LONG 0x43d8 __cy_region_init_ram
                0x000043cc        0x4 LONG 0x1fff80c8 __cy_region_start_data
                0x000043d0        0x4 LONG 0xb0 __cy_region_init_size_ram
                0x000043d4        0x4 LONG 0x4ee0 __cy_region_zero_size_ram
                0x000043d8                __cy_regions_end = .
                0x000043d8                . = ALIGN (0x8)
                0x000043d8                _etext = .

.cy_checksum_exclude
                0x000043d8        0x0
 *(.cy_checksum_exclude)

.ramvectors     0x1fff8000       0xc0
                0x1fff8000                __cy_region_start_ram = .
 *(.ramvectors)
 .ramvectors    0x1fff8000       0xc0 .\CortexM3\ARM_GCC_541\Debug\Cm3Start.o
                0x1fff8000                CyRamVectors

.noinit         0x1fff80c0        0x1
 *(.noinit)
 .noinit        0x1fff80c0        0x1 .\CortexM3\ARM_GCC_541\Debug\Design01.a(CyLib.o)
                0x1fff80c0                CyResetStatus

.data           0x1fff80c8       0xb0 load address 0x000043d8
                0x1fff80c8                __cy_region_start_data = .
 *(.jcr)
 .jcr           0x1fff80c8        0x0 d:/programas/psoc/psoc creator/4.4/psoc creator/import/gnu/arm/5.4.1/bin/../lib/gcc/arm-none-eabi/5.4.1/armv7-m/crtbegin.o
 .jcr           0x1fff80c8        0x4 d:/programas/psoc/psoc creator/4.4/psoc creator/import/gnu/arm/5.4.1/bin/../lib/gcc/arm-none-eabi/5.4.1/armv7-m/crtend.o
 *(.got.plt)
 *(.got)
 *(.shdata)
 *(.data .data.* .gnu.linkonce.d.*)
 .data          0x1fff80cc        0x4 .\CortexM3\ARM_GCC_541\Debug\Cm3Start.o
 .data          0x1fff80d0        0x8 .\CortexM3\ARM_GCC_541\Debug\Design01.a(CyDmac.o)
 .data          0x1fff80d8        0x1 .\CortexM3\ARM_GCC_541\Debug\Design01.a(DMA_In_dma.o)
                0x1fff80d8                DMA_In_DmaHandle
 .data          0x1fff80d9        0x1 .\CortexM3\ARM_GCC_541\Debug\Design01.a(DMA_Out_dma.o)
                0x1fff80d9                DMA_Out_DmaHandle
 *fill*         0x1fff80da        0x2 
 .data.impure_data
                0x1fff80dc       0x60 d:/programas/psoc/psoc creator/4.4/psoc creator/import/gnu/arm/5.4.1/bin/../lib/gcc/arm-none-eabi/5.4.1/../../../../arm-none-eabi/lib/armv7-m\libg_nano.a(lib_a-impure.o)
 .data._impure_ptr
                0x1fff813c        0x4 d:/programas/psoc/psoc creator/4.4/psoc creator/import/gnu/arm/5.4.1/bin/../lib/gcc/arm-none-eabi/5.4.1/../../../../arm-none-eabi/lib/armv7-m\libg_nano.a(lib_a-impure.o)
                0x1fff813c                _impure_ptr
 .data.lconv    0x1fff8140       0x38 d:/programas/psoc/psoc creator/4.4/psoc creator/import/gnu/arm/5.4.1/bin/../lib/gcc/arm-none-eabi/5.4.1/../../../../arm-none-eabi/lib/armv7-m\libg_nano.a(lib_a-locale.o)
                0x1fff8178                . = ALIGN (0x8)
 *(.ram)
                0x1fff8178                _edata = .

.igot.plt       0x1fff8178        0x0 load address 0x00004488
 .igot.plt      0x1fff8178        0x0 d:/programas/psoc/psoc creator/4.4/psoc creator/import/gnu/arm/5.4.1/bin/../lib/gcc/arm-none-eabi/5.4.1/armv7-m/crtbegin.o

.bss            0x1fff8178     0x4ee0 load address 0x00004488
                0x1fff8178                PROVIDE (__bss_start__, .)
 *(.shbss)
 *(.bss .bss.* .gnu.linkonce.b.*)
 .bss           0x1fff8178       0x1c d:/programas/psoc/psoc creator/4.4/psoc creator/import/gnu/arm/5.4.1/bin/../lib/gcc/arm-none-eabi/5.4.1/armv7-m/crtbegin.o
 .bss           0x1fff8194     0x4e24 .\CortexM3\ARM_GCC_541\Debug\main.o
                0x1fff8194                dma_transfer_complete_flag
                0x1fff8195                estado
                0x1fff9138                y_entrada
                0x1fffc018                y_salida
 .bss           0x1fffcfb8        0x4 .\CortexM3\ARM_GCC_541\Debug\Design01.a(UART_1.o)
                0x1fffcfb8                UART_1_initVar
                0x1fffcfb9                UART_1_txBufferRead
                0x1fffcfba                UART_1_txBufferWrite
 .bss           0x1fffcfbc        0x1 .\CortexM3\ARM_GCC_541\Debug\Design01.a(Filter_1.o)
                0x1fffcfbc                Filter_1_initVar
 *fill*         0x1fffcfbd        0x3 
 .bss.__malloc_sbrk_start
                0x1fffcfc0        0x4 d:/programas/psoc/psoc creator/4.4/psoc creator/import/gnu/arm/5.4.1/bin/../lib/gcc/arm-none-eabi/5.4.1/../../../../arm-none-eabi/lib/armv7-m\libg_nano.a(lib_a-nano-mallocr.o)
                0x1fffcfc0                __malloc_sbrk_start
 .bss.__malloc_free_list
                0x1fffcfc4        0x4 d:/programas/psoc/psoc creator/4.4/psoc creator/import/gnu/arm/5.4.1/bin/../lib/gcc/arm-none-eabi/5.4.1/../../../../arm-none-eabi/lib/armv7-m\libg_nano.a(lib_a-nano-mallocr.o)
                0x1fffcfc4                __malloc_free_list
 *(COMMON)
 COMMON         0x1fffcfc8        0x6 .\CortexM3\ARM_GCC_541\Debug\main.o
                0x1fffcfc8                DMA_Out_TD
                0x1fffcfc9                DMA_In_Chan
                0x1fffcfcc                DMA_In_TD
                0x1fffcfcd                DMA_Out_Chan
 *fill*         0x1fffcfce        0x2 
 COMMON         0x1fffcfd0       0x80 .\CortexM3\ARM_GCC_541\Debug\Design01.a(UART_1.o)
                0x1fffcfd0                UART_1_txBuffer
 COMMON         0x1fffd050        0x4 d:/programas/psoc/psoc creator/4.4/psoc creator/import/gnu/arm/5.4.1/bin/../lib/gcc/arm-none-eabi/5.4.1/../../../../arm-none-eabi/lib/armv7-m\libg_nano.a(lib_a-reent.o)
                0x1fffd050                errno
                0x1fffd058                . = ALIGN (0x8)
 *fill*         0x1fffd054        0x4 
 *(.ram.b)
                0x1fffd058                _end = .
                0x1fffd058                __end = .
                0x1fffd058                PROVIDE (end, .)
                0x1fffd058                PROVIDE (__bss_end__, .)
                0x000043d8                __cy_region_init_ram = LOADADDR (.data)
                0x000000b0                __cy_region_init_size_ram = (_edata - ADDR (.data))
                0x00004ee0                __cy_region_zero_size_ram = (_end - _edata)

.heap           0x1fffd058     0x4072 load address 0x00004488
                0x1fffd058                . = _end
                0x200010ca                . = (. + 0x4072)
 *fill*         0x1fffd058     0x4072 
                0x200010ca                __cy_heap_limit = .

.stack          0x20003f8e     0x4072
                0x20003f8e                __cy_stack_limit = .
                0x20008000                . = (. + 0x4072)
 *fill*         0x20003f8e     0x4072 
                0x00000001                ASSERT ((__cy_stack_limit >= __cy_heap_limit), region RAM overflowed with stack)
                0x00000000                cy_checksum_exclude_size = (CY_APPL_LOADABLE == 0x1)?SIZEOF (.cy_checksum_exclude):0x0
                0x00000001                ASSERT ((cy_checksum_exclude_size <= CY_CHECKSUM_EXCLUDE_SIZE), CY_BOOT: Section .cy_checksum_exclude size exceedes specified limit.)

.cyloadermeta
 *(.cyloadermeta)

.cyloadablemeta
 *(.cyloadablemeta)

.cyconfigecc    0x80000000      0x334
 *(.cyconfigecc)
 .cyconfigecc   0x80000000      0x334 .\CortexM3\ARM_GCC_541\Debug\cymetadata.o
                0x80000000                cy_meta_configecc

.cycustnvl      0x90000000        0x4
 *(.cycustnvl)
 .cycustnvl     0x90000000        0x4 .\CortexM3\ARM_GCC_541\Debug\cymetadata.o
                0x90000000                cy_meta_custnvl

.cywolatch      0x90100000        0x4
 *(.cywolatch)
 .cywolatch     0x90100000        0x4 .\CortexM3\ARM_GCC_541\Debug\cymetadata.o
                0x90100000                cy_meta_wonvl

.cyeeprom       0x90200000        0x0
 *(.cyeeprom)
                0x00000001                ASSERT ((. <= ((0x90200000 + ee_offset) + ee_size)), .cyeeprom data will not fit in EEPROM)

.cyflashprotect
                0x90400000      0x100
 *(.cyflashprotect)
 .cyflashprotect
                0x90400000      0x100 .\CortexM3\ARM_GCC_541\Debug\cymetadata.o
                0x90400000                cy_meta_flashprotect

.cymeta         0x90500000        0xc
 *(.cymeta)
 .cymeta        0x90500000        0xc .\CortexM3\ARM_GCC_541\Debug\cymetadata.o
                0x90500000                cy_metadata

.rel.dyn        0x00004488        0x0 load address 0x9050000c
 .rel.iplt      0x00004488        0x0 d:/programas/psoc/psoc creator/4.4/psoc creator/import/gnu/arm/5.4.1/bin/../lib/gcc/arm-none-eabi/5.4.1/armv7-m/crtbegin.o

.stab
 *(.stab)

.stabstr
 *(.stabstr)

.debug
 *(.debug)

.line
 *(.line)

.debug_srcinfo
 *(.debug_srcinfo)

.debug_sfnames
 *(.debug_sfnames)

.debug_aranges  0x00000000      0x9f0
 *(.debug_aranges)
 .debug_aranges
                0x00000000       0x50 .\CortexM3\ARM_GCC_541\Debug\main.o
 .debug_aranges
                0x00000050       0x58 .\CortexM3\ARM_GCC_541\Debug\cyfitter_cfg.o
 .debug_aranges
                0x000000a8       0x18 .\CortexM3\ARM_GCC_541\Debug\cymetadata.o
 .debug_aranges
                0x000000c0       0x48 .\CortexM3\ARM_GCC_541\Debug\Cm3Start.o
 .debug_aranges
                0x00000108       0xf0 .\CortexM3\ARM_GCC_541\Debug\Design01.a(UART_1.o)
 .debug_aranges
                0x000001f8       0x20 .\CortexM3\ARM_GCC_541\Debug\Design01.a(UART_1_INT.o)
 .debug_aranges
                0x00000218       0x70 .\CortexM3\ARM_GCC_541\Debug\Design01.a(UART_1_IntClock.o)
 .debug_aranges
                0x00000288       0xd8 .\CortexM3\ARM_GCC_541\Debug\Design01.a(CyDmac.o)
 .debug_aranges
                0x00000360      0x2a0 .\CortexM3\ARM_GCC_541\Debug\Design01.a(CyLib.o)
 .debug_aranges
                0x00000600       0x98 .\CortexM3\ARM_GCC_541\Debug\Design01.a(cyPm.o)
 .debug_aranges
                0x00000698       0x80 .\CortexM3\ARM_GCC_541\Debug\Design01.a(isr_rx.o)
 .debug_aranges
                0x00000718       0x20 .\CortexM3\ARM_GCC_541\Debug\Design01.a(Chart_1.o)
 .debug_aranges
                0x00000738       0x80 .\CortexM3\ARM_GCC_541\Debug\Design01.a(Filter_1.o)
 .debug_aranges
                0x000007b8       0x28 .\CortexM3\ARM_GCC_541\Debug\Design01.a(Filter_1_PVT.o)
 .debug_aranges
                0x000007e0       0x18 .\CortexM3\ARM_GCC_541\Debug\Design01.a(Filter_1_RAM_Data.o)
 .debug_aranges
                0x000007f8       0x28 .\CortexM3\ARM_GCC_541\Debug\Design01.a(DMA_In_dma.o)
 .debug_aranges
                0x00000820       0x80 .\CortexM3\ARM_GCC_541\Debug\Design01.a(isr_dma_done.o)
 .debug_aranges
                0x000008a0       0x28 .\CortexM3\ARM_GCC_541\Debug\Design01.a(DMA_Out_dma.o)
 .debug_aranges
                0x000008c8       0x20 .\CortexM3\ARM_GCC_541\Debug\Design01.a(CyBootAsmGnu.o)
 .debug_aranges
                0x000008e8       0x88 .\CortexM3\ARM_GCC_541\Debug\Design01.a(CyFlash.o)
 .debug_aranges
                0x00000970       0x80 .\CortexM3\ARM_GCC_541\Debug\Design01.a(CySpc.o)

.debug_pubnames
 *(.debug_pubnames)

.debug_info     0x00000000     0x5fc5
 *(.debug_info .gnu.linkonce.wi.*)
 .debug_info    0x00000000      0x6cc .\CortexM3\ARM_GCC_541\Debug\main.o
 .debug_info    0x000006cc      0x501 .\CortexM3\ARM_GCC_541\Debug\cyfitter_cfg.o
 .debug_info    0x00000bcd      0x135 .\CortexM3\ARM_GCC_541\Debug\cymetadata.o
 .debug_info    0x00000d02      0x3cf .\CortexM3\ARM_GCC_541\Debug\Cm3Start.o
 .debug_info    0x000010d1      0x6d1 .\CortexM3\ARM_GCC_541\Debug\Design01.a(UART_1.o)
 .debug_info    0x000017a2       0xf6 .\CortexM3\ARM_GCC_541\Debug\Design01.a(UART_1_INT.o)
 .debug_info    0x00001898      0x283 .\CortexM3\ARM_GCC_541\Debug\Design01.a(UART_1_IntClock.o)
 .debug_info    0x00001b1b      0x94e .\CortexM3\ARM_GCC_541\Debug\Design01.a(CyDmac.o)
 .debug_info    0x00002469     0x1374 .\CortexM3\ARM_GCC_541\Debug\Design01.a(CyLib.o)
 .debug_info    0x000037dd      0xa2a .\CortexM3\ARM_GCC_541\Debug\Design01.a(cyPm.o)
 .debug_info    0x00004207      0x2d2 .\CortexM3\ARM_GCC_541\Debug\Design01.a(isr_rx.o)
 .debug_info    0x000044d9      0x147 .\CortexM3\ARM_GCC_541\Debug\Design01.a(Chart_1.o)
 .debug_info    0x00004620      0x4b3 .\CortexM3\ARM_GCC_541\Debug\Design01.a(Filter_1.o)
 .debug_info    0x00004ad3       0xf2 .\CortexM3\ARM_GCC_541\Debug\Design01.a(Filter_1_PVT.o)
 .debug_info    0x00004bc5      0x137 .\CortexM3\ARM_GCC_541\Debug\Design01.a(Filter_1_RAM_Data.o)
 .debug_info    0x00004cfc      0x1a7 .\CortexM3\ARM_GCC_541\Debug\Design01.a(DMA_In_dma.o)
 .debug_info    0x00004ea3      0x2d2 .\CortexM3\ARM_GCC_541\Debug\Design01.a(isr_dma_done.o)
 .debug_info    0x00005175      0x1aa .\CortexM3\ARM_GCC_541\Debug\Design01.a(DMA_Out_dma.o)
 .debug_info    0x0000531f      0x109 .\CortexM3\ARM_GCC_541\Debug\Design01.a(CyBootAsmGnu.o)
 .debug_info    0x00005428      0x64d .\CortexM3\ARM_GCC_541\Debug\Design01.a(CyFlash.o)
 .debug_info    0x00005a75      0x550 .\CortexM3\ARM_GCC_541\Debug\Design01.a(CySpc.o)

.debug_abbrev   0x00000000     0x1a18
 *(.debug_abbrev)
 .debug_abbrev  0x00000000      0x1af .\CortexM3\ARM_GCC_541\Debug\main.o
 .debug_abbrev  0x000001af      0x1fe .\CortexM3\ARM_GCC_541\Debug\cyfitter_cfg.o
 .debug_abbrev  0x000003ad       0x66 .\CortexM3\ARM_GCC_541\Debug\cymetadata.o
 .debug_abbrev  0x00000413      0x1e8 .\CortexM3\ARM_GCC_541\Debug\Cm3Start.o
 .debug_abbrev  0x000005fb      0x16f .\CortexM3\ARM_GCC_541\Debug\Design01.a(UART_1.o)
 .debug_abbrev  0x0000076a       0x79 .\CortexM3\ARM_GCC_541\Debug\Design01.a(UART_1_INT.o)
 .debug_abbrev  0x000007e3      0x139 .\CortexM3\ARM_GCC_541\Debug\Design01.a(UART_1_IntClock.o)
 .debug_abbrev  0x0000091c      0x1b2 .\CortexM3\ARM_GCC_541\Debug\Design01.a(CyDmac.o)
 .debug_abbrev  0x00000ace      0x254 .\CortexM3\ARM_GCC_541\Debug\Design01.a(CyLib.o)
 .debug_abbrev  0x00000d22      0x1ab .\CortexM3\ARM_GCC_541\Debug\Design01.a(cyPm.o)
 .debug_abbrev  0x00000ecd      0x173 .\CortexM3\ARM_GCC_541\Debug\Design01.a(isr_rx.o)
 .debug_abbrev  0x00001040       0xdb .\CortexM3\ARM_GCC_541\Debug\Design01.a(Chart_1.o)
 .debug_abbrev  0x0000111b      0x1bc .\CortexM3\ARM_GCC_541\Debug\Design01.a(Filter_1.o)
 .debug_abbrev  0x000012d7       0x7f .\CortexM3\ARM_GCC_541\Debug\Design01.a(Filter_1_PVT.o)
 .debug_abbrev  0x00001356       0x66 .\CortexM3\ARM_GCC_541\Debug\Design01.a(Filter_1_RAM_Data.o)
 .debug_abbrev  0x000013bc       0xcd .\CortexM3\ARM_GCC_541\Debug\Design01.a(DMA_In_dma.o)
 .debug_abbrev  0x00001489      0x173 .\CortexM3\ARM_GCC_541\Debug\Design01.a(isr_dma_done.o)
 .debug_abbrev  0x000015fc       0xcd .\CortexM3\ARM_GCC_541\Debug\Design01.a(DMA_Out_dma.o)
 .debug_abbrev  0x000016c9       0x14 .\CortexM3\ARM_GCC_541\Debug\Design01.a(CyBootAsmGnu.o)
 .debug_abbrev  0x000016dd      0x1a7 .\CortexM3\ARM_GCC_541\Debug\Design01.a(CyFlash.o)
 .debug_abbrev  0x00001884      0x194 .\CortexM3\ARM_GCC_541\Debug\Design01.a(CySpc.o)

.debug_line     0x00000000     0x280c
 *(.debug_line)
 .debug_line    0x00000000      0x33f .\CortexM3\ARM_GCC_541\Debug\main.o
 .debug_line    0x0000033f      0x1ca .\CortexM3\ARM_GCC_541\Debug\cyfitter_cfg.o
 .debug_line    0x00000509      0x127 .\CortexM3\ARM_GCC_541\Debug\cymetadata.o
 .debug_line    0x00000630      0x227 .\CortexM3\ARM_GCC_541\Debug\Cm3Start.o
 .debug_line    0x00000857      0x2fa .\CortexM3\ARM_GCC_541\Debug\Design01.a(UART_1.o)
 .debug_line    0x00000b51       0x81 .\CortexM3\ARM_GCC_541\Debug\Design01.a(UART_1_INT.o)
 .debug_line    0x00000bd2      0x17e .\CortexM3\ARM_GCC_541\Debug\Design01.a(UART_1_IntClock.o)
 .debug_line    0x00000d50      0x2e4 .\CortexM3\ARM_GCC_541\Debug\Design01.a(CyDmac.o)
 .debug_line    0x00001034      0x816 .\CortexM3\ARM_GCC_541\Debug\Design01.a(CyLib.o)
 .debug_line    0x0000184a      0x367 .\CortexM3\ARM_GCC_541\Debug\Design01.a(cyPm.o)
 .debug_line    0x00001bb1      0x133 .\CortexM3\ARM_GCC_541\Debug\Design01.a(isr_rx.o)
 .debug_line    0x00001ce4      0x1c4 .\CortexM3\ARM_GCC_541\Debug\Design01.a(Chart_1.o)
 .debug_line    0x00001ea8      0x176 .\CortexM3\ARM_GCC_541\Debug\Design01.a(Filter_1.o)
 .debug_line    0x0000201e       0x76 .\CortexM3\ARM_GCC_541\Debug\Design01.a(Filter_1_PVT.o)
 .debug_line    0x00002094       0x58 .\CortexM3\ARM_GCC_541\Debug\Design01.a(Filter_1_RAM_Data.o)
 .debug_line    0x000020ec       0x83 .\CortexM3\ARM_GCC_541\Debug\Design01.a(DMA_In_dma.o)
 .debug_line    0x0000216f      0x139 .\CortexM3\ARM_GCC_541\Debug\Design01.a(isr_dma_done.o)
 .debug_line    0x000022a8       0x84 .\CortexM3\ARM_GCC_541\Debug\Design01.a(DMA_Out_dma.o)
 .debug_line    0x0000232c       0x66 .\CortexM3\ARM_GCC_541\Debug\Design01.a(CyBootAsmGnu.o)
 .debug_line    0x00002392      0x21a .\CortexM3\ARM_GCC_541\Debug\Design01.a(CyFlash.o)
 .debug_line    0x000025ac      0x260 .\CortexM3\ARM_GCC_541\Debug\Design01.a(CySpc.o)

.debug_frame    0x00000000     0x206c
 *(.debug_frame)
 .debug_frame   0x00000000      0x104 .\CortexM3\ARM_GCC_541\Debug\main.o
 .debug_frame   0x00000104       0xe4 .\CortexM3\ARM_GCC_541\Debug\cyfitter_cfg.o
 .debug_frame   0x000001e8       0xb8 .\CortexM3\ARM_GCC_541\Debug\Cm3Start.o
 .debug_frame   0x000002a0      0x25c .\CortexM3\ARM_GCC_541\Debug\Design01.a(UART_1.o)
 .debug_frame   0x000004fc       0x20 .\CortexM3\ARM_GCC_541\Debug\Design01.a(UART_1_INT.o)
 .debug_frame   0x0000051c       0xe0 .\CortexM3\ARM_GCC_541\Debug\Design01.a(UART_1_IntClock.o)
 .debug_frame   0x000005fc      0x1f8 .\CortexM3\ARM_GCC_541\Debug\Design01.a(CyDmac.o)
 .debug_frame   0x000007f4      0x738 .\CortexM3\ARM_GCC_541\Debug\Design01.a(CyLib.o)
 .debug_frame   0x00000f2c      0x1f8 .\CortexM3\ARM_GCC_541\Debug\Design01.a(cyPm.o)
 .debug_frame   0x00001124      0x104 .\CortexM3\ARM_GCC_541\Debug\Design01.a(isr_rx.o)
 .debug_frame   0x00001228       0x2c .\CortexM3\ARM_GCC_541\Debug\Design01.a(Chart_1.o)
 .debug_frame   0x00001254      0x104 .\CortexM3\ARM_GCC_541\Debug\Design01.a(Filter_1.o)
 .debug_frame   0x00001358       0x30 .\CortexM3\ARM_GCC_541\Debug\Design01.a(Filter_1_PVT.o)
 .debug_frame   0x00001388       0x54 .\CortexM3\ARM_GCC_541\Debug\Design01.a(DMA_In_dma.o)
 .debug_frame   0x000013dc      0x104 .\CortexM3\ARM_GCC_541\Debug\Design01.a(isr_dma_done.o)
 .debug_frame   0x000014e0       0x54 .\CortexM3\ARM_GCC_541\Debug\Design01.a(DMA_Out_dma.o)
 .debug_frame   0x00001534      0x194 .\CortexM3\ARM_GCC_541\Debug\Design01.a(CyFlash.o)
 .debug_frame   0x000016c8      0x180 .\CortexM3\ARM_GCC_541\Debug\Design01.a(CySpc.o)
 .debug_frame   0x00001848       0x20 d:/programas/psoc/psoc creator/4.4/psoc creator/import/gnu/arm/5.4.1/bin/../lib/gcc/arm-none-eabi/5.4.1/../../../../arm-none-eabi/lib/armv7-m\libg_nano.a(lib_a-errno.o)
 .debug_frame   0x00001868       0x28 d:/programas/psoc/psoc creator/4.4/psoc creator/import/gnu/arm/5.4.1/bin/../lib/gcc/arm-none-eabi/5.4.1/../../../../arm-none-eabi/lib/armv7-m\libg_nano.a(lib_a-exit.o)
 .debug_frame   0x00001890       0x2c d:/programas/psoc/psoc creator/4.4/psoc creator/import/gnu/arm/5.4.1/bin/../lib/gcc/arm-none-eabi/5.4.1/../../../../arm-none-eabi/lib/armv7-m\libg_nano.a(lib_a-init.o)
 .debug_frame   0x000018bc       0x28 d:/programas/psoc/psoc creator/4.4/psoc creator/import/gnu/arm/5.4.1/bin/../lib/gcc/arm-none-eabi/5.4.1/../../../../arm-none-eabi/lib/armv7-m\libg_nano.a(lib_a-memcpy-stub.o)
 .debug_frame   0x000018e4       0x20 d:/programas/psoc/psoc creator/4.4/psoc creator/import/gnu/arm/5.4.1/bin/../lib/gcc/arm-none-eabi/5.4.1/../../../../arm-none-eabi/lib/armv7-m\libg_nano.a(lib_a-memset.o)
 .debug_frame   0x00001904       0x8c d:/programas/psoc/psoc creator/4.4/psoc creator/import/gnu/arm/5.4.1/bin/../lib/gcc/arm-none-eabi/5.4.1/../../../../arm-none-eabi/lib/armv7-m\libg_nano.a(lib_a-nano-vfprintf_float.o)
 .debug_frame   0x00001990       0x60 d:/programas/psoc/psoc creator/4.4/psoc creator/import/gnu/arm/5.4.1/bin/../lib/gcc/arm-none-eabi/5.4.1/../../../../arm-none-eabi/lib/armv7-m\libg_nano.a(lib_a-nano-vfprintf_i.o)
 .debug_frame   0x000019f0       0x70 d:/programas/psoc/psoc creator/4.4/psoc creator/import/gnu/arm/5.4.1/bin/../lib/gcc/arm-none-eabi/5.4.1/../../../../arm-none-eabi/lib/armv7-m\libg_nano.a(lib_a-sprintf.o)
 .debug_frame   0x00001a60       0x6c d:/programas/psoc/psoc creator/4.4/psoc creator/import/gnu/arm/5.4.1/bin/../lib/gcc/arm-none-eabi/5.4.1/../../../../arm-none-eabi/lib/armv7-m\libg_nano.a(lib_a-dtoa.o)
 .debug_frame   0x00001acc       0x98 d:/programas/psoc/psoc creator/4.4/psoc creator/import/gnu/arm/5.4.1/bin/../lib/gcc/arm-none-eabi/5.4.1/../../../../arm-none-eabi/lib/armv7-m\libg_nano.a(lib_a-locale.o)
 .debug_frame   0x00001b64       0x30 d:/programas/psoc/psoc creator/4.4/psoc creator/import/gnu/arm/5.4.1/bin/../lib/gcc/arm-none-eabi/5.4.1/../../../../arm-none-eabi/lib/armv7-m\libg_nano.a(lib_a-malloc.o)
 .debug_frame   0x00001b94       0x28 d:/programas/psoc/psoc creator/4.4/psoc creator/import/gnu/arm/5.4.1/bin/../lib/gcc/arm-none-eabi/5.4.1/../../../../arm-none-eabi/lib/armv7-m\libg_nano.a(lib_a-memchr-stub.o)
 .debug_frame   0x00001bbc      0x234 d:/programas/psoc/psoc creator/4.4/psoc creator/import/gnu/arm/5.4.1/bin/../lib/gcc/arm-none-eabi/5.4.1/../../../../arm-none-eabi/lib/armv7-m\libg_nano.a(lib_a-mprec.o)
 .debug_frame   0x00001df0       0x2c d:/programas/psoc/psoc creator/4.4/psoc creator/import/gnu/arm/5.4.1/bin/../lib/gcc/arm-none-eabi/5.4.1/../../../../arm-none-eabi/lib/armv7-m\libg_nano.a(lib_a-nano-callocr.o)
 .debug_frame   0x00001e1c       0x38 d:/programas/psoc/psoc creator/4.4/psoc creator/import/gnu/arm/5.4.1/bin/../lib/gcc/arm-none-eabi/5.4.1/../../../../arm-none-eabi/lib/armv7-m\libg_nano.a(lib_a-nano-freer.o)
 .debug_frame   0x00001e54       0x2c d:/programas/psoc/psoc creator/4.4/psoc creator/import/gnu/arm/5.4.1/bin/../lib/gcc/arm-none-eabi/5.4.1/../../../../arm-none-eabi/lib/armv7-m\libg_nano.a(lib_a-nano-mallocr.o)
 .debug_frame   0x00001e80       0x90 d:/programas/psoc/psoc creator/4.4/psoc creator/import/gnu/arm/5.4.1/bin/../lib/gcc/arm-none-eabi/5.4.1/../../../../arm-none-eabi/lib/armv7-m\libg_nano.a(lib_a-nano-svfprintf.o)
 .debug_frame   0x00001f10       0x2c d:/programas/psoc/psoc creator/4.4/psoc creator/import/gnu/arm/5.4.1/bin/../lib/gcc/arm-none-eabi/5.4.1/../../../../arm-none-eabi/lib/armv7-m\libg_nano.a(lib_a-sbrkr.o)
 .debug_frame   0x00001f3c       0x20 d:/programas/psoc/psoc creator/4.4/psoc creator/import/gnu/arm/5.4.1/bin/../lib/gcc/arm-none-eabi/5.4.1/../../../../arm-none-eabi/lib/armv7-m\libg_nano.a(lib_a-strcmp.o)
 .debug_frame   0x00001f5c       0x28 d:/programas/psoc/psoc creator/4.4/psoc creator/import/gnu/arm/5.4.1/bin/../lib/gcc/arm-none-eabi/5.4.1/../../../../arm-none-eabi/lib/armv7-m\libg_nano.a(lib_a-memmove.o)
 .debug_frame   0x00001f84       0x30 d:/programas/psoc/psoc creator/4.4/psoc creator/import/gnu/arm/5.4.1/bin/../lib/gcc/arm-none-eabi/5.4.1/../../../../arm-none-eabi/lib/armv7-m\libg_nano.a(lib_a-mlock.o)
 .debug_frame   0x00001fb4       0x3c d:/programas/psoc/psoc creator/4.4/psoc creator/import/gnu/arm/5.4.1/bin/../lib/gcc/arm-none-eabi/5.4.1/../../../../arm-none-eabi/lib/armv7-m\libg_nano.a(lib_a-nano-reallocr.o)
 .debug_frame   0x00001ff0       0x5c d:/programas/psoc/psoc creator/4.4/psoc creator/import/gnu/arm/5.4.1/bin/../lib/gcc/arm-none-eabi/5.4.1/../../../../arm-none-eabi/lib/armv7-m\libg_nano.a(lib_a-reent.o)
 .debug_frame   0x0000204c       0x20 d:/programas/psoc/psoc creator/4.4/psoc creator/import/gnu/arm/5.4.1/bin/../lib/gcc/arm-none-eabi/5.4.1/../../../../arm-none-eabi/lib/armv7-m\libg_nano.a(lib_a-nano-msizer.o)

.debug_str      0x00000000     0x21f2
 *(.debug_str)
 .debug_str     0x00000000      0x434 .\CortexM3\ARM_GCC_541\Debug\main.o
                                0x492 (size before relaxing)
 .debug_str     0x00000434      0x167 .\CortexM3\ARM_GCC_541\Debug\cyfitter_cfg.o
                                0x388 (size before relaxing)
 .debug_str     0x0000059b       0x75 .\CortexM3\ARM_GCC_541\Debug\cymetadata.o
                                0x25d (size before relaxing)
 .debug_str     0x00000610      0x154 .\CortexM3\ARM_GCC_541\Debug\Cm3Start.o
                                0x393 (size before relaxing)
 .debug_str     0x00000764      0x347 .\CortexM3\ARM_GCC_541\Debug\Design01.a(UART_1.o)
                                0x5b3 (size before relaxing)
 .debug_str     0x00000aab       0x31 .\CortexM3\ARM_GCC_541\Debug\Design01.a(UART_1_INT.o)
                                0x269 (size before relaxing)
 .debug_str     0x00000adc      0x19d .\CortexM3\ARM_GCC_541\Debug\Design01.a(UART_1_IntClock.o)
                                0x3c7 (size before relaxing)
 .debug_str     0x00000c79      0x2f1 .\CortexM3\ARM_GCC_541\Debug\Design01.a(CyDmac.o)
                                0x5c3 (size before relaxing)
 .debug_str     0x00000f6a      0x7d9 .\CortexM3\ARM_GCC_541\Debug\Design01.a(CyLib.o)
                                0xac0 (size before relaxing)
 .debug_str     0x00001743      0x365 .\CortexM3\ARM_GCC_541\Debug\Design01.a(cyPm.o)
                                0x7ac (size before relaxing)
 .debug_str     0x00001aa8       0xd1 .\CortexM3\ARM_GCC_541\Debug\Design01.a(isr_rx.o)
                                0x32d (size before relaxing)
 .debug_str     0x00001b79       0x37 .\CortexM3\ARM_GCC_541\Debug\Design01.a(Chart_1.o)
                                0x268 (size before relaxing)
 .debug_str     0x00001bb0      0x19e .\CortexM3\ARM_GCC_541\Debug\Design01.a(Filter_1.o)
                                0x3e1 (size before relaxing)
 .debug_str     0x00001d4e       0x2d .\CortexM3\ARM_GCC_541\Debug\Design01.a(Filter_1_PVT.o)
                                0x25a (size before relaxing)
 .debug_str     0x00001d7b       0x2b .\CortexM3\ARM_GCC_541\Debug\Design01.a(Filter_1_RAM_Data.o)
                                0x271 (size before relaxing)
 .debug_str     0x00001da6       0x82 .\CortexM3\ARM_GCC_541\Debug\Design01.a(DMA_In_dma.o)
                                0x2e9 (size before relaxing)
 .debug_str     0x00001e28      0x119 .\CortexM3\ARM_GCC_541\Debug\Design01.a(isr_dma_done.o)
                                0x381 (size before relaxing)
 .debug_str     0x00001f41       0x4a .\CortexM3\ARM_GCC_541\Debug\Design01.a(DMA_Out_dma.o)
                                0x2ed (size before relaxing)
 .debug_str     0x00001f8b      0x1bb .\CortexM3\ARM_GCC_541\Debug\Design01.a(CyFlash.o)
                                0x439 (size before relaxing)
 .debug_str     0x00002146       0xac .\CortexM3\ARM_GCC_541\Debug\Design01.a(CySpc.o)
                                0x3b1 (size before relaxing)

.debug_loc      0x00000000     0x2ee1
 *(.debug_loc)
 .debug_loc     0x00000000      0x18c .\CortexM3\ARM_GCC_541\Debug\main.o
 .debug_loc     0x0000018c      0x1d7 .\CortexM3\ARM_GCC_541\Debug\cyfitter_cfg.o
 .debug_loc     0x00000363      0x144 .\CortexM3\ARM_GCC_541\Debug\Cm3Start.o
 .debug_loc     0x000004a7      0x276 .\CortexM3\ARM_GCC_541\Debug\Design01.a(UART_1.o)
 .debug_loc     0x0000071d      0x12c .\CortexM3\ARM_GCC_541\Debug\Design01.a(UART_1_IntClock.o)
 .debug_loc     0x00000849      0xb8e .\CortexM3\ARM_GCC_541\Debug\Design01.a(CyDmac.o)
 .debug_loc     0x000013d7      0xa11 .\CortexM3\ARM_GCC_541\Debug\Design01.a(CyLib.o)
 .debug_loc     0x00001de8      0x1e4 .\CortexM3\ARM_GCC_541\Debug\Design01.a(cyPm.o)
 .debug_loc     0x00001fcc       0x56 .\CortexM3\ARM_GCC_541\Debug\Design01.a(isr_rx.o)
 .debug_loc     0x00002022       0x23 .\CortexM3\ARM_GCC_541\Debug\Design01.a(Chart_1.o)
 .debug_loc     0x00002045      0x24b .\CortexM3\ARM_GCC_541\Debug\Design01.a(Filter_1.o)
 .debug_loc     0x00002290       0x3c .\CortexM3\ARM_GCC_541\Debug\Design01.a(Filter_1_PVT.o)
 .debug_loc     0x000022cc       0x84 .\CortexM3\ARM_GCC_541\Debug\Design01.a(DMA_In_dma.o)
 .debug_loc     0x00002350       0x56 .\CortexM3\ARM_GCC_541\Debug\Design01.a(isr_dma_done.o)
 .debug_loc     0x000023a6       0x84 .\CortexM3\ARM_GCC_541\Debug\Design01.a(DMA_Out_dma.o)
 .debug_loc     0x0000242a      0x3b2 .\CortexM3\ARM_GCC_541\Debug\Design01.a(CyFlash.o)
 .debug_loc     0x000027dc      0x705 .\CortexM3\ARM_GCC_541\Debug\Design01.a(CySpc.o)

.debug_macinfo
 *(.debug_macinfo)

.debug_ranges   0x00000000      0x8b0
 *(.debug_ranges)
 .debug_ranges  0x00000000       0x70 .\CortexM3\ARM_GCC_541\Debug\main.o
 .debug_ranges  0x00000070       0x48 .\CortexM3\ARM_GCC_541\Debug\cyfitter_cfg.o
 .debug_ranges  0x000000b8       0x38 .\CortexM3\ARM_GCC_541\Debug\Cm3Start.o
 .debug_ranges  0x000000f0       0xe0 .\CortexM3\ARM_GCC_541\Debug\Design01.a(UART_1.o)
 .debug_ranges  0x000001d0       0x10 .\CortexM3\ARM_GCC_541\Debug\Design01.a(UART_1_INT.o)
 .debug_ranges  0x000001e0       0x60 .\CortexM3\ARM_GCC_541\Debug\Design01.a(UART_1_IntClock.o)
 .debug_ranges  0x00000240       0xc8 .\CortexM3\ARM_GCC_541\Debug\Design01.a(CyDmac.o)
 .debug_ranges  0x00000308      0x290 .\CortexM3\ARM_GCC_541\Debug\Design01.a(CyLib.o)
 .debug_ranges  0x00000598       0x88 .\CortexM3\ARM_GCC_541\Debug\Design01.a(cyPm.o)
 .debug_ranges  0x00000620       0x70 .\CortexM3\ARM_GCC_541\Debug\Design01.a(isr_rx.o)
 .debug_ranges  0x00000690       0x10 .\CortexM3\ARM_GCC_541\Debug\Design01.a(Chart_1.o)
 .debug_ranges  0x000006a0       0x70 .\CortexM3\ARM_GCC_541\Debug\Design01.a(Filter_1.o)
 .debug_ranges  0x00000710       0x18 .\CortexM3\ARM_GCC_541\Debug\Design01.a(Filter_1_PVT.o)
 .debug_ranges  0x00000728       0x18 .\CortexM3\ARM_GCC_541\Debug\Design01.a(DMA_In_dma.o)
 .debug_ranges  0x00000740       0x70 .\CortexM3\ARM_GCC_541\Debug\Design01.a(isr_dma_done.o)
 .debug_ranges  0x000007b0       0x18 .\CortexM3\ARM_GCC_541\Debug\Design01.a(DMA_Out_dma.o)
 .debug_ranges  0x000007c8       0x78 .\CortexM3\ARM_GCC_541\Debug\Design01.a(CyFlash.o)
 .debug_ranges  0x00000840       0x70 .\CortexM3\ARM_GCC_541\Debug\Design01.a(CySpc.o)

.comment        0x00000000       0x6e
 .comment       0x00000000       0x6e .\CortexM3\ARM_GCC_541\Debug\main.o
                                 0x6f (size before relaxing)
 .comment       0x0000006e       0x6f .\CortexM3\ARM_GCC_541\Debug\cyfitter_cfg.o
 .comment       0x0000006e       0x6f .\CortexM3\ARM_GCC_541\Debug\cymetadata.o
 .comment       0x0000006e       0x6f .\CortexM3\ARM_GCC_541\Debug\Cm3Start.o
 .comment       0x0000006e       0x6f .\CortexM3\ARM_GCC_541\Debug\Design01.a(UART_1.o)
 .comment       0x0000006e       0x6f .\CortexM3\ARM_GCC_541\Debug\Design01.a(UART_1_INT.o)
 .comment       0x0000006e       0x6f .\CortexM3\ARM_GCC_541\Debug\Design01.a(UART_1_IntClock.o)
 .comment       0x0000006e       0x6f .\CortexM3\ARM_GCC_541\Debug\Design01.a(CyDmac.o)
 .comment       0x0000006e       0x6f .\CortexM3\ARM_GCC_541\Debug\Design01.a(CyLib.o)
 .comment       0x0000006e       0x6f .\CortexM3\ARM_GCC_541\Debug\Design01.a(cyPm.o)
 .comment       0x0000006e       0x6f .\CortexM3\ARM_GCC_541\Debug\Design01.a(isr_rx.o)
 .comment       0x0000006e       0x6f .\CortexM3\ARM_GCC_541\Debug\Design01.a(Chart_1.o)
 .comment       0x0000006e       0x6f .\CortexM3\ARM_GCC_541\Debug\Design01.a(Filter_1.o)
 .comment       0x0000006e       0x6f .\CortexM3\ARM_GCC_541\Debug\Design01.a(Filter_1_PVT.o)
 .comment       0x0000006e       0x6f .\CortexM3\ARM_GCC_541\Debug\Design01.a(Filter_1_RAM_Data.o)
 .comment       0x0000006e       0x6f .\CortexM3\ARM_GCC_541\Debug\Design01.a(DMA_In_dma.o)
 .comment       0x0000006e       0x6f .\CortexM3\ARM_GCC_541\Debug\Design01.a(isr_dma_done.o)
 .comment       0x0000006e       0x6f .\CortexM3\ARM_GCC_541\Debug\Design01.a(DMA_Out_dma.o)
 .comment       0x0000006e       0x6f .\CortexM3\ARM_GCC_541\Debug\Design01.a(CyFlash.o)
 .comment       0x0000006e       0x6f .\CortexM3\ARM_GCC_541\Debug\Design01.a(CySpc.o)

.debug_weaknames
 *(.debug_weaknames)

.debug_funcnames
 *(.debug_funcnames)

.debug_typenames
 *(.debug_typenames)

.debug_varnames
 *(.debug_varnames)

.note.gnu.arm.ident
 *(.note.gnu.arm.ident)

.ARM.attributes
                0x00000000       0x29
 *(.ARM.attributes)
 .ARM.attributes
                0x00000000       0x1d d:/programas/psoc/psoc creator/4.4/psoc creator/import/gnu/arm/5.4.1/bin/../lib/gcc/arm-none-eabi/5.4.1/armv7-m/crti.o
 .ARM.attributes
                0x0000001d       0x2d d:/programas/psoc/psoc creator/4.4/psoc creator/import/gnu/arm/5.4.1/bin/../lib/gcc/arm-none-eabi/5.4.1/armv7-m/crtbegin.o
 .ARM.attributes
                0x0000004a       0x1b d:/programas/psoc/psoc creator/4.4/psoc creator/import/gnu/arm/5.4.1/bin/../lib/gcc/arm-none-eabi/5.4.1/../../../../arm-none-eabi/lib/armv7-m/crt0.o
 .ARM.attributes
                0x00000065       0x33 .\CortexM3\ARM_GCC_541\Debug\main.o
 .ARM.attributes
                0x00000098       0x33 .\CortexM3\ARM_GCC_541\Debug\cyfitter_cfg.o
 .ARM.attributes
                0x000000cb       0x33 .\CortexM3\ARM_GCC_541\Debug\cymetadata.o
 .ARM.attributes
                0x000000fe       0x33 .\CortexM3\ARM_GCC_541\Debug\Cm3Start.o
 .ARM.attributes
                0x00000131       0x33 .\CortexM3\ARM_GCC_541\Debug\Design01.a(UART_1.o)
 .ARM.attributes
                0x00000164       0x33 .\CortexM3\ARM_GCC_541\Debug\Design01.a(UART_1_INT.o)
 .ARM.attributes
                0x00000197       0x33 .\CortexM3\ARM_GCC_541\Debug\Design01.a(UART_1_IntClock.o)
 .ARM.attributes
                0x000001ca       0x33 .\CortexM3\ARM_GCC_541\Debug\Design01.a(CyDmac.o)
 .ARM.attributes
                0x000001fd       0x33 .\CortexM3\ARM_GCC_541\Debug\Design01.a(CyLib.o)
 .ARM.attributes
                0x00000230       0x33 .\CortexM3\ARM_GCC_541\Debug\Design01.a(cyPm.o)
 .ARM.attributes
                0x00000263       0x33 .\CortexM3\ARM_GCC_541\Debug\Design01.a(isr_rx.o)
 .ARM.attributes
                0x00000296       0x33 .\CortexM3\ARM_GCC_541\Debug\Design01.a(Chart_1.o)
 .ARM.attributes
                0x000002c9       0x33 .\CortexM3\ARM_GCC_541\Debug\Design01.a(Filter_1.o)
 .ARM.attributes
                0x000002fc       0x33 .\CortexM3\ARM_GCC_541\Debug\Design01.a(Filter_1_PVT.o)
 .ARM.attributes
                0x0000032f       0x33 .\CortexM3\ARM_GCC_541\Debug\Design01.a(Filter_1_RAM_Data.o)
 .ARM.attributes
                0x00000362       0x33 .\CortexM3\ARM_GCC_541\Debug\Design01.a(DMA_In_dma.o)
 .ARM.attributes
                0x00000395       0x33 .\CortexM3\ARM_GCC_541\Debug\Design01.a(isr_dma_done.o)
 .ARM.attributes
                0x000003c8       0x33 .\CortexM3\ARM_GCC_541\Debug\Design01.a(DMA_Out_dma.o)
 .ARM.attributes
                0x000003fb       0x21 .\CortexM3\ARM_GCC_541\Debug\Design01.a(CyBootAsmGnu.o)
 .ARM.attributes
                0x0000041c       0x33 .\CortexM3\ARM_GCC_541\Debug\Design01.a(CyFlash.o)
 .ARM.attributes
                0x0000044f       0x33 .\CortexM3\ARM_GCC_541\Debug\Design01.a(CySpc.o)
 .ARM.attributes
                0x00000482       0x1d d:/programas/psoc/psoc creator/4.4/psoc creator/import/gnu/arm/5.4.1/bin/../lib/gcc/arm-none-eabi/5.4.1/armv7-m\libgcc.a(_arm_addsubdf3.o)
 .ARM.attributes
                0x0000049f       0x1d d:/programas/psoc/psoc creator/4.4/psoc creator/import/gnu/arm/5.4.1/bin/../lib/gcc/arm-none-eabi/5.4.1/armv7-m\libgcc.a(_arm_addsubsf3.o)
 .ARM.attributes
                0x000004bc       0x1d d:/programas/psoc/psoc creator/4.4/psoc creator/import/gnu/arm/5.4.1/bin/../lib/gcc/arm-none-eabi/5.4.1/armv7-m\libgcc.a(_arm_muldivsf3.o)
 .ARM.attributes
                0x000004d9       0x1d d:/programas/psoc/psoc creator/4.4/psoc creator/import/gnu/arm/5.4.1/bin/../lib/gcc/arm-none-eabi/5.4.1/armv7-m\libgcc.a(_arm_fixsfsi.o)
 .ARM.attributes
                0x000004f6       0x2d d:/programas/psoc/psoc creator/4.4/psoc creator/import/gnu/arm/5.4.1/bin/../lib/gcc/arm-none-eabi/5.4.1/../../../../arm-none-eabi/lib/armv7-m\libg_nano.a(lib_a-errno.o)
 .ARM.attributes
                0x00000523       0x2d d:/programas/psoc/psoc creator/4.4/psoc creator/import/gnu/arm/5.4.1/bin/../lib/gcc/arm-none-eabi/5.4.1/../../../../arm-none-eabi/lib/armv7-m\libg_nano.a(lib_a-exit.o)
 .ARM.attributes
                0x00000550       0x2d d:/programas/psoc/psoc creator/4.4/psoc creator/import/gnu/arm/5.4.1/bin/../lib/gcc/arm-none-eabi/5.4.1/../../../../arm-none-eabi/lib/armv7-m\libg_nano.a(lib_a-impure.o)
 .ARM.attributes
                0x0000057d       0x2d d:/programas/psoc/psoc creator/4.4/psoc creator/import/gnu/arm/5.4.1/bin/../lib/gcc/arm-none-eabi/5.4.1/../../../../arm-none-eabi/lib/armv7-m\libg_nano.a(lib_a-init.o)
 .ARM.attributes
                0x000005aa       0x2d d:/programas/psoc/psoc creator/4.4/psoc creator/import/gnu/arm/5.4.1/bin/../lib/gcc/arm-none-eabi/5.4.1/../../../../arm-none-eabi/lib/armv7-m\libg_nano.a(lib_a-memcpy-stub.o)
 .ARM.attributes
                0x000005d7       0x2d d:/programas/psoc/psoc creator/4.4/psoc creator/import/gnu/arm/5.4.1/bin/../lib/gcc/arm-none-eabi/5.4.1/../../../../arm-none-eabi/lib/armv7-m\libg_nano.a(lib_a-memset.o)
 .ARM.attributes
                0x00000604       0x2d d:/programas/psoc/psoc creator/4.4/psoc creator/import/gnu/arm/5.4.1/bin/../lib/gcc/arm-none-eabi/5.4.1/../../../../arm-none-eabi/lib/armv7-m\libg_nano.a(lib_a-nano-vfprintf_float.o)
 .ARM.attributes
                0x00000631       0x2d d:/programas/psoc/psoc creator/4.4/psoc creator/import/gnu/arm/5.4.1/bin/../lib/gcc/arm-none-eabi/5.4.1/../../../../arm-none-eabi/lib/armv7-m\libg_nano.a(lib_a-nano-vfprintf_i.o)
 .ARM.attributes
                0x0000065e       0x2d d:/programas/psoc/psoc creator/4.4/psoc creator/import/gnu/arm/5.4.1/bin/../lib/gcc/arm-none-eabi/5.4.1/../../../../arm-none-eabi/lib/armv7-m\libg_nano.a(lib_a-sprintf.o)
 .ARM.attributes
                0x0000068b       0x17 d:/programas/psoc/psoc creator/4.4/psoc creator/import/gnu/arm/5.4.1/bin/../lib/gcc/arm-none-eabi/5.4.1/../../../../arm-none-eabi/lib/armv7-m\libg_nano.a(lib_a-strlen.o)
 .ARM.attributes
                0x000006a2       0x2d d:/programas/psoc/psoc creator/4.4/psoc creator/import/gnu/arm/5.4.1/bin/../lib/gcc/arm-none-eabi/5.4.1/../../../../arm-none-eabi/lib/armv7-m\libg_nano.a(lib_a-dtoa.o)
 .ARM.attributes
                0x000006cf       0x2d d:/programas/psoc/psoc creator/4.4/psoc creator/import/gnu/arm/5.4.1/bin/../lib/gcc/arm-none-eabi/5.4.1/../../../../arm-none-eabi/lib/armv7-m\libg_nano.a(lib_a-locale.o)
 .ARM.attributes
                0x000006fc       0x2d d:/programas/psoc/psoc creator/4.4/psoc creator/import/gnu/arm/5.4.1/bin/../lib/gcc/arm-none-eabi/5.4.1/../../../../arm-none-eabi/lib/armv7-m\libg_nano.a(lib_a-malloc.o)
 .ARM.attributes
                0x00000729       0x2d d:/programas/psoc/psoc creator/4.4/psoc creator/import/gnu/arm/5.4.1/bin/../lib/gcc/arm-none-eabi/5.4.1/../../../../arm-none-eabi/lib/armv7-m\libg_nano.a(lib_a-memchr-stub.o)
 .ARM.attributes
                0x00000756       0x2d d:/programas/psoc/psoc creator/4.4/psoc creator/import/gnu/arm/5.4.1/bin/../lib/gcc/arm-none-eabi/5.4.1/../../../../arm-none-eabi/lib/armv7-m\libg_nano.a(lib_a-mprec.o)
 .ARM.attributes
                0x00000783       0x2d d:/programas/psoc/psoc creator/4.4/psoc creator/import/gnu/arm/5.4.1/bin/../lib/gcc/arm-none-eabi/5.4.1/../../../../arm-none-eabi/lib/armv7-m\libg_nano.a(lib_a-nano-callocr.o)
 .ARM.attributes
                0x000007b0       0x2d d:/programas/psoc/psoc creator/4.4/psoc creator/import/gnu/arm/5.4.1/bin/../lib/gcc/arm-none-eabi/5.4.1/../../../../arm-none-eabi/lib/armv7-m\libg_nano.a(lib_a-nano-freer.o)
 .ARM.attributes
                0x000007dd       0x2d d:/programas/psoc/psoc creator/4.4/psoc creator/import/gnu/arm/5.4.1/bin/../lib/gcc/arm-none-eabi/5.4.1/../../../../arm-none-eabi/lib/armv7-m\libg_nano.a(lib_a-nano-mallocr.o)
 .ARM.attributes
                0x0000080a       0x2d d:/programas/psoc/psoc creator/4.4/psoc creator/import/gnu/arm/5.4.1/bin/../lib/gcc/arm-none-eabi/5.4.1/../../../../arm-none-eabi/lib/armv7-m\libg_nano.a(lib_a-nano-svfprintf.o)
 .ARM.attributes
                0x00000837       0x2d d:/programas/psoc/psoc creator/4.4/psoc creator/import/gnu/arm/5.4.1/bin/../lib/gcc/arm-none-eabi/5.4.1/../../../../arm-none-eabi/lib/armv7-m\libg_nano.a(lib_a-sbrkr.o)
 .ARM.attributes
                0x00000864       0x1b d:/programas/psoc/psoc creator/4.4/psoc creator/import/gnu/arm/5.4.1/bin/../lib/gcc/arm-none-eabi/5.4.1/../../../../arm-none-eabi/lib/armv7-m\libg_nano.a(lib_a-strcmp.o)
 .ARM.attributes
                0x0000087f       0x2d d:/programas/psoc/psoc creator/4.4/psoc creator/import/gnu/arm/5.4.1/bin/../lib/gcc/arm-none-eabi/5.4.1/../../../../arm-none-eabi/lib/armv7-m\libg_nano.a(lib_a-memmove.o)
 .ARM.attributes
                0x000008ac       0x2d d:/programas/psoc/psoc creator/4.4/psoc creator/import/gnu/arm/5.4.1/bin/../lib/gcc/arm-none-eabi/5.4.1/../../../../arm-none-eabi/lib/armv7-m\libg_nano.a(lib_a-mlock.o)
 .ARM.attributes
                0x000008d9       0x2d d:/programas/psoc/psoc creator/4.4/psoc creator/import/gnu/arm/5.4.1/bin/../lib/gcc/arm-none-eabi/5.4.1/../../../../arm-none-eabi/lib/armv7-m\libg_nano.a(lib_a-nano-reallocr.o)
 .ARM.attributes
                0x00000906       0x2d d:/programas/psoc/psoc creator/4.4/psoc creator/import/gnu/arm/5.4.1/bin/../lib/gcc/arm-none-eabi/5.4.1/../../../../arm-none-eabi/lib/armv7-m\libg_nano.a(lib_a-reent.o)
 .ARM.attributes
                0x00000933       0x2d d:/programas/psoc/psoc creator/4.4/psoc creator/import/gnu/arm/5.4.1/bin/../lib/gcc/arm-none-eabi/5.4.1/../../../../arm-none-eabi/lib/armv7-m\libg_nano.a(lib_a-nano-msizer.o)
 .ARM.attributes
                0x00000960       0x1d d:/programas/psoc/psoc creator/4.4/psoc creator/import/gnu/arm/5.4.1/bin/../lib/gcc/arm-none-eabi/5.4.1/armv7-m\libgcc.a(_arm_muldivdf3.o)
 .ARM.attributes
                0x0000097d       0x1d d:/programas/psoc/psoc creator/4.4/psoc creator/import/gnu/arm/5.4.1/bin/../lib/gcc/arm-none-eabi/5.4.1/armv7-m\libgcc.a(_arm_cmpdf2.o)
 .ARM.attributes
                0x0000099a       0x1d d:/programas/psoc/psoc creator/4.4/psoc creator/import/gnu/arm/5.4.1/bin/../lib/gcc/arm-none-eabi/5.4.1/armv7-m\libgcc.a(_arm_unorddf2.o)
 .ARM.attributes
                0x000009b7       0x1d d:/programas/psoc/psoc creator/4.4/psoc creator/import/gnu/arm/5.4.1/bin/../lib/gcc/arm-none-eabi/5.4.1/armv7-m\libgcc.a(_arm_fixdfsi.o)
 .ARM.attributes
                0x000009d4       0x2d d:/programas/psoc/psoc creator/4.4/psoc creator/import/gnu/arm/5.4.1/bin/../lib/gcc/arm-none-eabi/5.4.1/armv7-m/crtend.o
 .ARM.attributes
                0x00000a01       0x1d d:/programas/psoc/psoc creator/4.4/psoc creator/import/gnu/arm/5.4.1/bin/../lib/gcc/arm-none-eabi/5.4.1/armv7-m/crtn.o

/DISCARD/
 *(.note.GNU-stack)
OUTPUT(C:\Users\tobia\Downloads\ProyectoPDS solo matlab-20251102T203416Z-1-001\ProyectoPDS solo matlab-20251102T203416Z-1-001\ProyectoPDS solo matlab\lab5-fiuna-filtros_sencillos\Design01.cydsn\CortexM3\ARM_GCC_541\Debug\Design01.elf elf32-littlearm)
